Archive member included to satisfy reference by file (symbol)

c:/ac6/systemworkbench/plugins/fr.ac6.mcu.externaltools.arm-none.win32_1.17.0.201812190825/tools/compiler/bin/../lib/gcc/arm-none-eabi/7.3.1/../../../../arm-none-eabi/lib/thumb/v7e-m/fpv4-sp/hard\libc.a(lib_a-exit.o)
                              c:/ac6/systemworkbench/plugins/fr.ac6.mcu.externaltools.arm-none.win32_1.17.0.201812190825/tools/compiler/bin/../lib/gcc/arm-none-eabi/7.3.1/../../../../arm-none-eabi/lib/thumb/v7e-m/fpv4-sp/hard/rdimon-crt0.o (exit)
c:/ac6/systemworkbench/plugins/fr.ac6.mcu.externaltools.arm-none.win32_1.17.0.201812190825/tools/compiler/bin/../lib/gcc/arm-none-eabi/7.3.1/../../../../arm-none-eabi/lib/thumb/v7e-m/fpv4-sp/hard\libc.a(lib_a-impure.o)
                              c:/ac6/systemworkbench/plugins/fr.ac6.mcu.externaltools.arm-none.win32_1.17.0.201812190825/tools/compiler/bin/../lib/gcc/arm-none-eabi/7.3.1/../../../../arm-none-eabi/lib/thumb/v7e-m/fpv4-sp/hard\libc.a(lib_a-exit.o) (_global_impure_ptr)
c:/ac6/systemworkbench/plugins/fr.ac6.mcu.externaltools.arm-none.win32_1.17.0.201812190825/tools/compiler/bin/../lib/gcc/arm-none-eabi/7.3.1/../../../../arm-none-eabi/lib/thumb/v7e-m/fpv4-sp/hard\libc.a(lib_a-init.o)
                              c:/ac6/systemworkbench/plugins/fr.ac6.mcu.externaltools.arm-none.win32_1.17.0.201812190825/tools/compiler/bin/../lib/gcc/arm-none-eabi/7.3.1/../../../../arm-none-eabi/lib/thumb/v7e-m/fpv4-sp/hard/rdimon-crt0.o (__libc_init_array)
c:/ac6/systemworkbench/plugins/fr.ac6.mcu.externaltools.arm-none.win32_1.17.0.201812190825/tools/compiler/bin/../lib/gcc/arm-none-eabi/7.3.1/../../../../arm-none-eabi/lib/thumb/v7e-m/fpv4-sp/hard\libc.a(lib_a-memset.o)
                              c:/ac6/systemworkbench/plugins/fr.ac6.mcu.externaltools.arm-none.win32_1.17.0.201812190825/tools/compiler/bin/../lib/gcc/arm-none-eabi/7.3.1/../../../../arm-none-eabi/lib/thumb/v7e-m/fpv4-sp/hard/rdimon-crt0.o (memset)
c:/ac6/systemworkbench/plugins/fr.ac6.mcu.externaltools.arm-none.win32_1.17.0.201812190825/tools/compiler/bin/../lib/gcc/arm-none-eabi/7.3.1/../../../../arm-none-eabi/lib/thumb/v7e-m/fpv4-sp/hard\libc.a(lib_a-__call_atexit.o)
                              c:/ac6/systemworkbench/plugins/fr.ac6.mcu.externaltools.arm-none.win32_1.17.0.201812190825/tools/compiler/bin/../lib/gcc/arm-none-eabi/7.3.1/../../../../arm-none-eabi/lib/thumb/v7e-m/fpv4-sp/hard\libc.a(lib_a-exit.o) (__call_exitprocs)
c:/ac6/systemworkbench/plugins/fr.ac6.mcu.externaltools.arm-none.win32_1.17.0.201812190825/tools/compiler/bin/../lib/gcc/arm-none-eabi/7.3.1/../../../../arm-none-eabi/lib/thumb/v7e-m/fpv4-sp/hard\libc.a(lib_a-atexit.o)
                              c:/ac6/systemworkbench/plugins/fr.ac6.mcu.externaltools.arm-none.win32_1.17.0.201812190825/tools/compiler/bin/../lib/gcc/arm-none-eabi/7.3.1/../../../../arm-none-eabi/lib/thumb/v7e-m/fpv4-sp/hard\libc.a(lib_a-__call_atexit.o) (atexit)
c:/ac6/systemworkbench/plugins/fr.ac6.mcu.externaltools.arm-none.win32_1.17.0.201812190825/tools/compiler/bin/../lib/gcc/arm-none-eabi/7.3.1/../../../../arm-none-eabi/lib/thumb/v7e-m/fpv4-sp/hard\libc.a(lib_a-fini.o)
                              c:/ac6/systemworkbench/plugins/fr.ac6.mcu.externaltools.arm-none.win32_1.17.0.201812190825/tools/compiler/bin/../lib/gcc/arm-none-eabi/7.3.1/../../../../arm-none-eabi/lib/thumb/v7e-m/fpv4-sp/hard\libc.a(lib_a-__call_atexit.o) (__libc_fini_array)
c:/ac6/systemworkbench/plugins/fr.ac6.mcu.externaltools.arm-none.win32_1.17.0.201812190825/tools/compiler/bin/../lib/gcc/arm-none-eabi/7.3.1/../../../../arm-none-eabi/lib/thumb/v7e-m/fpv4-sp/hard\libc.a(lib_a-lock.o)
                              c:/ac6/systemworkbench/plugins/fr.ac6.mcu.externaltools.arm-none.win32_1.17.0.201812190825/tools/compiler/bin/../lib/gcc/arm-none-eabi/7.3.1/../../../../arm-none-eabi/lib/thumb/v7e-m/fpv4-sp/hard\libc.a(lib_a-__call_atexit.o) (__retarget_lock_acquire_recursive)
c:/ac6/systemworkbench/plugins/fr.ac6.mcu.externaltools.arm-none.win32_1.17.0.201812190825/tools/compiler/bin/../lib/gcc/arm-none-eabi/7.3.1/../../../../arm-none-eabi/lib/thumb/v7e-m/fpv4-sp/hard\libc.a(lib_a-__atexit.o)
                              c:/ac6/systemworkbench/plugins/fr.ac6.mcu.externaltools.arm-none.win32_1.17.0.201812190825/tools/compiler/bin/../lib/gcc/arm-none-eabi/7.3.1/../../../../arm-none-eabi/lib/thumb/v7e-m/fpv4-sp/hard\libc.a(lib_a-atexit.o) (__register_exitproc)
c:/ac6/systemworkbench/plugins/fr.ac6.mcu.externaltools.arm-none.win32_1.17.0.201812190825/tools/compiler/bin/../lib/gcc/arm-none-eabi/7.3.1/../../../../arm-none-eabi/lib/thumb/v7e-m/fpv4-sp/hard\librdimon.a(rdimon-syscalls.o)
                              c:/ac6/systemworkbench/plugins/fr.ac6.mcu.externaltools.arm-none.win32_1.17.0.201812190825/tools/compiler/bin/../lib/gcc/arm-none-eabi/7.3.1/../../../../arm-none-eabi/lib/thumb/v7e-m/fpv4-sp/hard/rdimon-crt0.o (initialise_monitor_handles)
[...]
Memory Configuration

Name             Origin             Length             Attributes
FLASH            0x08000000         0x00010000         xr
RAM              0x20000000         0x00004000         xrw
MEMORY_B1        0x60000000         0x00000000         xr
*default*        0x00000000         0xffffffff

Linker script and memory map

LOAD c:/ac6/systemworkbench/plugins/fr.ac6.mcu.externaltools.arm-none.win32_1.17.0.201812190825/tools/compiler/bin/../lib/gcc/arm-none-eabi/7.3.1/thumb/v7e-m/fpv4-sp/hard/crti.o
LOAD c:/ac6/systemworkbench/plugins/fr.ac6.mcu.externaltools.arm-none.win32_1.17.0.201812190825/tools/compiler/bin/../lib/gcc/arm-none-eabi/7.3.1/thumb/v7e-m/fpv4-sp/hard/crtbegin.o
LOAD c:/ac6/systemworkbench/plugins/fr.ac6.mcu.externaltools.arm-none.win32_1.17.0.201812190825/tools/compiler/bin/../lib/gcc/arm-none-eabi/7.3.1/../../../../arm-none-eabi/lib/thumb/v7e-m/fpv4-sp/hard/rdimon-crt0.o
LOAD c:/ac6/systemworkbench/plugins/fr.ac6.mcu.externaltools.arm-none.win32_1.17.0.201812190825/tools/compiler/bin/../lib/gcc/arm-none-eabi/7.3.1/../../../../arm-none-eabi/lib/thumb/v7e-m/fpv4-sp/hard\libc.a
LOAD c:/ac6/systemworkbench/plugins/fr.ac6.mcu.externaltools.arm-none.win32_1.17.0.201812190825/tools/compiler/bin/../lib/gcc/arm-none-eabi/7.3.1/../../../../arm-none-eabi/lib/thumb/v7e-m/fpv4-sp/hard\librdimon.a
LOAD StdPeriph_Driver/src/stm32f30x_adc.o
LOAD StdPeriph_Driver/src/stm32f30x_can.o
LOAD StdPeriph_Driver/src/stm32f30x_comp.o
LOAD StdPeriph_Driver/src/stm32f30x_crc.o
LOAD StdPeriph_Driver/src/stm32f30x_dac.o
LOAD StdPeriph_Driver/src/stm32f30x_dbgmcu.o
LOAD StdPeriph_Driver/src/stm32f30x_dma.o
LOAD StdPeriph_Driver/src/stm32f30x_exti.o
LOAD StdPeriph_Driver/src/stm32f30x_flash.o
LOAD StdPeriph_Driver/src/stm32f30x_gpio.o
LOAD StdPeriph_Driver/src/stm32f30x_hrtim.o
LOAD StdPeriph_Driver/src/stm32f30x_i2c.o
LOAD StdPeriph_Driver/src/stm32f30x_iwdg.o
LOAD StdPeriph_Driver/src/stm32f30x_misc.o
LOAD StdPeriph_Driver/src/stm32f30x_opamp.o
LOAD StdPeriph_Driver/src/stm32f30x_pwr.o
LOAD StdPeriph_Driver/src/stm32f30x_rcc.o
LOAD StdPeriph_Driver/src/stm32f30x_rtc.o
LOAD StdPeriph_Driver/src/stm32f30x_spi.o
LOAD StdPeriph_Driver/src/stm32f30x_syscfg.o
LOAD StdPeriph_Driver/src/stm32f30x_tim.o
LOAD StdPeriph_Driver/src/stm32f30x_usart.o
LOAD StdPeriph_Driver/src/stm32f30x_wwdg.o
LOAD Third-Party/FreeRTOS/org/Source/croutine.o
LOAD Third-Party/FreeRTOS/org/Source/event_groups.o
LOAD Third-Party/FreeRTOS/org/Source/list.o
LOAD Third-Party/FreeRTOS/org/Source/queue.o
LOAD Third-Party/FreeRTOS/org/Source/stream_buffer.o
LOAD Third-Party/FreeRTOS/org/Source/tasks.o
LOAD Third-Party/FreeRTOS/org/Source/timers.o
LOAD Third-Party/FreeRTOS/org/Source/portable/GCC/ARM_CM4F/port.o
LOAD Third-Party/FreeRTOS/org/Source/portable/MemMang/heap_4.o
LOAD Third-Party/SEGGER/Config/SEGGER_SYSVIEW_Config_FreeRTOS.o
LOAD Third-Party/SEGGER/OS/SEGGER_SYSVIEW_FreeRTOS.o
LOAD Third-Party/SEGGER/SEGGER/SEGGER_RTT.o
LOAD Third-Party/SEGGER/SEGGER/SEGGER_SYSVIEW.o
LOAD Utilities/STM32F3xx_Nucleo/stm32f3xx_nucleo.o
LOAD src/main.o
LOAD src/system_stm32f30x.o
LOAD startup/startup_stm32f302x8.o
LOAD c:/ac6/systemworkbench/plugins/fr.ac6.mcu.externaltools.arm-none.win32_1.17.0.201812190825/tools/compiler/bin/../lib/gcc/arm-none-eabi/7.3.1/../../../../arm-none-eabi/lib/thumb/v7e-m/fpv4-sp/hard\libm.a
START GROUP
LOAD c:/ac6/systemworkbench/plugins/fr.ac6.mcu.externaltools.arm-none.win32_1.17.0.201812190825/tools/compiler/bin/../lib/gcc/arm-none-eabi/7.3.1/thumb/v7e-m/fpv4-sp/hard\libgcc.a
LOAD c:/ac6/systemworkbench/plugins/fr.ac6.mcu.externaltools.arm-none.win32_1.17.0.201812190825/tools/compiler/bin/../lib/gcc/arm-none-eabi/7.3.1/../../../../arm-none-eabi/lib/thumb/v7e-m/fpv4-sp/hard\libc.a
END GROUP
START GROUP
LOAD c:/ac6/systemworkbench/plugins/fr.ac6.mcu.externaltools.arm-none.win32_1.17.0.201812190825/tools/compiler/bin/../lib/gcc/arm-none-eabi/7.3.1/thumb/v7e-m/fpv4-sp/hard\libgcc.a
LOAD c:/ac6/systemworkbench/plugins/fr.ac6.mcu.externaltools.arm-none.win32_1.17.0.201812190825/tools/compiler/bin/../lib/gcc/arm-none-eabi/7.3.1/../../../../arm-none-eabi/lib/thumb/v7e-m/fpv4-sp/hard\libc.a
LOAD c:/ac6/systemworkbench/plugins/fr.ac6.mcu.externaltools.arm-none.win32_1.17.0.201812190825/tools/compiler/bin/../lib/gcc/arm-none-eabi/7.3.1/../../../../arm-none-eabi/lib/thumb/v7e-m/fpv4-sp/hard\librdimon.a
END GROUP
LOAD c:/ac6/systemworkbench/plugins/fr.ac6.mcu.externaltools.arm-none.win32_1.17.0.201812190825/tools/compiler/bin/../lib/gcc/arm-none-eabi/7.3.1/thumb/v7e-m/fpv4-sp/hard/crtend.o
LOAD c:/ac6/systemworkbench/plugins/fr.ac6.mcu.externaltools.arm-none.win32_1.17.0.201812190825/tools/compiler/bin/../lib/gcc/arm-none-eabi/7.3.1/thumb/v7e-m/fpv4-sp/hard/crtn.o
                0x20004000                _estack = 0x20004000
                0x00000200                _Min_Heap_Size = 0x200
                0x00000400                _Min_Stack_Size = 0x400

.isr_vector     0x08000000      0x188
                0x08000000                . = ALIGN (0x4)
 *(.isr_vector)
 .isr_vector    0x08000000      0x188 startup/startup_stm32f302x8.o
                0x08000000                g_pfnVectors
                0x08000188                . = ALIGN (0x4)

.text           0x080001c0     0x552c
                0x080001c0                . = ALIGN (0x4)
 *(.text)
 .text          0x080001c0       0x40 c:/ac6/systemworkbench/plugins/fr.ac6.mcu.externaltools.arm-none.win32_1.17.0.201812190825/tools/compiler/bin/../lib/gcc/arm-none-eabi/7.3.1/thumb/v7e-m/fpv4-sp/hard/crtbegin.o
 .text          0x08000200      0x134 c:/ac6/systemworkbench/plugins/fr.ac6.mcu.externaltools.arm-none.win32_1.17.0.201812190825/tools/compiler/bin/../lib/gcc/arm-none-eabi/7.3.1/../../../../arm-none-eabi/lib/thumb/v7e-m/fpv4-sp/hard\libc.a(lib_a-memcpy.o)
                0x08000200                memcpy
 *fill*         0x08000334        0xc 
 .text          0x08000340       0xdc c:/ac6/systemworkbench/plugins/fr.ac6.mcu.externaltools.arm-none.win32_1.17.0.201812190825/tools/compiler/bin/../lib/gcc/arm-none-eabi/7.3.1/../../../../arm-none-eabi/lib/thumb/v7e-m/fpv4-sp/hard\libc.a(lib_a-strlen.o)
                0x08000340                strlen
 *(.text*)
 .text.__libc_init_array
                0x0800041c       0x48 c:/ac6/systemworkbench/plugins/fr.ac6.mcu.externaltools.arm-none.win32_1.17.0.201812190825/tools/compiler/bin/../lib/gcc/arm-none-eabi/7.3.1/../../../../arm-none-eabi/lib/thumb/v7e-m/fpv4-sp/hard\libc.a(lib_a-init.o)
                0x0800041c                __libc_init_array
 .text.memset   0x08000464       0x94 c:/ac6/systemworkbench/plugins/fr.ac6.mcu.externaltools.arm-none.win32_1.17.0.201812190825/tools/compiler/bin/../lib/gcc/arm-none-eabi/7.3.1/../../../../arm-none-eabi/lib/thumb/v7e-m/fpv4-sp/hard\libc.a(lib_a-memset.o)
                0x08000464                memset
 .text.startup.register_fini
                0x080004f8       0x14 c:/ac6/systemworkbench/plugins/fr.ac6.mcu.externaltools.arm-none.win32_1.17.0.201812190825/tools/compiler/bin/../lib/gcc/arm-none-eabi/7.3.1/../../../../arm-none-eabi/lib/thumb/v7e-m/fpv4-sp/hard\libc.a(lib_a-__call_atexit.o)
 .text.atexit   0x0800050c        0xc c:/ac6/systemworkbench/plugins/fr.ac6.mcu.externaltools.arm-none.win32_1.17.0.201812190825/tools/compiler/bin/../lib/gcc/arm-none-eabi/7.3.1/../../../../arm-none-eabi/lib/thumb/v7e-m/fpv4-sp/hard\libc.a(lib_a-atexit.o)
                0x0800050c                atexit
 .text.__libc_fini_array
                0x08000518       0x34 c:/ac6/systemworkbench/plugins/fr.ac6.mcu.externaltools.arm-none.win32_1.17.0.201812190825/tools/compiler/bin/../lib/gcc/arm-none-eabi/7.3.1/../../../../arm-none-eabi/lib/thumb/v7e-m/fpv4-sp/hard\libc.a(lib_a-fini.o)
                0x08000518                __libc_fini_array
 .text.__retarget_lock_acquire_recursive
                0x0800054c        0x4 c:/ac6/systemworkbench/plugins/fr.ac6.mcu.externaltools.arm-none.win32_1.17.0.201812190825/tools/compiler/bin/../lib/gcc/arm-none-eabi/7.3.1/../../../../arm-none-eabi/lib/thumb/v7e-m/fpv4-sp/hard\libc.a(lib_a-lock.o)
                0x0800054c                __retarget_lock_acquire_recursive
 .text.__retarget_lock_release_recursive
                0x08000550        0x4 c:/ac6/systemworkbench/plugins/fr.ac6.mcu.externaltools.arm-none.win32_1.17.0.201812190825/tools/compiler/bin/../lib/gcc/arm-none-eabi/7.3.1/../../../../arm-none-eabi/lib/thumb/v7e-m/fpv4-sp/hard\libc.a(lib_a-lock.o)
                0x08000550                __retarget_lock_release_recursive
 .text.__register_exitproc
                0x08000554       0xc0 c:/ac6/systemworkbench/plugins/fr.ac6.mcu.externaltools.arm-none.win32_1.17.0.201812190825/tools/compiler/bin/../lib/gcc/arm-none-eabi/7.3.1/../../../../arm-none-eabi/lib/thumb/v7e-m/fpv4-sp/hard\libc.a(lib_a-__atexit.o)
                0x08000554                __register_exitproc
 .text.GPIO_Init
                0x08000614      0x132 StdPeriph_Driver/src/stm32f30x_gpio.o
                0x08000614                GPIO_Init
 .text.GPIO_PinAFConfig
                0x08000746       0x92 StdPeriph_Driver/src/stm32f30x_gpio.o
                0x08000746                GPIO_PinAFConfig
 .text.RCC_DeInit
                0x080007d8       0x7c StdPeriph_Driver/src/stm32f30x_rcc.o
                0x080007d8                RCC_DeInit
 .text.RCC_GetClocksFreq
                0x08000854      0x51c StdPeriph_Driver/src/stm32f30x_rcc.o
                0x08000854                RCC_GetClocksFreq
 .text.RCC_AHBPeriphClockCmd
                0x08000d70       0x40 StdPeriph_Driver/src/stm32f30x_rcc.o
                0x08000d70                RCC_AHBPeriphClockCmd
 .text.RCC_APB1PeriphClockCmd
                0x08000db0       0x40 StdPeriph_Driver/src/stm32f30x_rcc.o
                0x08000db0                RCC_APB1PeriphClockCmd
 .text.USART_Init
                0x08000df0      0x178 StdPeriph_Driver/src/stm32f30x_usart.o
                0x08000df0                USART_Init
 .text.USART_Cmd
                0x08000f68       0x38 StdPeriph_Driver/src/stm32f30x_usart.o
                0x08000f68                USART_Cmd
 .text.USART_SendData
                0x08000fa0       0x24 StdPeriph_Driver/src/stm32f30x_usart.o
                0x08000fa0                USART_SendData
 .text.USART_GetFlagStatus
                0x08000fc4       0x32 StdPeriph_Driver/src/stm32f30x_usart.o
                0x08000fc4                USART_GetFlagStatus
 .text.vListInitialise
                0x08000ff6       0x40 Third-Party/FreeRTOS/org/Source/list.o
                0x08000ff6                vListInitialise
 .text.vListInitialiseItem
                0x08001036       0x1a Third-Party/FreeRTOS/org/Source/list.o
                0x08001036                vListInitialiseItem
 .text.vListInsertEnd
                0x08001050       0x48 Third-Party/FreeRTOS/org/Source/list.o
                0x08001050                vListInsertEnd
 .text.vListInsert
                0x08001098       0x72 Third-Party/FreeRTOS/org/Source/list.o
                0x08001098                vListInsert
 .text.uxListRemove
                0x0800110a       0x54 Third-Party/FreeRTOS/org/Source/list.o
                0x0800110a                uxListRemove
 *fill*         0x0800115e        0x2 
 .text.xQueueGenericReset
                0x08001160       0xd0 Third-Party/FreeRTOS/org/Source/queue.o
                0x08001160                xQueueGenericReset
 .text.xQueueGenericCreate
                0x08001230       0x76 Third-Party/FreeRTOS/org/Source/queue.o
                0x08001230                xQueueGenericCreate
 .text.prvInitialiseNewQueue
                0x080012a6       0x52 Third-Party/FreeRTOS/org/Source/queue.o
 .text.xQueueGenericSend
                0x080012f8      0x244 Third-Party/FreeRTOS/org/Source/queue.o
                0x080012f8                xQueueGenericSend
 .text.xQueueGenericSendFromISR
                0x0800153c      0x150 Third-Party/FreeRTOS/org/Source/queue.o
                0x0800153c                xQueueGenericSendFromISR
 .text.xQueueReceive
                0x0800168c      0x228 Third-Party/FreeRTOS/org/Source/queue.o
                0x0800168c                xQueueReceive
 .text.prvCopyDataToQueue
                0x080018b4       0xd4 Third-Party/FreeRTOS/org/Source/queue.o
 .text.prvCopyDataFromQueue
                0x08001988       0x4c Third-Party/FreeRTOS/org/Source/queue.o
 .text.prvUnlockQueue
                0x080019d4       0xa4 Third-Party/FreeRTOS/org/Source/queue.o
 .text.prvIsQueueEmpty
                0x08001a78       0x2c Third-Party/FreeRTOS/org/Source/queue.o
 .text.prvIsQueueFull
                0x08001aa4       0x30 Third-Party/FreeRTOS/org/Source/queue.o
 .text.vQueueAddToRegistry
                0x08001ad4       0x60 Third-Party/FreeRTOS/org/Source/queue.o
                0x08001ad4                vQueueAddToRegistry
 .text.vQueueWaitForMessageRestricted
                0x08001b34       0x68 Third-Party/FreeRTOS/org/Source/queue.o
                0x08001b34                vQueueWaitForMessageRestricted
 .text.xTaskCreate
                0x08001b9c       0x82 Third-Party/FreeRTOS/org/Source/tasks.o
                0x08001b9c                xTaskCreate
 .text.prvInitialiseNewTask
                0x08001c1e      0x11c Third-Party/FreeRTOS/org/Source/tasks.o
 *fill*         0x08001d3a        0x2 
 .text.prvAddNewTaskToReadyList
                0x08001d3c      0x118 Third-Party/FreeRTOS/org/Source/tasks.o
 .text.vTaskStartScheduler
                0x08001e54       0xb8 Third-Party/FreeRTOS/org/Source/tasks.o
                0x08001e54                vTaskStartScheduler
 .text.vTaskSuspendAll
                0x08001f0c       0x1c Third-Party/FreeRTOS/org/Source/tasks.o
                0x08001f0c                vTaskSuspendAll
 .text.xTaskResumeAll
                0x08001f28      0x140 Third-Party/FreeRTOS/org/Source/tasks.o
                0x08001f28                xTaskResumeAll
 .text.xTaskGetTickCount
                0x08002068       0x20 Third-Party/FreeRTOS/org/Source/tasks.o
                0x08002068                xTaskGetTickCount
 .text.xTaskGetTickCountFromISR
                0x08002088       0x24 Third-Party/FreeRTOS/org/Source/tasks.o
                0x08002088                xTaskGetTickCountFromISR
 .text.xTaskIncrementTick
                0x080020ac      0x178 Third-Party/FreeRTOS/org/Source/tasks.o
                0x080020ac                xTaskIncrementTick
 .text.vTaskSwitchContext
                0x08002224       0xd0 Third-Party/FreeRTOS/org/Source/tasks.o
                0x08002224                vTaskSwitchContext
 .text.vTaskPlaceOnEventList
                0x080022f4       0x48 Third-Party/FreeRTOS/org/Source/tasks.o
                0x080022f4                vTaskPlaceOnEventList
 .text.vTaskPlaceOnEventListRestricted
                0x0800233c       0x5c Third-Party/FreeRTOS/org/Source/tasks.o
                0x0800233c                vTaskPlaceOnEventListRestricted
 .text.xTaskRemoveFromEventList
                0x08002398       0xcc Third-Party/FreeRTOS/org/Source/tasks.o
                0x08002398                xTaskRemoveFromEventList
 .text.vTaskInternalSetTimeOutState
                0x08002464       0x2c Third-Party/FreeRTOS/org/Source/tasks.o
                0x08002464                vTaskInternalSetTimeOutState
 .text.xTaskCheckForTimeOut
                0x08002490       0xc0 Third-Party/FreeRTOS/org/Source/tasks.o
                0x08002490                xTaskCheckForTimeOut
 .text.vTaskMissedYield
                0x08002550       0x18 Third-Party/FreeRTOS/org/Source/tasks.o
                0x08002550                vTaskMissedYield
 .text.prvIdleTask
                0x08002568       0x30 Third-Party/FreeRTOS/org/Source/tasks.o
 .text.prvInitialiseTaskLists
                0x08002598       0x80 Third-Party/FreeRTOS/org/Source/tasks.o
 .text.prvCheckTasksWaitingTermination
                0x08002618       0x58 Third-Party/FreeRTOS/org/Source/tasks.o
 .text.prvDeleteTCB
                0x08002670       0x20 Third-Party/FreeRTOS/org/Source/tasks.o
 .text.prvResetNextTaskUnblockTime
                0x08002690       0x40 Third-Party/FreeRTOS/org/Source/tasks.o
 .text.xTaskGetSchedulerState
                0x080026d0       0x3c Third-Party/FreeRTOS/org/Source/tasks.o
                0x080026d0                xTaskGetSchedulerState
 .text.xTaskPriorityDisinherit
                0x0800270c      0x110 Third-Party/FreeRTOS/org/Source/tasks.o
                0x0800270c                xTaskPriorityDisinherit
 .text.prvAddCurrentTaskToDelayedList
                0x0800281c       0xf0 Third-Party/FreeRTOS/org/Source/tasks.o
 .text.xTimerCreateTimerTask
                0x0800290c       0x64 Third-Party/FreeRTOS/org/Source/timers.o
                0x0800290c                xTimerCreateTimerTask
 .text.xTimerGenericCommand
                0x08002970       0x98 Third-Party/FreeRTOS/org/Source/timers.o
                0x08002970                xTimerGenericCommand
 .text.prvProcessExpiredTimer
                0x08002a08       0x98 Third-Party/FreeRTOS/org/Source/timers.o
 .text.prvTimerTask
                0x08002aa0       0x24 Third-Party/FreeRTOS/org/Source/timers.o
 .text.prvProcessTimerOrBlockTask
                0x08002ac4       0x9c Third-Party/FreeRTOS/org/Source/timers.o
 .text.prvGetNextExpireTime
                0x08002b60       0x48 Third-Party/FreeRTOS/org/Source/timers.o
 .text.prvSampleTimeNow
                0x08002ba8       0x40 Third-Party/FreeRTOS/org/Source/timers.o
 .text.prvInsertTimerInActiveList
                0x08002be8       0x84 Third-Party/FreeRTOS/org/Source/timers.o
 .text.prvProcessReceivedCommands
                0x08002c6c      0x188 Third-Party/FreeRTOS/org/Source/timers.o
 .text.prvSwitchTimerLists
                0x08002df4       0xc8 Third-Party/FreeRTOS/org/Source/timers.o
 .text.prvCheckForValidListAndQueue
                0x08002ebc       0x6c Third-Party/FreeRTOS/org/Source/timers.o
 .text.pxPortInitialiseStack
                0x08002f28       0x68 Third-Party/FreeRTOS/org/Source/portable/GCC/ARM_CM4F/port.o
                0x08002f28                pxPortInitialiseStack
 .text.prvTaskExitError
                0x08002f90       0x54 Third-Party/FreeRTOS/org/Source/portable/GCC/ARM_CM4F/port.o
 *fill*         0x08002fe4        0xc 
 .text.SVC_Handler
                0x08002ff0       0x28 Third-Party/FreeRTOS/org/Source/portable/GCC/ARM_CM4F/port.o
                0x08002ff0                SVC_Handler
 .text.prvPortStartFirstTask
                0x08003018       0x28 Third-Party/FreeRTOS/org/Source/portable/GCC/ARM_CM4F/port.o
 .text.xPortStartScheduler
                0x08003040      0x15c Third-Party/FreeRTOS/org/Source/portable/GCC/ARM_CM4F/port.o
                0x08003040                xPortStartScheduler
 .text.vPortEnterCritical
                0x0800319c       0x5c Third-Party/FreeRTOS/org/Source/portable/GCC/ARM_CM4F/port.o
                0x0800319c                vPortEnterCritical
 .text.vPortExitCritical
                0x080031f8       0x50 Third-Party/FreeRTOS/org/Source/portable/GCC/ARM_CM4F/port.o
                0x080031f8                vPortExitCritical
 *fill*         0x08003248        0x8 
 .text.PendSV_Handler
                0x08003250       0x68 Third-Party/FreeRTOS/org/Source/portable/GCC/ARM_CM4F/port.o
                0x08003250                PendSV_Handler
 .text.SysTick_Handler
                0x080032b8       0x50 Third-Party/FreeRTOS/org/Source/portable/GCC/ARM_CM4F/port.o
                0x080032b8                SysTick_Handler
 .text.vPortSetupTimerInterrupt
                0x08003308       0x48 Third-Party/FreeRTOS/org/Source/portable/GCC/ARM_CM4F/port.o
                0x08003308                vPortSetupTimerInterrupt
 .text.vPortEnableVFP
                0x08003350       0x14 Third-Party/FreeRTOS/org/Source/portable/GCC/ARM_CM4F/port.o
 .text.vPortValidateInterruptPriority
                0x08003364       0x7c Third-Party/FreeRTOS/org/Source/portable/GCC/ARM_CM4F/port.o
                0x08003364                vPortValidateInterruptPriority
 .text.pvPortMalloc
                0x080033e0      0x184 Third-Party/FreeRTOS/org/Source/portable/MemMang/heap_4.o
                0x080033e0                pvPortMalloc
 .text.vPortFree
                0x08003564       0xb0 Third-Party/FreeRTOS/org/Source/portable/MemMang/heap_4.o
                0x08003564                vPortFree
 .text.prvHeapInit
                0x08003614       0xc4 Third-Party/FreeRTOS/org/Source/portable/MemMang/heap_4.o
 .text.prvInsertBlockIntoFreeList
                0x080036d8       0xb4 Third-Party/FreeRTOS/org/Source/portable/MemMang/heap_4.o
 .text._cbSendSystemDesc
                0x0800378c       0x1c Third-Party/SEGGER/Config/SEGGER_SYSVIEW_Config_FreeRTOS.o
 .text.SEGGER_SYSVIEW_Conf
                0x080037a8       0x2c Third-Party/SEGGER/Config/SEGGER_SYSVIEW_Config_FreeRTOS.o
                0x080037a8                SEGGER_SYSVIEW_Conf
 .text._cbSendTaskList
                0x080037d4       0x90 Third-Party/SEGGER/OS/SEGGER_SYSVIEW_FreeRTOS.o
 .text._cbGetTime
                0x08003864       0x76 Third-Party/SEGGER/OS/SEGGER_SYSVIEW_FreeRTOS.o
 *fill*         0x080038da        0x2 
 .text.SYSVIEW_AddTask
                0x080038dc       0xd0 Third-Party/SEGGER/OS/SEGGER_SYSVIEW_FreeRTOS.o
                0x080038dc                SYSVIEW_AddTask
 .text.SYSVIEW_SendTaskInfo
                0x080039ac       0x42 Third-Party/SEGGER/OS/SEGGER_SYSVIEW_FreeRTOS.o
                0x080039ac                SYSVIEW_SendTaskInfo
 *fill*         0x080039ee        0x2 
 .text._DoInit  0x080039f0       0xa4 Third-Party/SEGGER/SEGGER/SEGGER_RTT.o
 .text.SEGGER_RTT_ReadNoLock
                0x08003a94      0x104 Third-Party/SEGGER/SEGGER/SEGGER_RTT.o
                0x08003a94                SEGGER_RTT_ReadNoLock
 .text.SEGGER_RTT_WriteSkipNoLock
                0x08003b98      0x120 Third-Party/SEGGER/SEGGER/SEGGER_RTT.o
                0x08003b98                SEGGER_RTT_WriteSkipNoLock
 .text.SEGGER_RTT_ConfigUpBuffer
                0x08003cb8       0xd4 Third-Party/SEGGER/SEGGER/SEGGER_RTT.o
                0x08003cb8                SEGGER_RTT_ConfigUpBuffer
 .text.SEGGER_RTT_ConfigDownBuffer
                0x08003d8c       0xd4 Third-Party/SEGGER/SEGGER/SEGGER_RTT.o
                0x08003d8c                SEGGER_RTT_ConfigDownBuffer
 .text._EncodeStr
                0x08003e60       0x9a Third-Party/SEGGER/SEGGER/SEGGER_SYSVIEW.o
 .text._PreparePacket
                0x08003efa       0x18 Third-Party/SEGGER/SEGGER/SEGGER_SYSVIEW.o
 .text._HandleIncomingPacket
                0x08003f12       0xb8 Third-Party/SEGGER/SEGGER/SEGGER_SYSVIEW.o
 *fill*         0x08003fca        0x2 
 .text._TrySendOverflowPacket
                0x08003fcc       0xe0 Third-Party/SEGGER/SEGGER/SEGGER_SYSVIEW.o
 .text._SendPacket
                0x080040ac      0x1a8 Third-Party/SEGGER/SEGGER/SEGGER_SYSVIEW.o
 .text.SEGGER_SYSVIEW_Init
                0x08004254       0x7c Third-Party/SEGGER/SEGGER/SEGGER_SYSVIEW.o
                0x08004254                SEGGER_SYSVIEW_Init
 .text.SEGGER_SYSVIEW_SetRAMBase
                0x080042d0       0x20 Third-Party/SEGGER/SEGGER/SEGGER_SYSVIEW.o
                0x080042d0                SEGGER_SYSVIEW_SetRAMBase
 .text.SEGGER_SYSVIEW_RecordVoid
                0x080042f0       0x3c Third-Party/SEGGER/SEGGER/SEGGER_SYSVIEW.o
                0x080042f0                SEGGER_SYSVIEW_RecordVoid
 .text.SEGGER_SYSVIEW_RecordU32
                0x0800432c       0x78 Third-Party/SEGGER/SEGGER/SEGGER_SYSVIEW.o
                0x0800432c                SEGGER_SYSVIEW_RecordU32
 .text.SEGGER_SYSVIEW_RecordU32x2
                0x080043a4       0xb4 Third-Party/SEGGER/SEGGER/SEGGER_SYSVIEW.o
                0x080043a4                SEGGER_SYSVIEW_RecordU32x2
 .text.SEGGER_SYSVIEW_RecordU32x3
                0x08004458       0xec Third-Party/SEGGER/SEGGER/SEGGER_SYSVIEW.o
                0x08004458                SEGGER_SYSVIEW_RecordU32x3
 .text.SEGGER_SYSVIEW_RecordU32x4
                0x08004544      0x124 Third-Party/SEGGER/SEGGER/SEGGER_SYSVIEW.o
                0x08004544                SEGGER_SYSVIEW_RecordU32x4
 .text.SEGGER_SYSVIEW_Start
                0x08004668      0x178 Third-Party/SEGGER/SEGGER/SEGGER_SYSVIEW.o
                0x08004668                SEGGER_SYSVIEW_Start
 .text.SEGGER_SYSVIEW_Stop
                0x080047e0       0x4c Third-Party/SEGGER/SEGGER/SEGGER_SYSVIEW.o
                0x080047e0                SEGGER_SYSVIEW_Stop
 .text.SEGGER_SYSVIEW_GetSysDesc
                0x0800482c      0x134 Third-Party/SEGGER/SEGGER/SEGGER_SYSVIEW.o
                0x0800482c                SEGGER_SYSVIEW_GetSysDesc
 .text.SEGGER_SYSVIEW_SendTaskInfo
                0x08004960      0x1cc Third-Party/SEGGER/SEGGER/SEGGER_SYSVIEW.o
                0x08004960                SEGGER_SYSVIEW_SendTaskInfo
 .text.SEGGER_SYSVIEW_SendTaskList
                0x08004b2c       0x28 Third-Party/SEGGER/SEGGER/SEGGER_SYSVIEW.o
                0x08004b2c                SEGGER_SYSVIEW_SendTaskList
 .text.SEGGER_SYSVIEW_SendSysDesc
                0x08004b54       0x48 Third-Party/SEGGER/SEGGER/SEGGER_SYSVIEW.o
                0x08004b54                SEGGER_SYSVIEW_SendSysDesc
 .text.SEGGER_SYSVIEW_RecordSystime
                0x08004b9c       0x60 Third-Party/SEGGER/SEGGER/SEGGER_SYSVIEW.o
                0x08004b9c                SEGGER_SYSVIEW_RecordSystime
 .text.SEGGER_SYSVIEW_RecordEnterISR
                0x08004bfc       0x84 Third-Party/SEGGER/SEGGER/SEGGER_SYSVIEW.o
                0x08004bfc                SEGGER_SYSVIEW_RecordEnterISR
 .text.SEGGER_SYSVIEW_RecordExitISR
                0x08004c80       0x38 Third-Party/SEGGER/SEGGER/SEGGER_SYSVIEW.o
                0x08004c80                SEGGER_SYSVIEW_RecordExitISR
 .text.SEGGER_SYSVIEW_RecordExitISRToScheduler
                0x08004cb8       0x38 Third-Party/SEGGER/SEGGER/SEGGER_SYSVIEW.o
                0x08004cb8                SEGGER_SYSVIEW_RecordExitISRToScheduler
 .text.SEGGER_SYSVIEW_OnIdle
                0x08004cf0       0x38 Third-Party/SEGGER/SEGGER/SEGGER_SYSVIEW.o
                0x08004cf0                SEGGER_SYSVIEW_OnIdle
 .text.SEGGER_SYSVIEW_OnTaskCreate
                0x08004d28       0x88 Third-Party/SEGGER/SEGGER/SEGGER_SYSVIEW.o
                0x08004d28                SEGGER_SYSVIEW_OnTaskCreate
 .text.SEGGER_SYSVIEW_OnTaskStartExec
                0x08004db0       0x88 Third-Party/SEGGER/SEGGER/SEGGER_SYSVIEW.o
                0x08004db0                SEGGER_SYSVIEW_OnTaskStartExec
 .text.SEGGER_SYSVIEW_OnTaskStartReady
                0x08004e38       0x88 Third-Party/SEGGER/SEGGER/SEGGER_SYSVIEW.o
                0x08004e38                SEGGER_SYSVIEW_OnTaskStartReady
 .text.SEGGER_SYSVIEW_OnTaskStopReady
                0x08004ec0       0xc0 Third-Party/SEGGER/SEGGER/SEGGER_SYSVIEW.o
                0x08004ec0                SEGGER_SYSVIEW_OnTaskStopReady
 .text.SEGGER_SYSVIEW_ShrinkId
                0x08004f80       0x24 Third-Party/SEGGER/SEGGER/SEGGER_SYSVIEW.o
                0x08004f80                SEGGER_SYSVIEW_ShrinkId
 .text.SEGGER_SYSVIEW_SendModule
                0x08004fa4      0x100 Third-Party/SEGGER/SEGGER/SEGGER_SYSVIEW.o
                0x08004fa4                SEGGER_SYSVIEW_SendModule
 .text.SEGGER_SYSVIEW_SendModuleDescription
                0x080050a4       0x3c Third-Party/SEGGER/SEGGER/SEGGER_SYSVIEW.o
                0x080050a4                SEGGER_SYSVIEW_SendModuleDescription
 .text.SEGGER_SYSVIEW_SendNumModules
                0x080050e0       0x7c Third-Party/SEGGER/SEGGER/SEGGER_SYSVIEW.o
                0x080050e0                SEGGER_SYSVIEW_SendNumModules
 .text.SEGGER_SYSVIEW_Warn
                0x0800515c       0xb8 Third-Party/SEGGER/SEGGER/SEGGER_SYSVIEW.o
                0x0800515c                SEGGER_SYSVIEW_Warn
 .text.main     0x08005214       0x80 src/main.o
                0x08005214                main
 .text.vTask1_handler
                0x08005294       0x40 src/main.o
                0x08005294                vTask1_handler
 .text.vTask2_handler
                0x080052d4       0x40 src/main.o
                0x080052d4                vTask2_handler
 .text.prvSetupUart
                0x08005314       0xa0 src/main.o
 .text.prvSetupHardware
                0x080053b4        0xc src/main.o
 .text.printmsg
                0x080053c0       0x60 src/main.o
                0x080053c0                printmsg
 .text.SystemInit
                0x08005420       0x88 src/system_stm32f30x.o
                0x08005420                SystemInit
 .text.SystemCoreClockUpdate
                0x080054a8       0xd8 src/system_stm32f30x.o
                0x080054a8                SystemCoreClockUpdate
 .text.SetSysClock
                0x08005580       0x9c src/system_stm32f30x.o
 .text.Reset_Handler
                0x0800561c       0x50 startup/startup_stm32f302x8.o
                0x0800561c                Reset_Handler
 .text.Default_Handler
                0x0800566c        0x2 startup/startup_stm32f302x8.o
                0x0800566c                RTC_Alarm_IRQHandler
                0x0800566c                DebugMon_Handler
                0x0800566c                TIM1_CC_IRQHandler
                0x0800566c                HardFault_Handler
                0x0800566c                USB_HP_IRQHandler
                0x0800566c                PVD_IRQHandler
                0x0800566c                NMI_Handler
                0x0800566c                EXTI3_IRQHandler
                0x0800566c                I2C3_ER_IRQHandler
                0x0800566c                EXTI0_IRQHandler
                0x0800566c                I2C2_EV_IRQHandler
                0x0800566c                FPU_IRQHandler
                0x0800566c                EXTI2_TS_IRQHandler
                0x0800566c                TIM1_UP_TIM16_IRQHandler
                0x0800566c                UsageFault_Handler
                0x0800566c                TIM6_DAC_IRQHandler
                0x0800566c                DMA1_Channel4_IRQHandler
                0x0800566c                ADC1_IRQHandler
                0x0800566c                USART3_IRQHandler
                0x0800566c                DMA1_Channel7_IRQHandler
                0x0800566c                CAN1_RX1_IRQHandler
                0x0800566c                I2C1_EV_IRQHandler
                0x0800566c                DMA1_Channel6_IRQHandler
                0x0800566c                RCC_IRQHandler
                0x0800566c                DMA1_Channel1_IRQHandler
                0x0800566c                Default_Handler
                0x0800566c                USBWakeUp_RMP_IRQHandler
                0x0800566c                EXTI15_10_IRQHandler
                0x0800566c                COMP2_IRQHandler
                0x0800566c                I2C3_EV_IRQHandler
                0x0800566c                EXTI9_5_IRQHandler
                0x0800566c                TAMPER_STAMP_IRQHandler
                0x0800566c                RTC_WKUP_IRQHandler
                0x0800566c                SPI2_IRQHandler
                0x0800566c                MemManage_Handler
                0x0800566c                DMA1_Channel5_IRQHandler
                0x0800566c                USB_LP_IRQHandler
                0x0800566c                EXTI4_IRQHandler
                0x0800566c                USB_LP_CAN1_RX0_IRQHandler
                0x0800566c                TIM1_TRG_COM_TIM17_IRQHandler
                0x0800566c                USB_HP_CAN1_TX_IRQHandler
                0x0800566c                DMA1_Channel3_IRQHandler
                0x0800566c                WWDG_IRQHandler
                0x0800566c                TIM2_IRQHandler
                0x0800566c                EXTI1_IRQHandler
                0x0800566c                COMP4_6_IRQHandler
                0x0800566c                USART2_IRQHandler
                0x0800566c                I2C2_ER_IRQHandler
                0x0800566c                DMA1_Channel2_IRQHandler
                0x0800566c                CAN1_SCE_IRQHandler
                0x0800566c                FLASH_IRQHandler
                0x0800566c                BusFault_Handler
                0x0800566c                USART1_IRQHandler
                0x0800566c                SPI3_IRQHandler
                0x0800566c                I2C1_ER_IRQHandler
                0x0800566c                USBWakeUp_IRQHandler
                0x0800566c                TIM1_BRK_TIM15_IRQHandler
 *fill*         0x0800566e        0x2 
 .text.memcmp   0x08005670       0x64 c:/ac6/systemworkbench/plugins/fr.ac6.mcu.externaltools.arm-none.win32_1.17.0.201812190825/tools/compiler/bin/../lib/gcc/arm-none-eabi/7.3.1/../../../../arm-none-eabi/lib/thumb/v7e-m/fpv4-sp/hard\libc.a(lib_a-memcmp.o)
                0x08005670                memcmp
 *(.glue_7)
 .glue_7        0x080056d4        0x0 linker stubs
 *(.glue_7t)
 .glue_7t       0x080056d4        0x0 linker stubs
 *(.eh_frame)
 .eh_frame      0x080056d4        0x0 c:/ac6/systemworkbench/plugins/fr.ac6.mcu.externaltools.arm-none.win32_1.17.0.201812190825/tools/compiler/bin/../lib/gcc/arm-none-eabi/7.3.1/thumb/v7e-m/fpv4-sp/hard/crtbegin.o
 *(.init)
 .init          0x080056d4        0x4 c:/ac6/systemworkbench/plugins/fr.ac6.mcu.externaltools.arm-none.win32_1.17.0.201812190825/tools/compiler/bin/../lib/gcc/arm-none-eabi/7.3.1/thumb/v7e-m/fpv4-sp/hard/crti.o
                0x080056d4                _init
 .init          0x080056d8        0x8 c:/ac6/systemworkbench/plugins/fr.ac6.mcu.externaltools.arm-none.win32_1.17.0.201812190825/tools/compiler/bin/../lib/gcc/arm-none-eabi/7.3.1/thumb/v7e-m/fpv4-sp/hard/crtn.o
 *(.fini)
 .fini          0x080056e0        0x4 c:/ac6/systemworkbench/plugins/fr.ac6.mcu.externaltools.arm-none.win32_1.17.0.201812190825/tools/compiler/bin/../lib/gcc/arm-none-eabi/7.3.1/thumb/v7e-m/fpv4-sp/hard/crti.o
                0x080056e0                _fini
 .fini          0x080056e4        0x8 c:/ac6/systemworkbench/plugins/fr.ac6.mcu.externaltools.arm-none.win32_1.17.0.201812190825/tools/compiler/bin/../lib/gcc/arm-none-eabi/7.3.1/thumb/v7e-m/fpv4-sp/hard/crtn.o
                0x080056ec                . = ALIGN (0x4)
                0x080056ec                _etext = .

.vfp11_veneer   0x080056ec        0x0
 .vfp11_veneer  0x080056ec        0x0 linker stubs

.v4_bx          0x080056ec        0x0
 .v4_bx         0x080056ec        0x0 linker stubs

.iplt           0x080056ec        0x0
 .iplt          0x080056ec        0x0 c:/ac6/systemworkbench/plugins/fr.ac6.mcu.externaltools.arm-none.win32_1.17.0.201812190825/tools/compiler/bin/../lib/gcc/arm-none-eabi/7.3.1/thumb/v7e-m/fpv4-sp/hard/crtbegin.o

.rodata         0x080056ec      0x16c
                0x080056ec                . = ALIGN (0x4)
 *(.rodata)
 .rodata        0x080056ec        0x5 Third-Party/FreeRTOS/org/Source/tasks.o
 *fill*         0x080056f1        0x3 
 .rodata        0x080056f4        0xd Third-Party/FreeRTOS/org/Source/timers.o
 *fill*         0x08005701        0x3 
 .rodata        0x08005704       0x51 Third-Party/SEGGER/Config/SEGGER_SYSVIEW_Config_FreeRTOS.o
 *fill*         0x08005755        0x3 
 .rodata        0x08005758       0x60 Third-Party/SEGGER/OS/SEGGER_SYSVIEW_FreeRTOS.o
                0x080057b0                SYSVIEW_X_OS_TraceAPI
 .rodata        0x080057b8       0x17 Third-Party/SEGGER/SEGGER/SEGGER_RTT.o
 *fill*         0x080057cf        0x1 
 .rodata        0x080057d0       0x24 Third-Party/SEGGER/SEGGER/SEGGER_SYSVIEW.o
 .rodata        0x080057f4       0x5d src/main.o
 *(.rodata*)
 *fill*         0x08005851        0x3 
 .rodata._global_impure_ptr
                0x08005854        0x4 c:/ac6/systemworkbench/plugins/fr.ac6.mcu.externaltools.arm-none.win32_1.17.0.201812190825/tools/compiler/bin/../lib/gcc/arm-none-eabi/7.3.1/../../../../arm-none-eabi/lib/thumb/v7e-m/fpv4-sp/hard\libc.a(lib_a-impure.o)
                0x08005854                _global_impure_ptr
                0x08005858                . = ALIGN (0x4)

.rel.dyn        0x08005858        0x0
 .rel.iplt      0x08005858        0x0 c:/ac6/systemworkbench/plugins/fr.ac6.mcu.externaltools.arm-none.win32_1.17.0.201812190825/tools/compiler/bin/../lib/gcc/arm-none-eabi/7.3.1/thumb/v7e-m/fpv4-sp/hard/crtbegin.o

.ARM.extab
 *(.ARM.extab* .gnu.linkonce.armextab.*)

.ARM            0x08005858        0x0
                0x08005858                __exidx_start = .
 *(.ARM.exidx*)
                0x08005858                __exidx_end = .

.preinit_array  0x08005858        0x0
                0x08005858                PROVIDE (__preinit_array_start = .)
 *(.preinit_array*)
                0x08005858                PROVIDE (__preinit_array_end = .)

.init_array     0x08005858        0x8
                0x08005858                PROVIDE (__init_array_start = .)
 *(SORT_BY_NAME(.init_array.*))
 .init_array.00000
                0x08005858        0x4 c:/ac6/systemworkbench/plugins/fr.ac6.mcu.externaltools.arm-none.win32_1.17.0.201812190825/tools/compiler/bin/../lib/gcc/arm-none-eabi/7.3.1/../../../../arm-none-eabi/lib/thumb/v7e-m/fpv4-sp/hard\libc.a(lib_a-__call_atexit.o)
 *(.init_array*)
 .init_array    0x0800585c        0x4 c:/ac6/systemworkbench/plugins/fr.ac6.mcu.externaltools.arm-none.win32_1.17.0.201812190825/tools/compiler/bin/../lib/gcc/arm-none-eabi/7.3.1/thumb/v7e-m/fpv4-sp/hard/crtbegin.o
                0x08005860                PROVIDE (__init_array_end = .)

.fini_array     0x08005860        0x4
                0x08005860                PROVIDE (__fini_array_start = .)
 *(SORT_BY_NAME(.fini_array.*))
 *(.fini_array*)
 .fini_array    0x08005860        0x4 c:/ac6/systemworkbench/plugins/fr.ac6.mcu.externaltools.arm-none.win32_1.17.0.201812190825/tools/compiler/bin/../lib/gcc/arm-none-eabi/7.3.1/thumb/v7e-m/fpv4-sp/hard/crtbegin.o
                0x08005864                PROVIDE (__fini_array_end = .)
                0x08005864                _sidata = LOADADDR (.data)

.data           0x20000000      0x47c load address 0x08005864
                0x20000000                . = ALIGN (0x4)
                0x20000000                _sdata = .
 *(.data)
 .data          0x20000000       0x30 StdPeriph_Driver/src/stm32f30x_rcc.o
 .data          0x20000030        0x4 Third-Party/FreeRTOS/org/Source/portable/GCC/ARM_CM4F/port.o
 .data          0x20000034        0x1 src/main.o
                0x20000034                UART_ACCESS_KEY
 *fill*         0x20000035        0x3 
 .data          0x20000038       0x14 src/system_stm32f30x.o
                0x20000038                SystemCoreClock
                0x2000003c                AHBPrescTable
 *(.data*)
 *fill*         0x2000004c        0x4 
 .data.impure_data
                0x20000050      0x428 c:/ac6/systemworkbench/plugins/fr.ac6.mcu.externaltools.arm-none.win32_1.17.0.201812190825/tools/compiler/bin/../lib/gcc/arm-none-eabi/7.3.1/../../../../arm-none-eabi/lib/thumb/v7e-m/fpv4-sp/hard\libc.a(lib_a-impure.o)
 .data.__atexit_recursive_mutex
                0x20000478        0x4 c:/ac6/systemworkbench/plugins/fr.ac6.mcu.externaltools.arm-none.win32_1.17.0.201812190825/tools/compiler/bin/../lib/gcc/arm-none-eabi/7.3.1/../../../../arm-none-eabi/lib/thumb/v7e-m/fpv4-sp/hard\libc.a(lib_a-__call_atexit.o)
                0x20000478                __atexit_recursive_mutex
                0x2000047c                . = ALIGN (0x4)
                0x2000047c                _edata = .

.igot.plt       0x2000047c        0x0 load address 0x08005ce0
 .igot.plt      0x2000047c        0x0 c:/ac6/systemworkbench/plugins/fr.ac6.mcu.externaltools.arm-none.win32_1.17.0.201812190825/tools/compiler/bin/../lib/gcc/arm-none-eabi/7.3.1/thumb/v7e-m/fpv4-sp/hard/crtbegin.o
                0x2000047c                . = ALIGN (0x4)

.bss            0x2000047c     0x3464 load address 0x08005ce0
                0x2000047c                _sbss = .
                0x2000047c                __bss_start__ = _sbss
 *(.bss)
 .bss           0x2000047c       0x1c c:/ac6/systemworkbench/plugins/fr.ac6.mcu.externaltools.arm-none.win32_1.17.0.201812190825/tools/compiler/bin/../lib/gcc/arm-none-eabi/7.3.1/thumb/v7e-m/fpv4-sp/hard/crtbegin.o
 .bss           0x20000498      0x104 Third-Party/FreeRTOS/org/Source/tasks.o
                0x20000498                pxCurrentTCB
 .bss           0x2000059c       0x3c Third-Party/FreeRTOS/org/Source/timers.o
 .bss           0x200005d8        0x8 Third-Party/FreeRTOS/org/Source/portable/GCC/ARM_CM4F/port.o
 .bss           0x200005e0     0x2418 Third-Party/FreeRTOS/org/Source/portable/MemMang/heap_4.o
 .bss           0x200029f8       0xa4 Third-Party/SEGGER/OS/SEGGER_SYSVIEW_FreeRTOS.o
 .bss           0x20002a9c      0x411 Third-Party/SEGGER/SEGGER/SEGGER_RTT.o
 *fill*         0x20002ead        0x3 
 .bss           0x20002eb0      0x91b Third-Party/SEGGER/SEGGER/SEGGER_SYSVIEW.o
 *fill*         0x200037cb        0x1 
 .bss           0x200037cc        0x8 src/main.o
                0x200037cc                xTaskHandle1
                0x200037d0                xTaskHandle2
 *(.bss*)
 *(COMMON)
 COMMON         0x200037d4       0x21 c:/ac6/systemworkbench/plugins/fr.ac6.mcu.externaltools.arm-none.win32_1.17.0.201812190825/tools/compiler/bin/../lib/gcc/arm-none-eabi/7.3.1/../../../../arm-none-eabi/lib/thumb/v7e-m/fpv4-sp/hard\libc.a(lib_a-lock.o)
                0x200037d4                __lock___atexit_recursive_mutex
                0x200037d8                __lock___arc4random_mutex
                0x200037dc                __lock___env_recursive_mutex
                0x200037e0                __lock___sinit_recursive_mutex
                0x200037e4                __lock___malloc_recursive_mutex
                0x200037e8                __lock___at_quick_exit_mutex
                0x200037ec                __lock___dd_hash_mutex
                0x200037f0                __lock___tz_mutex
                0x200037f4                __lock___sfp_recursive_mutex
 *fill*         0x200037f5        0x3 
 COMMON         0x200037f8       0x40 Third-Party/FreeRTOS/org/Source/queue.o
                0x200037f8                xQueueRegistry
 COMMON         0x20003838       0xa8 Third-Party/SEGGER/SEGGER/SEGGER_RTT.o
                0x20003838                _SEGGER_RTT
                0x200038e0                . = ALIGN (0x4)
                0x200038e0                _ebss = .
                0x200038e0                __bss_end__ = _ebss

._user_heap_stack
                0x200038e0      0x600 load address 0x08005ce0
                0x200038e0                . = ALIGN (0x8)
                0x200038e0                PROVIDE (end = .)
                [!provide]                PROVIDE (_end = .)
                0x20003ae0                . = (. + _Min_Heap_Size)
 *fill*         0x200038e0      0x200 
                0x20003ee0                . = (. + _Min_Stack_Size)
 *fill*         0x20003ae0      0x400 
                0x20003ee0                . = ALIGN (0x8)

.memory_b1_text
 *(.mb1text)
 *(.mb1text*)
 *(.mb1rodata)
 *(.mb1rodata*)

/DISCARD/
 libc.a(*)
 libm.a(*)
 libgcc.a(*)

.ARM.attributes
                0x00000000       0x30
 *(.ARM.attributes)
 .ARM.attributes
                0x00000000       0x22 c:/ac6/systemworkbench/plugins/fr.ac6.mcu.externaltools.arm-none.win32_1.17.0.201812190825/tools/compiler/bin/../lib/gcc/arm-none-eabi/7.3.1/thumb/v7e-m/fpv4-sp/hard/crti.o
 .ARM.attributes
                0x00000022       0x34 c:/ac6/systemworkbench/plugins/fr.ac6.mcu.externaltools.arm-none.win32_1.17.0.201812190825/tools/compiler/bin/../lib/gcc/arm-none-eabi/7.3.1/thumb/v7e-m/fpv4-sp/hard/crtbegin.o
 .ARM.attributes
                0x00000056       0x34 c:/ac6/systemworkbench/plugins/fr.ac6.mcu.externaltools.arm-none.win32_1.17.0.201812190825/tools/compiler/bin/../lib/gcc/arm-none-eabi/7.3.1/../../../../arm-none-eabi/lib/thumb/v7e-m/fpv4-sp/hard\libc.a(lib_a-impure.o)
 .ARM.attributes
                0x0000008a       0x34 c:/ac6/systemworkbench/plugins/fr.ac6.mcu.externaltools.arm-none.win32_1.17.0.201812190825/tools/compiler/bin/../lib/gcc/arm-none-eabi/7.3.1/../../../../arm-none-eabi/lib/thumb/v7e-m/fpv4-sp/hard\libc.a(lib_a-init.o)
 .ARM.attributes
                0x000000be       0x34 c:/ac6/systemworkbench/plugins/fr.ac6.mcu.externaltools.arm-none.win32_1.17.0.201812190825/tools/compiler/bin/../lib/gcc/arm-none-eabi/7.3.1/../../../../arm-none-eabi/lib/thumb/v7e-m/fpv4-sp/hard\libc.a(lib_a-memset.o)
 .ARM.attributes
                0x000000f2       0x34 c:/ac6/systemworkbench/plugins/fr.ac6.mcu.externaltools.arm-none.win32_1.17.0.201812190825/tools/compiler/bin/../lib/gcc/arm-none-eabi/7.3.1/../../../../arm-none-eabi/lib/thumb/v7e-m/fpv4-sp/hard\libc.a(lib_a-__call_atexit.o)
 .ARM.attributes
                0x00000126       0x34 c:/ac6/systemworkbench/plugins/fr.ac6.mcu.externaltools.arm-none.win32_1.17.0.201812190825/tools/compiler/bin/../lib/gcc/arm-none-eabi/7.3.1/../../../../arm-none-eabi/lib/thumb/v7e-m/fpv4-sp/hard\libc.a(lib_a-atexit.o)
 .ARM.attributes
                0x0000015a       0x34 c:/ac6/systemworkbench/plugins/fr.ac6.mcu.externaltools.arm-none.win32_1.17.0.201812190825/tools/compiler/bin/../lib/gcc/arm-none-eabi/7.3.1/../../../../arm-none-eabi/lib/thumb/v7e-m/fpv4-sp/hard\libc.a(lib_a-fini.o)
 .ARM.attributes
                0x0000018e       0x34 c:/ac6/systemworkbench/plugins/fr.ac6.mcu.externaltools.arm-none.win32_1.17.0.201812190825/tools/compiler/bin/../lib/gcc/arm-none-eabi/7.3.1/../../../../arm-none-eabi/lib/thumb/v7e-m/fpv4-sp/hard\libc.a(lib_a-lock.o)
 .ARM.attributes
                0x000001c2       0x34 c:/ac6/systemworkbench/plugins/fr.ac6.mcu.externaltools.arm-none.win32_1.17.0.201812190825/tools/compiler/bin/../lib/gcc/arm-none-eabi/7.3.1/../../../../arm-none-eabi/lib/thumb/v7e-m/fpv4-sp/hard\libc.a(lib_a-__atexit.o)
 .ARM.attributes
                0x000001f6       0x39 StdPeriph_Driver/src/stm32f30x_gpio.o
 .ARM.attributes
                0x0000022f       0x39 StdPeriph_Driver/src/stm32f30x_rcc.o
 .ARM.attributes
                0x00000268       0x39 StdPeriph_Driver/src/stm32f30x_usart.o
 .ARM.attributes
                0x000002a1       0x39 Third-Party/FreeRTOS/org/Source/list.o
 .ARM.attributes
                0x000002da       0x39 Third-Party/FreeRTOS/org/Source/queue.o
 .ARM.attributes
                0x00000313       0x39 Third-Party/FreeRTOS/org/Source/tasks.o
 .ARM.attributes
                0x0000034c       0x39 Third-Party/FreeRTOS/org/Source/timers.o
 .ARM.attributes
                0x00000385       0x39 Third-Party/FreeRTOS/org/Source/portable/GCC/ARM_CM4F/port.o
 .ARM.attributes
                0x000003be       0x39 Third-Party/FreeRTOS/org/Source/portable/MemMang/heap_4.o
 .ARM.attributes
                0x000003f7       0x39 Third-Party/SEGGER/Config/SEGGER_SYSVIEW_Config_FreeRTOS.o
 .ARM.attributes
                0x00000430       0x39 Third-Party/SEGGER/OS/SEGGER_SYSVIEW_FreeRTOS.o
 .ARM.attributes
                0x00000469       0x39 Third-Party/SEGGER/SEGGER/SEGGER_RTT.o
 .ARM.attributes
                0x000004a2       0x39 Third-Party/SEGGER/SEGGER/SEGGER_SYSVIEW.o
 .ARM.attributes
                0x000004db       0x39 src/main.o
 .ARM.attributes
                0x00000514       0x39 src/system_stm32f30x.o
 .ARM.attributes
                0x0000054d       0x21 startup/startup_stm32f302x8.o
 .ARM.attributes
                0x0000056e       0x34 c:/ac6/systemworkbench/plugins/fr.ac6.mcu.externaltools.arm-none.win32_1.17.0.201812190825/tools/compiler/bin/../lib/gcc/arm-none-eabi/7.3.1/../../../../arm-none-eabi/lib/thumb/v7e-m/fpv4-sp/hard\libc.a(lib_a-memcmp.o)
 .ARM.attributes
                0x000005a2       0x20 c:/ac6/systemworkbench/plugins/fr.ac6.mcu.externaltools.arm-none.win32_1.17.0.201812190825/tools/compiler/bin/../lib/gcc/arm-none-eabi/7.3.1/../../../../arm-none-eabi/lib/thumb/v7e-m/fpv4-sp/hard\libc.a(lib_a-memcpy.o)
 .ARM.attributes
                0x000005c2       0x20 c:/ac6/systemworkbench/plugins/fr.ac6.mcu.externaltools.arm-none.win32_1.17.0.201812190825/tools/compiler/bin/../lib/gcc/arm-none-eabi/7.3.1/../../../../arm-none-eabi/lib/thumb/v7e-m/fpv4-sp/hard\libc.a(lib_a-strlen.o)
 .ARM.attributes
                0x000005e2       0x22 c:/ac6/systemworkbench/plugins/fr.ac6.mcu.externaltools.arm-none.win32_1.17.0.201812190825/tools/compiler/bin/../lib/gcc/arm-none-eabi/7.3.1/thumb/v7e-m/fpv4-sp/hard/crtn.o
OUTPUT(STM32_HelloWorld.elf elf32-littlearm)

.debug_frame    0x00000000     0x3980
 .debug_frame   0x00000000       0x2c c:/ac6/systemworkbench/plugins/fr.ac6.mcu.externaltools.arm-none.win32_1.17.0.201812190825/tools/compiler/bin/../lib/gcc/arm-none-eabi/7.3.1/../../../../arm-none-eabi/lib/thumb/v7e-m/fpv4-sp/hard\libc.a(lib_a-init.o)
 .debug_frame   0x0000002c       0x38 c:/ac6/systemworkbench/plugins/fr.ac6.mcu.externaltools.arm-none.win32_1.17.0.201812190825/tools/compiler/bin/../lib/gcc/arm-none-eabi/7.3.1/../../../../arm-none-eabi/lib/thumb/v7e-m/fpv4-sp/hard\libc.a(lib_a-memset.o)
 .debug_frame   0x00000064       0x5c c:/ac6/systemworkbench/plugins/fr.ac6.mcu.externaltools.arm-none.win32_1.17.0.201812190825/tools/compiler/bin/../lib/gcc/arm-none-eabi/7.3.1/../../../../arm-none-eabi/lib/thumb/v7e-m/fpv4-sp/hard\libc.a(lib_a-__call_atexit.o)
 .debug_frame   0x000000c0       0x20 c:/ac6/systemworkbench/plugins/fr.ac6.mcu.externaltools.arm-none.win32_1.17.0.201812190825/tools/compiler/bin/../lib/gcc/arm-none-eabi/7.3.1/../../../../arm-none-eabi/lib/thumb/v7e-m/fpv4-sp/hard\libc.a(lib_a-atexit.o)
 .debug_frame   0x000000e0       0x34 c:/ac6/systemworkbench/plugins/fr.ac6.mcu.externaltools.arm-none.win32_1.17.0.201812190825/tools/compiler/bin/../lib/gcc/arm-none-eabi/7.3.1/../../../../arm-none-eabi/lib/thumb/v7e-m/fpv4-sp/hard\libc.a(lib_a-fini.o)
 .debug_frame   0x00000114       0xb0 c:/ac6/systemworkbench/plugins/fr.ac6.mcu.externaltools.arm-none.win32_1.17.0.201812190825/tools/compiler/bin/../lib/gcc/arm-none-eabi/7.3.1/../../../../arm-none-eabi/lib/thumb/v7e-m/fpv4-sp/hard\libc.a(lib_a-lock.o)
 .debug_frame   0x000001c4       0x34 c:/ac6/systemworkbench/plugins/fr.ac6.mcu.externaltools.arm-none.win32_1.17.0.201812190825/tools/compiler/bin/../lib/gcc/arm-none-eabi/7.3.1/../../../../arm-none-eabi/lib/thumb/v7e-m/fpv4-sp/hard\libc.a(lib_a-__atexit.o)
 .debug_frame   0x000001f8      0x214 StdPeriph_Driver/src/stm32f30x_gpio.o
 .debug_frame   0x0000040c      0x634 StdPeriph_Driver/src/stm32f30x_rcc.o
 .debug_frame   0x00000a40      0x7b0 StdPeriph_Driver/src/stm32f30x_usart.o
 .debug_frame   0x000011f0       0xd8 Third-Party/FreeRTOS/org/Source/list.o
 .debug_frame   0x000012c8      0x540 Third-Party/FreeRTOS/org/Source/queue.o
 .debug_frame   0x00001808      0x8bc Third-Party/FreeRTOS/org/Source/tasks.o
 .debug_frame   0x000020c4      0x368 Third-Party/FreeRTOS/org/Source/timers.o
 .debug_frame   0x0000242c      0x1a8 Third-Party/FreeRTOS/org/Source/portable/GCC/ARM_CM4F/port.o
 .debug_frame   0x000025d4      0x108 Third-Party/FreeRTOS/org/Source/portable/MemMang/heap_4.o
 .debug_frame   0x000026dc       0x48 Third-Party/SEGGER/Config/SEGGER_SYSVIEW_Config_FreeRTOS.o
 .debug_frame   0x00002724      0x100 Third-Party/SEGGER/OS/SEGGER_SYSVIEW_FreeRTOS.o
 .debug_frame   0x00002824      0x478 Third-Party/SEGGER/SEGGER/SEGGER_RTT.o
 .debug_frame   0x00002c9c      0xb5c Third-Party/SEGGER/SEGGER/SEGGER_SYSVIEW.o
 .debug_frame   0x000037f8       0xd4 src/main.o
 .debug_frame   0x000038cc       0x7c src/system_stm32f30x.o
 .debug_frame   0x00003948       0x38 c:/ac6/systemworkbench/plugins/fr.ac6.mcu.externaltools.arm-none.win32_1.17.0.201812190825/tools/compiler/bin/../lib/gcc/arm-none-eabi/7.3.1/../../../../arm-none-eabi/lib/thumb/v7e-m/fpv4-sp/hard\libc.a(lib_a-memcmp.o)

.debug_info     0x00000000    0x10b19
 .debug_info    0x00000000      0x62f StdPeriph_Driver/src/stm32f30x_gpio.o
 .debug_info    0x0000062f      0xb5b StdPeriph_Driver/src/stm32f30x_rcc.o
 .debug_info    0x0000118a      0xf0a StdPeriph_Driver/src/stm32f30x_usart.o
 .debug_info    0x00002094      0xb02 Third-Party/FreeRTOS/org/Source/list.o
 .debug_info    0x00002b96     0x1f61 Third-Party/FreeRTOS/org/Source/queue.o
 .debug_info    0x00004af7     0x27c4 Third-Party/FreeRTOS/org/Source/tasks.o
 .debug_info    0x000072bb     0x1495 Third-Party/FreeRTOS/org/Source/timers.o
 .debug_info    0x00008750      0x581 Third-Party/FreeRTOS/org/Source/portable/GCC/ARM_CM4F/port.o
 .debug_info    0x00008cd1      0xc21 Third-Party/FreeRTOS/org/Source/portable/MemMang/heap_4.o
 .debug_info    0x000098f2      0x136 Third-Party/SEGGER/Config/SEGGER_SYSVIEW_Config_FreeRTOS.o
 .debug_info    0x00009a28      0xbb4 Third-Party/SEGGER/OS/SEGGER_SYSVIEW_FreeRTOS.o
 .debug_info    0x0000a5dc     0x16b9 Third-Party/SEGGER/SEGGER/SEGGER_RTT.o
 .debug_info    0x0000bc95     0x3aea Third-Party/SEGGER/SEGGER/SEGGER_SYSVIEW.o
 .debug_info    0x0000f77f      0xee5 src/main.o
 .debug_info    0x00010664      0x493 src/system_stm32f30x.o
 .debug_info    0x00010af7       0x22 startup/startup_stm32f302x8.o

.debug_abbrev   0x00000000     0x231b
 .debug_abbrev  0x00000000      0x1bf StdPeriph_Driver/src/stm32f30x_gpio.o
 .debug_abbrev  0x000001bf      0x1fd StdPeriph_Driver/src/stm32f30x_rcc.o
 .debug_abbrev  0x000003bc      0x187 StdPeriph_Driver/src/stm32f30x_usart.o
 .debug_abbrev  0x00000543      0x205 Third-Party/FreeRTOS/org/Source/list.o
 .debug_abbrev  0x00000748      0x352 Third-Party/FreeRTOS/org/Source/queue.o
 .debug_abbrev  0x00000a9a      0x395 Third-Party/FreeRTOS/org/Source/tasks.o
 .debug_abbrev  0x00000e2f      0x2fe Third-Party/FreeRTOS/org/Source/timers.o
 .debug_abbrev  0x0000112d      0x221 Third-Party/FreeRTOS/org/Source/portable/GCC/ARM_CM4F/port.o
 .debug_abbrev  0x0000134e      0x2db Third-Party/FreeRTOS/org/Source/portable/MemMang/heap_4.o
 .debug_abbrev  0x00001629       0xcd Third-Party/SEGGER/Config/SEGGER_SYSVIEW_Config_FreeRTOS.o
 .debug_abbrev  0x000016f6      0x22a Third-Party/SEGGER/OS/SEGGER_SYSVIEW_FreeRTOS.o
 .debug_abbrev  0x00001920      0x2d6 Third-Party/SEGGER/SEGGER/SEGGER_RTT.o
 .debug_abbrev  0x00001bf6      0x336 Third-Party/SEGGER/SEGGER/SEGGER_SYSVIEW.o
 .debug_abbrev  0x00001f2c      0x294 src/main.o
 .debug_abbrev  0x000021c0      0x149 src/system_stm32f30x.o
 .debug_abbrev  0x00002309       0x12 startup/startup_stm32f302x8.o

.debug_aranges  0x00000000      0xd08
 .debug_aranges
                0x00000000       0x80 StdPeriph_Driver/src/stm32f30x_gpio.o
 .debug_aranges
                0x00000080      0x158 StdPeriph_Driver/src/stm32f30x_rcc.o
 .debug_aranges
                0x000001d8      0x1a0 StdPeriph_Driver/src/stm32f30x_usart.o
 .debug_aranges
                0x00000378       0x40 Third-Party/FreeRTOS/org/Source/list.o
 .debug_aranges
                0x000003b8      0x130 Third-Party/FreeRTOS/org/Source/queue.o
 .debug_aranges
                0x000004e8      0x1f8 Third-Party/FreeRTOS/org/Source/tasks.o
 .debug_aranges
                0x000006e0       0xd0 Third-Party/FreeRTOS/org/Source/timers.o
 .debug_aranges
                0x000007b0       0x80 Third-Party/FreeRTOS/org/Source/portable/GCC/ARM_CM4F/port.o
 .debug_aranges
                0x00000830       0x50 Third-Party/FreeRTOS/org/Source/portable/MemMang/heap_4.o
 .debug_aranges
                0x00000880       0x28 Third-Party/SEGGER/Config/SEGGER_SYSVIEW_Config_FreeRTOS.o
 .debug_aranges
                0x000008a8       0x48 Third-Party/SEGGER/OS/SEGGER_SYSVIEW_FreeRTOS.o
 .debug_aranges
                0x000008f0      0x110 Third-Party/SEGGER/SEGGER/SEGGER_RTT.o
 .debug_aranges
                0x00000a00      0x268 Third-Party/SEGGER/SEGGER/SEGGER_SYSVIEW.o
 .debug_aranges
                0x00000c68       0x48 src/main.o
 .debug_aranges
                0x00000cb0       0x30 src/system_stm32f30x.o
 .debug_aranges
                0x00000ce0       0x28 startup/startup_stm32f302x8.o

.debug_ranges   0x00000000      0xc10
 .debug_ranges  0x00000000       0x70 StdPeriph_Driver/src/stm32f30x_gpio.o
 .debug_ranges  0x00000070      0x148 StdPeriph_Driver/src/stm32f30x_rcc.o
 .debug_ranges  0x000001b8      0x190 StdPeriph_Driver/src/stm32f30x_usart.o
 .debug_ranges  0x00000348       0x30 Third-Party/FreeRTOS/org/Source/list.o
 .debug_ranges  0x00000378      0x120 Third-Party/FreeRTOS/org/Source/queue.o
 .debug_ranges  0x00000498      0x1e8 Third-Party/FreeRTOS/org/Source/tasks.o
 .debug_ranges  0x00000680       0xc0 Third-Party/FreeRTOS/org/Source/timers.o
 .debug_ranges  0x00000740       0x70 Third-Party/FreeRTOS/org/Source/portable/GCC/ARM_CM4F/port.o
 .debug_ranges  0x000007b0       0x40 Third-Party/FreeRTOS/org/Source/portable/MemMang/heap_4.o
 .debug_ranges  0x000007f0       0x18 Third-Party/SEGGER/Config/SEGGER_SYSVIEW_Config_FreeRTOS.o
 .debug_ranges  0x00000808       0x38 Third-Party/SEGGER/OS/SEGGER_SYSVIEW_FreeRTOS.o
 .debug_ranges  0x00000840      0x100 Third-Party/SEGGER/SEGGER/SEGGER_RTT.o
 .debug_ranges  0x00000940      0x258 Third-Party/SEGGER/SEGGER/SEGGER_SYSVIEW.o
 .debug_ranges  0x00000b98       0x38 src/main.o
 .debug_ranges  0x00000bd0       0x20 src/system_stm32f30x.o
 .debug_ranges  0x00000bf0       0x20 startup/startup_stm32f302x8.o

.debug_macro    0x00000000     0x3efa
 .debug_macro   0x00000000      0x1a8 StdPeriph_Driver/src/stm32f30x_gpio.o
 .debug_macro   0x000001a8      0x1b7 StdPeriph_Driver/src/stm32f30x_gpio.o
 .debug_macro   0x0000035f      0x241 StdPeriph_Driver/src/stm32f30x_rcc.o
 .debug_macro   0x000005a0      0x668 StdPeriph_Driver/src/stm32f30x_rcc.o
 .debug_macro   0x00000c08      0x1c0 StdPeriph_Driver/src/stm32f30x_usart.o
 .debug_macro   0x00000dc8      0x35e StdPeriph_Driver/src/stm32f30x_usart.o
 .debug_macro   0x00001126      0x2f6 Third-Party/FreeRTOS/org/Source/list.o
 .debug_macro   0x0000141c      0x380 Third-Party/FreeRTOS/org/Source/queue.o
 .debug_macro   0x0000179c       0x16 Third-Party/FreeRTOS/org/Source/queue.o
 .debug_macro   0x000017b2       0x35 Third-Party/FreeRTOS/org/Source/queue.o
 .debug_macro   0x000017e7       0x80 Third-Party/FreeRTOS/org/Source/queue.o
 .debug_macro   0x00001867      0x3f1 Third-Party/FreeRTOS/org/Source/tasks.o
 .debug_macro   0x00001c58       0x10 Third-Party/FreeRTOS/org/Source/tasks.o
 .debug_macro   0x00001c68      0x34b Third-Party/FreeRTOS/org/Source/timers.o
 .debug_macro   0x00001fb3       0x97 Third-Party/FreeRTOS/org/Source/timers.o
 .debug_macro   0x0000204a      0x312 Third-Party/FreeRTOS/org/Source/portable/GCC/ARM_CM4F/port.o
 .debug_macro   0x0000235c      0x31d Third-Party/FreeRTOS/org/Source/portable/MemMang/heap_4.o
 .debug_macro   0x00002679      0x252 Third-Party/SEGGER/Config/SEGGER_SYSVIEW_Config_FreeRTOS.o
 .debug_macro   0x000028cb      0x30c Third-Party/SEGGER/OS/SEGGER_SYSVIEW_FreeRTOS.o
 .debug_macro   0x00002bd7      0x164 Third-Party/SEGGER/SEGGER/SEGGER_RTT.o
 .debug_macro   0x00002d3b       0x4f Third-Party/SEGGER/SEGGER/SEGGER_RTT.o
 .debug_macro   0x00002d8a      0x115 Third-Party/SEGGER/SEGGER/SEGGER_RTT.o
 .debug_macro   0x00002e9f      0x1f8 Third-Party/SEGGER/SEGGER/SEGGER_SYSVIEW.o
 .debug_macro   0x00003097       0x65 Third-Party/SEGGER/SEGGER/SEGGER_SYSVIEW.o
 .debug_macro   0x000030fc       0x35 Third-Party/SEGGER/SEGGER/SEGGER_SYSVIEW.o
 .debug_macro   0x00003131      0x11b Third-Party/SEGGER/SEGGER/SEGGER_SYSVIEW.o
 .debug_macro   0x0000324c      0x3e8 src/main.o
 .debug_macro   0x00003634       0x16 src/main.o
 .debug_macro   0x0000364a       0x97 src/main.o
 .debug_macro   0x000036e1       0xfd src/main.o
 .debug_macro   0x000037de       0x10 src/main.o
 .debug_macro   0x000037ee       0x10 src/main.o
 .debug_macro   0x000037fe       0x1c src/main.o
 .debug_macro   0x0000381a       0x52 src/main.o
 .debug_macro   0x0000386c       0x40 src/main.o
 .debug_macro   0x000038ac       0x10 src/main.o
 .debug_macro   0x000038bc       0x40 src/main.o
 .debug_macro   0x000038fc       0xd7 src/main.o
 .debug_macro   0x000039d3       0x1c src/main.o
 .debug_macro   0x000039ef       0x3d src/main.o
 .debug_macro   0x00003a2c       0x16 src/main.o
 .debug_macro   0x00003a42      0x16f src/main.o
 .debug_macro   0x00003bb1       0x4c src/main.o
 .debug_macro   0x00003bfd      0x157 src/main.o
 .debug_macro   0x00003d54      0x1a6 src/system_stm32f30x.o

.debug_line     0x00000000     0xb26e
 .debug_line    0x00000000      0x721 StdPeriph_Driver/src/stm32f30x_gpio.o
 .debug_line    0x00000721      0x9ec StdPeriph_Driver/src/stm32f30x_rcc.o
 .debug_line    0x0000110d      0xa0c StdPeriph_Driver/src/stm32f30x_usart.o
 .debug_line    0x00001b19      0x982 Third-Party/FreeRTOS/org/Source/list.o
 .debug_line    0x0000249b     0x12ea Third-Party/FreeRTOS/org/Source/queue.o
 .debug_line    0x00003785     0x1661 Third-Party/FreeRTOS/org/Source/tasks.o
 .debug_line    0x00004de6      0xcf3 Third-Party/FreeRTOS/org/Source/timers.o
 .debug_line    0x00005ad9      0xacf Third-Party/FreeRTOS/org/Source/portable/GCC/ARM_CM4F/port.o
 .debug_line    0x000065a8      0xa68 Third-Party/FreeRTOS/org/Source/portable/MemMang/heap_4.o
 .debug_line    0x00007010      0x8a3 Third-Party/SEGGER/Config/SEGGER_SYSVIEW_Config_FreeRTOS.o
 .debug_line    0x000078b3      0xa13 Third-Party/SEGGER/OS/SEGGER_SYSVIEW_FreeRTOS.o
 .debug_line    0x000082c6      0x7bf Third-Party/SEGGER/SEGGER/SEGGER_RTT.o
 .debug_line    0x00008a85     0x1692 Third-Party/SEGGER/SEGGER/SEGGER_SYSVIEW.o
 .debug_line    0x0000a117      0xab2 src/main.o
 .debug_line    0x0000abc9      0x626 src/system_stm32f30x.o
 .debug_line    0x0000b1ef       0x7f startup/startup_stm32f302x8.o

.debug_str      0x00000000    0x8331b
 .debug_str     0x00000000    0x70293 StdPeriph_Driver/src/stm32f30x_gpio.o
                              0x70454 (size before relaxing)
 .debug_str     0x00070293      0xafe StdPeriph_Driver/src/stm32f30x_rcc.o
                              0x70c92 (size before relaxing)
 .debug_str     0x00070d91      0x810 StdPeriph_Driver/src/stm32f30x_usart.o
                              0x70b34 (size before relaxing)
 .debug_str     0x000715a1     0x9d49 Third-Party/FreeRTOS/org/Source/list.o
                              0x79f68 (size before relaxing)
 .debug_str     0x0007b2ea     0x16bf Third-Party/FreeRTOS/org/Source/queue.o
                              0x7b61a (size before relaxing)
 .debug_str     0x0007c9a9     0x1c5d Third-Party/FreeRTOS/org/Source/tasks.o
                              0x7c3ee (size before relaxing)
 .debug_str     0x0007e606      0x514 Third-Party/FreeRTOS/org/Source/timers.o
                              0x7ba6b (size before relaxing)
 .debug_str     0x0007eb1a      0x7fb Third-Party/FreeRTOS/org/Source/portable/GCC/ARM_CM4F/port.o
                              0x78102 (size before relaxing)
 .debug_str     0x0007f315      0x249 Third-Party/FreeRTOS/org/Source/portable/MemMang/heap_4.o
                              0x7a75b (size before relaxing)
 .debug_str     0x0007f55e      0x174 Third-Party/SEGGER/Config/SEGGER_SYSVIEW_Config_FreeRTOS.o
                              0x76b85 (size before relaxing)
 .debug_str     0x0007f6d2       0xfb Third-Party/SEGGER/OS/SEGGER_SYSVIEW_FreeRTOS.o
                              0x7a55b (size before relaxing)
 .debug_str     0x0007f7cd      0xdca Third-Party/SEGGER/SEGGER/SEGGER_RTT.o
                               0x6dc9 (size before relaxing)
 .debug_str     0x00080597     0x12f7 Third-Party/SEGGER/SEGGER/SEGGER_SYSVIEW.o
                               0x8d6f (size before relaxing)
 .debug_str     0x0008188e     0x197b src/main.o
                              0x7bfc7 (size before relaxing)
 .debug_str     0x00083209       0xe3 src/system_stm32f30x.o
                              0x7029f (size before relaxing)
 .debug_str     0x000832ec       0x2f startup/startup_stm32f302x8.o
                                 0x63 (size before relaxing)

.comment        0x00000000       0x7f
 .comment       0x00000000       0x7f StdPeriph_Driver/src/stm32f30x_gpio.o
                                 0x80 (size before relaxing)
 .comment       0x0000007f       0x80 StdPeriph_Driver/src/stm32f30x_rcc.o
 .comment       0x0000007f       0x80 StdPeriph_Driver/src/stm32f30x_usart.o
 .comment       0x0000007f       0x80 Third-Party/FreeRTOS/org/Source/list.o
 .comment       0x0000007f       0x80 Third-Party/FreeRTOS/org/Source/queue.o
 .comment       0x0000007f       0x80 Third-Party/FreeRTOS/org/Source/tasks.o
 .comment       0x0000007f       0x80 Third-Party/FreeRTOS/org/Source/timers.o
 .comment       0x0000007f       0x80 Third-Party/FreeRTOS/org/Source/portable/GCC/ARM_CM4F/port.o
 .comment       0x0000007f       0x80 Third-Party/FreeRTOS/org/Source/portable/MemMang/heap_4.o
 .comment       0x0000007f       0x80 Third-Party/SEGGER/Config/SEGGER_SYSVIEW_Config_FreeRTOS.o
 .comment       0x0000007f       0x80 Third-Party/SEGGER/OS/SEGGER_SYSVIEW_FreeRTOS.o
 .comment       0x0000007f       0x80 Third-Party/SEGGER/SEGGER/SEGGER_RTT.o
 .comment       0x0000007f       0x80 Third-Party/SEGGER/SEGGER/SEGGER_SYSVIEW.o
 .comment       0x0000007f       0x80 src/main.o
 .comment       0x0000007f       0x80 src/system_stm32f30x.o
