Archive member included to satisfy reference by file (symbol)

c:/ac6/systemworkbench/plugins/fr.ac6.mcu.externaltools.arm-none.win32_1.17.0.201812190825/tools/compiler/bin/../lib/gcc/arm-none-eabi/7.3.1/../../../../arm-none-eabi/lib/thumb/v7e-m/fpv4-sp/hard\libc.a(lib_a-exit.o)
                              c:/ac6/systemworkbench/plugins/fr.ac6.mcu.externaltools.arm-none.win32_1.17.0.201812190825/tools/compiler/bin/../lib/gcc/arm-none-eabi/7.3.1/../../../../arm-none-eabi/lib/thumb/v7e-m/fpv4-sp/hard/rdimon-crt0.o (exit)
c:/ac6/systemworkbench/plugins/fr.ac6.mcu.externaltools.arm-none.win32_1.17.0.201812190825/tools/compiler/bin/../lib/gcc/arm-none-eabi/7.3.1/../../../../arm-none-eabi/lib/thumb/v7e-m/fpv4-sp/hard\libc.a(lib_a-impure.o)
                              c:/ac6/systemworkbench/plugins/fr.ac6.mcu.externaltools.arm-none.win32_1.17.0.201812190825/tools/compiler/bin/../lib/gcc/arm-none-eabi/7.3.1/../../../../arm-none-eabi/lib/thumb/v7e-m/fpv4-sp/hard\libc.a(lib_a-exit.o) (_global_impure_ptr)
c:/ac6/systemworkbench/plugins/fr.ac6.mcu.externaltools.arm-none.win32_1.17.0.201812190825/tools/compiler/bin/../lib/gcc/arm-none-eabi/7.3.1/../../../../arm-none-eabi/lib/thumb/v7e-m/fpv4-sp/hard\libc.a(lib_a-init.o)
                              c:/ac6/systemworkbench/plugins/fr.ac6.mcu.externaltools.arm-none.win32_1.17.0.201812190825/tools/compiler/bin/../lib/gcc/arm-none-eabi/7.3.1/../../../../arm-none-eabi/lib/thumb/v7e-m/fpv4-sp/hard/rdimon-crt0.o (__libc_init_array)
c:/ac6/systemworkbench/plugins/fr.ac6.mcu.externaltools.arm-none.win32_1.17.0.201812190825/tools/compiler/bin/../lib/gcc/arm-none-eabi/7.3.1/../../../../arm-none-eabi/lib/thumb/v7e-m/fpv4-sp/hard\libc.a(lib_a-memset.o)
                              c:/ac6/systemworkbench/plugins/fr.ac6.mcu.externaltools.arm-none.win32_1.17.0.201812190825/tools/compiler/bin/../lib/gcc/arm-none-eabi/7.3.1/../../../../arm-none-eabi/lib/thumb/v7e-m/fpv4-sp/hard/rdimon-crt0.o (memset)
c:/ac6/systemworkbench/plugins/fr.ac6.mcu.externaltools.arm-none.win32_1.17.0.201812190825/tools/compiler/bin/../lib/gcc/arm-none-eabi/7.3.1/../../../../arm-none-eabi/lib/thumb/v7e-m/fpv4-sp/hard\libc.a(lib_a-__call_atexit.o)
                              c:/ac6/systemworkbench/plugins/fr.ac6.mcu.externaltools.arm-none.win32_1.17.0.201812190825/tools/compiler/bin/../lib/gcc/arm-none-eabi/7.3.1/../../../../arm-none-eabi/lib/thumb/v7e-m/fpv4-sp/hard\libc.a(lib_a-exit.o) (__call_exitprocs)
c:/ac6/systemworkbench/plugins/fr.ac6.mcu.externaltools.arm-none.win32_1.17.0.201812190825/tools/compiler/bin/../lib/gcc/arm-none-eabi/7.3.1/../../../../arm-none-eabi/lib/thumb/v7e-m/fpv4-sp/hard\libc.a(lib_a-atexit.o)
                              c:/ac6/systemworkbench/plugins/fr.ac6.mcu.externaltools.arm-none.win32_1.17.0.201812190825/tools/compiler/bin/../lib/gcc/arm-none-eabi/7.3.1/../../../../arm-none-eabi/lib/thumb/v7e-m/fpv4-sp/hard\libc.a(lib_a-__call_atexit.o) (atexit)
c:/ac6/systemworkbench/plugins/fr.ac6.mcu.externaltools.arm-none.win32_1.17.0.201812190825/tools/compiler/bin/../lib/gcc/arm-none-eabi/7.3.1/../../../../arm-none-eabi/lib/thumb/v7e-m/fpv4-sp/hard\libc.a(lib_a-fini.o)
                              c:/ac6/systemworkbench/plugins/fr.ac6.mcu.externaltools.arm-none.win32_1.17.0.201812190825/tools/compiler/bin/../lib/gcc/arm-none-eabi/7.3.1/../../../../arm-none-eabi/lib/thumb/v7e-m/fpv4-sp/hard\libc.a(lib_a-__call_atexit.o) (__libc_fini_array)
c:/ac6/systemworkbench/plugins/fr.ac6.mcu.externaltools.arm-none.win32_1.17.0.201812190825/tools/compiler/bin/../lib/gcc/arm-none-eabi/7.3.1/../../../../arm-none-eabi/lib/thumb/v7e-m/fpv4-sp/hard\libc.a(lib_a-lock.o)
                              c:/ac6/systemworkbench/plugins/fr.ac6.mcu.externaltools.arm-none.win32_1.17.0.201812190825/tools/compiler/bin/../lib/gcc/arm-none-eabi/7.3.1/../../../../arm-none-eabi/lib/thumb/v7e-m/fpv4-sp/hard\libc.a(lib_a-__call_atexit.o) (__retarget_lock_acquire_recursive)
c:/ac6/systemworkbench/plugins/fr.ac6.mcu.externaltools.arm-none.win32_1.17.0.201812190825/tools/compiler/bin/../lib/gcc/arm-none-eabi/7.3.1/../../../../arm-none-eabi/lib/thumb/v7e-m/fpv4-sp/hard\libc.a(lib_a-__atexit.o)
                              c:/ac6/systemworkbench/plugins/fr.ac6.mcu.externaltools.arm-none.win32_1.17.0.201812190825/tools/compiler/bin/../lib/gcc/arm-none-eabi/7.3.1/../../../../arm-none-eabi/lib/thumb/v7e-m/fpv4-sp/hard\libc.a(lib_a-atexit.o) (__register_exitproc)
c:/ac6/systemworkbench/plugins/fr.ac6.mcu.externaltools.arm-none.win32_1.17.0.201812190825/tools/compiler/bin/../lib/gcc/arm-none-eabi/7.3.1/../../../../arm-none-eabi/lib/thumb/v7e-m/fpv4-sp/hard\librdimon.a(rdimon-syscalls.o)
                              c:/ac6/systemworkbench/plugins/fr.ac6.mcu.externaltools.arm-none.win32_1.17.0.201812190825/tools/compiler/bin/../lib/gcc/arm-none-eabi/7.3.1/../../../../arm-none-eabi/lib/thumb/v7e-m/fpv4-sp/hard/rdimon-crt0.o (initialise_monitor_handles)
[...]
Memory Configuration

Name             Origin             Length             Attributes
FLASH            0x08000000         0x00010000         xr
RAM              0x20000000         0x00004000         xrw
MEMORY_B1        0x60000000         0x00000000         xr
*default*        0x00000000         0xffffffff

Linker script and memory map

LOAD c:/ac6/systemworkbench/plugins/fr.ac6.mcu.externaltools.arm-none.win32_1.17.0.201812190825/tools/compiler/bin/../lib/gcc/arm-none-eabi/7.3.1/thumb/v7e-m/fpv4-sp/hard/crti.o
LOAD c:/ac6/systemworkbench/plugins/fr.ac6.mcu.externaltools.arm-none.win32_1.17.0.201812190825/tools/compiler/bin/../lib/gcc/arm-none-eabi/7.3.1/thumb/v7e-m/fpv4-sp/hard/crtbegin.o
LOAD c:/ac6/systemworkbench/plugins/fr.ac6.mcu.externaltools.arm-none.win32_1.17.0.201812190825/tools/compiler/bin/../lib/gcc/arm-none-eabi/7.3.1/../../../../arm-none-eabi/lib/thumb/v7e-m/fpv4-sp/hard/rdimon-crt0.o
LOAD c:/ac6/systemworkbench/plugins/fr.ac6.mcu.externaltools.arm-none.win32_1.17.0.201812190825/tools/compiler/bin/../lib/gcc/arm-none-eabi/7.3.1/../../../../arm-none-eabi/lib/thumb/v7e-m/fpv4-sp/hard\libc.a
LOAD c:/ac6/systemworkbench/plugins/fr.ac6.mcu.externaltools.arm-none.win32_1.17.0.201812190825/tools/compiler/bin/../lib/gcc/arm-none-eabi/7.3.1/../../../../arm-none-eabi/lib/thumb/v7e-m/fpv4-sp/hard\librdimon.a
LOAD StdPeriph_Driver/src/stm32f30x_adc.o
LOAD StdPeriph_Driver/src/stm32f30x_can.o
LOAD StdPeriph_Driver/src/stm32f30x_comp.o
LOAD StdPeriph_Driver/src/stm32f30x_crc.o
LOAD StdPeriph_Driver/src/stm32f30x_dac.o
LOAD StdPeriph_Driver/src/stm32f30x_dbgmcu.o
LOAD StdPeriph_Driver/src/stm32f30x_dma.o
LOAD StdPeriph_Driver/src/stm32f30x_exti.o
LOAD StdPeriph_Driver/src/stm32f30x_flash.o
LOAD StdPeriph_Driver/src/stm32f30x_gpio.o
LOAD StdPeriph_Driver/src/stm32f30x_hrtim.o
LOAD StdPeriph_Driver/src/stm32f30x_i2c.o
LOAD StdPeriph_Driver/src/stm32f30x_iwdg.o
LOAD StdPeriph_Driver/src/stm32f30x_misc.o
LOAD StdPeriph_Driver/src/stm32f30x_opamp.o
LOAD StdPeriph_Driver/src/stm32f30x_pwr.o
LOAD StdPeriph_Driver/src/stm32f30x_rcc.o
LOAD StdPeriph_Driver/src/stm32f30x_rtc.o
LOAD StdPeriph_Driver/src/stm32f30x_spi.o
LOAD StdPeriph_Driver/src/stm32f30x_syscfg.o
LOAD StdPeriph_Driver/src/stm32f30x_tim.o
LOAD StdPeriph_Driver/src/stm32f30x_usart.o
LOAD StdPeriph_Driver/src/stm32f30x_wwdg.o
LOAD Third-Party/FreeRTOS/org/Source/croutine.o
LOAD Third-Party/FreeRTOS/org/Source/event_groups.o
LOAD Third-Party/FreeRTOS/org/Source/list.o
LOAD Third-Party/FreeRTOS/org/Source/queue.o
LOAD Third-Party/FreeRTOS/org/Source/stream_buffer.o
LOAD Third-Party/FreeRTOS/org/Source/tasks.o
LOAD Third-Party/FreeRTOS/org/Source/timers.o
LOAD Third-Party/FreeRTOS/org/Source/portable/GCC/ARM_CM4F/port.o
LOAD Third-Party/FreeRTOS/org/Source/portable/MemMang/heap_4.o
LOAD Utilities/STM32F3xx_Nucleo/stm32f3xx_nucleo.o
LOAD src/main.o
LOAD src/system_stm32f30x.o
LOAD startup/startup_stm32f302x8.o
LOAD c:/ac6/systemworkbench/plugins/fr.ac6.mcu.externaltools.arm-none.win32_1.17.0.201812190825/tools/compiler/bin/../lib/gcc/arm-none-eabi/7.3.1/../../../../arm-none-eabi/lib/thumb/v7e-m/fpv4-sp/hard\libm.a
START GROUP
LOAD c:/ac6/systemworkbench/plugins/fr.ac6.mcu.externaltools.arm-none.win32_1.17.0.201812190825/tools/compiler/bin/../lib/gcc/arm-none-eabi/7.3.1/thumb/v7e-m/fpv4-sp/hard\libgcc.a
LOAD c:/ac6/systemworkbench/plugins/fr.ac6.mcu.externaltools.arm-none.win32_1.17.0.201812190825/tools/compiler/bin/../lib/gcc/arm-none-eabi/7.3.1/../../../../arm-none-eabi/lib/thumb/v7e-m/fpv4-sp/hard\libc.a
END GROUP
START GROUP
LOAD c:/ac6/systemworkbench/plugins/fr.ac6.mcu.externaltools.arm-none.win32_1.17.0.201812190825/tools/compiler/bin/../lib/gcc/arm-none-eabi/7.3.1/thumb/v7e-m/fpv4-sp/hard\libgcc.a
LOAD c:/ac6/systemworkbench/plugins/fr.ac6.mcu.externaltools.arm-none.win32_1.17.0.201812190825/tools/compiler/bin/../lib/gcc/arm-none-eabi/7.3.1/../../../../arm-none-eabi/lib/thumb/v7e-m/fpv4-sp/hard\libc.a
LOAD c:/ac6/systemworkbench/plugins/fr.ac6.mcu.externaltools.arm-none.win32_1.17.0.201812190825/tools/compiler/bin/../lib/gcc/arm-none-eabi/7.3.1/../../../../arm-none-eabi/lib/thumb/v7e-m/fpv4-sp/hard\librdimon.a
END GROUP
LOAD c:/ac6/systemworkbench/plugins/fr.ac6.mcu.externaltools.arm-none.win32_1.17.0.201812190825/tools/compiler/bin/../lib/gcc/arm-none-eabi/7.3.1/thumb/v7e-m/fpv4-sp/hard/crtend.o
LOAD c:/ac6/systemworkbench/plugins/fr.ac6.mcu.externaltools.arm-none.win32_1.17.0.201812190825/tools/compiler/bin/../lib/gcc/arm-none-eabi/7.3.1/thumb/v7e-m/fpv4-sp/hard/crtn.o
                0x20004000                _estack = 0x20004000
                0x00000200                _Min_Heap_Size = 0x200
                0x00000400                _Min_Stack_Size = 0x400

.isr_vector     0x08000000      0x188
                0x08000000                . = ALIGN (0x4)
 *(.isr_vector)
 .isr_vector    0x08000000      0x188 startup/startup_stm32f302x8.o
                0x08000000                g_pfnVectors
                0x08000188                . = ALIGN (0x4)

.text           0x080001c0     0x3828
                0x080001c0                . = ALIGN (0x4)
 *(.text)
 .text          0x080001c0       0x40 c:/ac6/systemworkbench/plugins/fr.ac6.mcu.externaltools.arm-none.win32_1.17.0.201812190825/tools/compiler/bin/../lib/gcc/arm-none-eabi/7.3.1/thumb/v7e-m/fpv4-sp/hard/crtbegin.o
 .text          0x08000200      0x134 c:/ac6/systemworkbench/plugins/fr.ac6.mcu.externaltools.arm-none.win32_1.17.0.201812190825/tools/compiler/bin/../lib/gcc/arm-none-eabi/7.3.1/../../../../arm-none-eabi/lib/thumb/v7e-m/fpv4-sp/hard\libc.a(lib_a-memcpy.o)
                0x08000200                memcpy
 *fill*         0x08000334        0xc 
 .text          0x08000340       0xdc c:/ac6/systemworkbench/plugins/fr.ac6.mcu.externaltools.arm-none.win32_1.17.0.201812190825/tools/compiler/bin/../lib/gcc/arm-none-eabi/7.3.1/../../../../arm-none-eabi/lib/thumb/v7e-m/fpv4-sp/hard\libc.a(lib_a-strlen.o)
                0x08000340                strlen
 *(.text*)
 .text.__libc_init_array
                0x0800041c       0x48 c:/ac6/systemworkbench/plugins/fr.ac6.mcu.externaltools.arm-none.win32_1.17.0.201812190825/tools/compiler/bin/../lib/gcc/arm-none-eabi/7.3.1/../../../../arm-none-eabi/lib/thumb/v7e-m/fpv4-sp/hard\libc.a(lib_a-init.o)
                0x0800041c                __libc_init_array
 .text.memset   0x08000464       0x94 c:/ac6/systemworkbench/plugins/fr.ac6.mcu.externaltools.arm-none.win32_1.17.0.201812190825/tools/compiler/bin/../lib/gcc/arm-none-eabi/7.3.1/../../../../arm-none-eabi/lib/thumb/v7e-m/fpv4-sp/hard\libc.a(lib_a-memset.o)
                0x08000464                memset
 .text.startup.register_fini
                0x080004f8       0x14 c:/ac6/systemworkbench/plugins/fr.ac6.mcu.externaltools.arm-none.win32_1.17.0.201812190825/tools/compiler/bin/../lib/gcc/arm-none-eabi/7.3.1/../../../../arm-none-eabi/lib/thumb/v7e-m/fpv4-sp/hard\libc.a(lib_a-__call_atexit.o)
 .text.atexit   0x0800050c        0xc c:/ac6/systemworkbench/plugins/fr.ac6.mcu.externaltools.arm-none.win32_1.17.0.201812190825/tools/compiler/bin/../lib/gcc/arm-none-eabi/7.3.1/../../../../arm-none-eabi/lib/thumb/v7e-m/fpv4-sp/hard\libc.a(lib_a-atexit.o)
                0x0800050c                atexit
 .text.__libc_fini_array
                0x08000518       0x34 c:/ac6/systemworkbench/plugins/fr.ac6.mcu.externaltools.arm-none.win32_1.17.0.201812190825/tools/compiler/bin/../lib/gcc/arm-none-eabi/7.3.1/../../../../arm-none-eabi/lib/thumb/v7e-m/fpv4-sp/hard\libc.a(lib_a-fini.o)
                0x08000518                __libc_fini_array
 .text.__retarget_lock_acquire_recursive
                0x0800054c        0x4 c:/ac6/systemworkbench/plugins/fr.ac6.mcu.externaltools.arm-none.win32_1.17.0.201812190825/tools/compiler/bin/../lib/gcc/arm-none-eabi/7.3.1/../../../../arm-none-eabi/lib/thumb/v7e-m/fpv4-sp/hard\libc.a(lib_a-lock.o)
                0x0800054c                __retarget_lock_acquire_recursive
 .text.__retarget_lock_release_recursive
                0x08000550        0x4 c:/ac6/systemworkbench/plugins/fr.ac6.mcu.externaltools.arm-none.win32_1.17.0.201812190825/tools/compiler/bin/../lib/gcc/arm-none-eabi/7.3.1/../../../../arm-none-eabi/lib/thumb/v7e-m/fpv4-sp/hard\libc.a(lib_a-lock.o)
                0x08000550                __retarget_lock_release_recursive
 .text.__register_exitproc
                0x08000554       0xc0 c:/ac6/systemworkbench/plugins/fr.ac6.mcu.externaltools.arm-none.win32_1.17.0.201812190825/tools/compiler/bin/../lib/gcc/arm-none-eabi/7.3.1/../../../../arm-none-eabi/lib/thumb/v7e-m/fpv4-sp/hard\libc.a(lib_a-__atexit.o)
                0x08000554                __register_exitproc
 .text.GPIO_Init
                0x08000614      0x132 StdPeriph_Driver/src/stm32f30x_gpio.o
                0x08000614                GPIO_Init
 .text.GPIO_PinAFConfig
                0x08000746       0x92 StdPeriph_Driver/src/stm32f30x_gpio.o
                0x08000746                GPIO_PinAFConfig
 .text.RCC_DeInit
                0x080007d8       0x7c StdPeriph_Driver/src/stm32f30x_rcc.o
                0x080007d8                RCC_DeInit
 .text.RCC_GetClocksFreq
                0x08000854      0x51c StdPeriph_Driver/src/stm32f30x_rcc.o
                0x08000854                RCC_GetClocksFreq
 .text.RCC_AHBPeriphClockCmd
                0x08000d70       0x40 StdPeriph_Driver/src/stm32f30x_rcc.o
                0x08000d70                RCC_AHBPeriphClockCmd
 .text.RCC_APB1PeriphClockCmd
                0x08000db0       0x40 StdPeriph_Driver/src/stm32f30x_rcc.o
                0x08000db0                RCC_APB1PeriphClockCmd
 .text.USART_Init
                0x08000df0      0x178 StdPeriph_Driver/src/stm32f30x_usart.o
                0x08000df0                USART_Init
 .text.USART_Cmd
                0x08000f68       0x38 StdPeriph_Driver/src/stm32f30x_usart.o
                0x08000f68                USART_Cmd
 .text.USART_SendData
                0x08000fa0       0x24 StdPeriph_Driver/src/stm32f30x_usart.o
                0x08000fa0                USART_SendData
 .text.USART_GetFlagStatus
                0x08000fc4       0x32 StdPeriph_Driver/src/stm32f30x_usart.o
                0x08000fc4                USART_GetFlagStatus
 .text.vListInitialise
                0x08000ff6       0x40 Third-Party/FreeRTOS/org/Source/list.o
                0x08000ff6                vListInitialise
 .text.vListInitialiseItem
                0x08001036       0x1a Third-Party/FreeRTOS/org/Source/list.o
                0x08001036                vListInitialiseItem
 .text.vListInsertEnd
                0x08001050       0x48 Third-Party/FreeRTOS/org/Source/list.o
                0x08001050                vListInsertEnd
 .text.vListInsert
                0x08001098       0x72 Third-Party/FreeRTOS/org/Source/list.o
                0x08001098                vListInsert
 .text.uxListRemove
                0x0800110a       0x54 Third-Party/FreeRTOS/org/Source/list.o
                0x0800110a                uxListRemove
 *fill*         0x0800115e        0x2 
 .text.xQueueGenericReset
                0x08001160       0xd0 Third-Party/FreeRTOS/org/Source/queue.o
                0x08001160                xQueueGenericReset
 .text.xQueueGenericCreate
                0x08001230       0x76 Third-Party/FreeRTOS/org/Source/queue.o
                0x08001230                xQueueGenericCreate
 .text.prvInitialiseNewQueue
                0x080012a6       0x46 Third-Party/FreeRTOS/org/Source/queue.o
 .text.xQueueGenericSend
                0x080012ec      0x1f4 Third-Party/FreeRTOS/org/Source/queue.o
                0x080012ec                xQueueGenericSend
 .text.xQueueGenericSendFromISR
                0x080014e0      0x128 Third-Party/FreeRTOS/org/Source/queue.o
                0x080014e0                xQueueGenericSendFromISR
 .text.xQueueReceive
                0x08001608      0x1b8 Third-Party/FreeRTOS/org/Source/queue.o
                0x08001608                xQueueReceive
 .text.prvCopyDataToQueue
                0x080017c0       0xd4 Third-Party/FreeRTOS/org/Source/queue.o
 .text.prvCopyDataFromQueue
                0x08001894       0x4c Third-Party/FreeRTOS/org/Source/queue.o
 .text.prvUnlockQueue
                0x080018e0       0xa4 Third-Party/FreeRTOS/org/Source/queue.o
 .text.prvIsQueueEmpty
                0x08001984       0x2c Third-Party/FreeRTOS/org/Source/queue.o
 .text.prvIsQueueFull
                0x080019b0       0x30 Third-Party/FreeRTOS/org/Source/queue.o
 .text.vQueueAddToRegistry
                0x080019e0       0x50 Third-Party/FreeRTOS/org/Source/queue.o
                0x080019e0                vQueueAddToRegistry
 .text.vQueueWaitForMessageRestricted
                0x08001a30       0x68 Third-Party/FreeRTOS/org/Source/queue.o
                0x08001a30                vQueueWaitForMessageRestricted
 .text.xTaskCreate
                0x08001a98       0x82 Third-Party/FreeRTOS/org/Source/tasks.o
                0x08001a98                xTaskCreate
 .text.prvInitialiseNewTask
                0x08001b1a      0x11c Third-Party/FreeRTOS/org/Source/tasks.o
 *fill*         0x08001c36        0x2 
 .text.prvAddNewTaskToReadyList
                0x08001c38       0xdc Third-Party/FreeRTOS/org/Source/tasks.o
 .text.vTaskStartScheduler
                0x08001d14       0x98 Third-Party/FreeRTOS/org/Source/tasks.o
                0x08001d14                vTaskStartScheduler
 .text.vTaskSuspendAll
                0x08001dac       0x1c Third-Party/FreeRTOS/org/Source/tasks.o
                0x08001dac                vTaskSuspendAll
 .text.xTaskResumeAll
                0x08001dc8      0x138 Third-Party/FreeRTOS/org/Source/tasks.o
                0x08001dc8                xTaskResumeAll
 .text.xTaskGetTickCount
                0x08001f00       0x20 Third-Party/FreeRTOS/org/Source/tasks.o
                0x08001f00                xTaskGetTickCount
 .text.xTaskIncrementTick
                0x08001f20      0x170 Third-Party/FreeRTOS/org/Source/tasks.o
                0x08001f20                xTaskIncrementTick
 .text.vTaskSwitchContext
                0x08002090       0xb4 Third-Party/FreeRTOS/org/Source/tasks.o
                0x08002090                vTaskSwitchContext
 .text.vTaskPlaceOnEventList
                0x08002144       0x48 Third-Party/FreeRTOS/org/Source/tasks.o
                0x08002144                vTaskPlaceOnEventList
 .text.vTaskPlaceOnEventListRestricted
                0x0800218c       0x54 Third-Party/FreeRTOS/org/Source/tasks.o
                0x0800218c                vTaskPlaceOnEventListRestricted
 .text.xTaskRemoveFromEventList
                0x080021e0       0xc4 Third-Party/FreeRTOS/org/Source/tasks.o
                0x080021e0                xTaskRemoveFromEventList
 .text.vTaskInternalSetTimeOutState
                0x080022a4       0x2c Third-Party/FreeRTOS/org/Source/tasks.o
                0x080022a4                vTaskInternalSetTimeOutState
 .text.xTaskCheckForTimeOut
                0x080022d0       0xc0 Third-Party/FreeRTOS/org/Source/tasks.o
                0x080022d0                xTaskCheckForTimeOut
 .text.vTaskMissedYield
                0x08002390       0x18 Third-Party/FreeRTOS/org/Source/tasks.o
                0x08002390                vTaskMissedYield
 .text.prvIdleTask
                0x080023a8       0x30 Third-Party/FreeRTOS/org/Source/tasks.o
 .text.prvInitialiseTaskLists
                0x080023d8       0x80 Third-Party/FreeRTOS/org/Source/tasks.o
 .text.prvCheckTasksWaitingTermination
                0x08002458       0x58 Third-Party/FreeRTOS/org/Source/tasks.o
 .text.prvDeleteTCB
                0x080024b0       0x20 Third-Party/FreeRTOS/org/Source/tasks.o
 .text.prvResetNextTaskUnblockTime
                0x080024d0       0x40 Third-Party/FreeRTOS/org/Source/tasks.o
 .text.xTaskGetSchedulerState
                0x08002510       0x3c Third-Party/FreeRTOS/org/Source/tasks.o
                0x08002510                xTaskGetSchedulerState
 .text.xTaskPriorityDisinherit
                0x0800254c      0x108 Third-Party/FreeRTOS/org/Source/tasks.o
                0x0800254c                xTaskPriorityDisinherit
 .text.prvAddCurrentTaskToDelayedList
                0x08002654       0xcc Third-Party/FreeRTOS/org/Source/tasks.o
 .text.xTimerCreateTimerTask
                0x08002720       0x64 Third-Party/FreeRTOS/org/Source/timers.o
                0x08002720                xTimerCreateTimerTask
 .text.xTimerGenericCommand
                0x08002784       0x98 Third-Party/FreeRTOS/org/Source/timers.o
                0x08002784                xTimerGenericCommand
 .text.prvProcessExpiredTimer
                0x0800281c       0x98 Third-Party/FreeRTOS/org/Source/timers.o
 .text.prvTimerTask
                0x080028b4       0x24 Third-Party/FreeRTOS/org/Source/timers.o
 .text.prvProcessTimerOrBlockTask
                0x080028d8       0x9c Third-Party/FreeRTOS/org/Source/timers.o
 .text.prvGetNextExpireTime
                0x08002974       0x48 Third-Party/FreeRTOS/org/Source/timers.o
 .text.prvSampleTimeNow
                0x080029bc       0x40 Third-Party/FreeRTOS/org/Source/timers.o
 .text.prvInsertTimerInActiveList
                0x080029fc       0x84 Third-Party/FreeRTOS/org/Source/timers.o
 .text.prvProcessReceivedCommands
                0x08002a80      0x188 Third-Party/FreeRTOS/org/Source/timers.o
 .text.prvSwitchTimerLists
                0x08002c08       0xc8 Third-Party/FreeRTOS/org/Source/timers.o
 .text.prvCheckForValidListAndQueue
                0x08002cd0       0x6c Third-Party/FreeRTOS/org/Source/timers.o
 .text.pxPortInitialiseStack
                0x08002d3c       0x68 Third-Party/FreeRTOS/org/Source/portable/GCC/ARM_CM4F/port.o
                0x08002d3c                pxPortInitialiseStack
 .text.prvTaskExitError
                0x08002da4       0x54 Third-Party/FreeRTOS/org/Source/portable/GCC/ARM_CM4F/port.o
 *fill*         0x08002df8        0x8 
 .text.SVC_Handler
                0x08002e00       0x28 Third-Party/FreeRTOS/org/Source/portable/GCC/ARM_CM4F/port.o
                0x08002e00                SVC_Handler
 .text.prvPortStartFirstTask
                0x08002e28       0x28 Third-Party/FreeRTOS/org/Source/portable/GCC/ARM_CM4F/port.o
 .text.xPortStartScheduler
                0x08002e50      0x15c Third-Party/FreeRTOS/org/Source/portable/GCC/ARM_CM4F/port.o
                0x08002e50                xPortStartScheduler
 .text.vPortEnterCritical
                0x08002fac       0x5c Third-Party/FreeRTOS/org/Source/portable/GCC/ARM_CM4F/port.o
                0x08002fac                vPortEnterCritical
 .text.vPortExitCritical
                0x08003008       0x50 Third-Party/FreeRTOS/org/Source/portable/GCC/ARM_CM4F/port.o
                0x08003008                vPortExitCritical
 *fill*         0x08003058        0x8 
 .text.PendSV_Handler
                0x08003060       0x68 Third-Party/FreeRTOS/org/Source/portable/GCC/ARM_CM4F/port.o
                0x08003060                PendSV_Handler
 .text.SysTick_Handler
                0x080030c8       0x40 Third-Party/FreeRTOS/org/Source/portable/GCC/ARM_CM4F/port.o
                0x080030c8                SysTick_Handler
 .text.vPortSetupTimerInterrupt
                0x08003108       0x48 Third-Party/FreeRTOS/org/Source/portable/GCC/ARM_CM4F/port.o
                0x08003108                vPortSetupTimerInterrupt
 .text.vPortEnableVFP
                0x08003150       0x14 Third-Party/FreeRTOS/org/Source/portable/GCC/ARM_CM4F/port.o
 .text.vPortValidateInterruptPriority
                0x08003164       0x7c Third-Party/FreeRTOS/org/Source/portable/GCC/ARM_CM4F/port.o
                0x08003164                vPortValidateInterruptPriority
 .text.pvPortMalloc
                0x080031e0      0x184 Third-Party/FreeRTOS/org/Source/portable/MemMang/heap_4.o
                0x080031e0                pvPortMalloc
 .text.vPortFree
                0x08003364       0xb0 Third-Party/FreeRTOS/org/Source/portable/MemMang/heap_4.o
                0x08003364                vPortFree
 .text.prvHeapInit
                0x08003414       0xc4 Third-Party/FreeRTOS/org/Source/portable/MemMang/heap_4.o
 .text.prvInsertBlockIntoFreeList
                0x080034d8       0xb4 Third-Party/FreeRTOS/org/Source/portable/MemMang/heap_4.o
 .text.main     0x0800358c       0x68 src/main.o
                0x0800358c                main
 .text.vTask1_handler
                0x080035f4       0x40 src/main.o
                0x080035f4                vTask1_handler
 .text.vTask2_handler
                0x08003634       0x40 src/main.o
                0x08003634                vTask2_handler
 .text.prvSetupUart
                0x08003674       0xa0 src/main.o
 .text.prvSetupHardware
                0x08003714        0xc src/main.o
 .text.printmsg
                0x08003720       0x60 src/main.o
                0x08003720                printmsg
 .text.SystemInit
                0x08003780       0x88 src/system_stm32f30x.o
                0x08003780                SystemInit
 .text.SystemCoreClockUpdate
                0x08003808       0xd8 src/system_stm32f30x.o
                0x08003808                SystemCoreClockUpdate
 .text.SetSysClock
                0x080038e0       0x9c src/system_stm32f30x.o
 .text.Reset_Handler
                0x0800397c       0x50 startup/startup_stm32f302x8.o
                0x0800397c                Reset_Handler
 .text.Default_Handler
                0x080039cc        0x2 startup/startup_stm32f302x8.o
                0x080039cc                RTC_Alarm_IRQHandler
                0x080039cc                DebugMon_Handler
                0x080039cc                TIM1_CC_IRQHandler
                0x080039cc                HardFault_Handler
                0x080039cc                USB_HP_IRQHandler
                0x080039cc                PVD_IRQHandler
                0x080039cc                NMI_Handler
                0x080039cc                EXTI3_IRQHandler
                0x080039cc                I2C3_ER_IRQHandler
                0x080039cc                EXTI0_IRQHandler
                0x080039cc                I2C2_EV_IRQHandler
                0x080039cc                FPU_IRQHandler
                0x080039cc                EXTI2_TS_IRQHandler
                0x080039cc                TIM1_UP_TIM16_IRQHandler
                0x080039cc                UsageFault_Handler
                0x080039cc                TIM6_DAC_IRQHandler
                0x080039cc                DMA1_Channel4_IRQHandler
                0x080039cc                ADC1_IRQHandler
                0x080039cc                USART3_IRQHandler
                0x080039cc                DMA1_Channel7_IRQHandler
                0x080039cc                CAN1_RX1_IRQHandler
                0x080039cc                I2C1_EV_IRQHandler
                0x080039cc                DMA1_Channel6_IRQHandler
                0x080039cc                RCC_IRQHandler
                0x080039cc                DMA1_Channel1_IRQHandler
                0x080039cc                Default_Handler
                0x080039cc                USBWakeUp_RMP_IRQHandler
                0x080039cc                EXTI15_10_IRQHandler
                0x080039cc                COMP2_IRQHandler
                0x080039cc                I2C3_EV_IRQHandler
                0x080039cc                EXTI9_5_IRQHandler
                0x080039cc                TAMPER_STAMP_IRQHandler
                0x080039cc                RTC_WKUP_IRQHandler
                0x080039cc                SPI2_IRQHandler
                0x080039cc                MemManage_Handler
                0x080039cc                DMA1_Channel5_IRQHandler
                0x080039cc                USB_LP_IRQHandler
                0x080039cc                EXTI4_IRQHandler
                0x080039cc                USB_LP_CAN1_RX0_IRQHandler
                0x080039cc                TIM1_TRG_COM_TIM17_IRQHandler
                0x080039cc                USB_HP_CAN1_TX_IRQHandler
                0x080039cc                DMA1_Channel3_IRQHandler
                0x080039cc                WWDG_IRQHandler
                0x080039cc                TIM2_IRQHandler
                0x080039cc                EXTI1_IRQHandler
                0x080039cc                COMP4_6_IRQHandler
                0x080039cc                USART2_IRQHandler
                0x080039cc                I2C2_ER_IRQHandler
                0x080039cc                DMA1_Channel2_IRQHandler
                0x080039cc                CAN1_SCE_IRQHandler
                0x080039cc                FLASH_IRQHandler
                0x080039cc                BusFault_Handler
                0x080039cc                USART1_IRQHandler
                0x080039cc                SPI3_IRQHandler
                0x080039cc                I2C1_ER_IRQHandler
                0x080039cc                USBWakeUp_IRQHandler
                0x080039cc                TIM1_BRK_TIM15_IRQHandler
 *(.glue_7)
 .glue_7        0x080039ce        0x0 linker stubs
 *(.glue_7t)
 .glue_7t       0x080039ce        0x0 linker stubs
 *(.eh_frame)
 *fill*         0x080039ce        0x2 
 .eh_frame      0x080039d0        0x0 c:/ac6/systemworkbench/plugins/fr.ac6.mcu.externaltools.arm-none.win32_1.17.0.201812190825/tools/compiler/bin/../lib/gcc/arm-none-eabi/7.3.1/thumb/v7e-m/fpv4-sp/hard/crtbegin.o
 *(.init)
 .init          0x080039d0        0x4 c:/ac6/systemworkbench/plugins/fr.ac6.mcu.externaltools.arm-none.win32_1.17.0.201812190825/tools/compiler/bin/../lib/gcc/arm-none-eabi/7.3.1/thumb/v7e-m/fpv4-sp/hard/crti.o
                0x080039d0                _init
 .init          0x080039d4        0x8 c:/ac6/systemworkbench/plugins/fr.ac6.mcu.externaltools.arm-none.win32_1.17.0.201812190825/tools/compiler/bin/../lib/gcc/arm-none-eabi/7.3.1/thumb/v7e-m/fpv4-sp/hard/crtn.o
 *(.fini)
 .fini          0x080039dc        0x4 c:/ac6/systemworkbench/plugins/fr.ac6.mcu.externaltools.arm-none.win32_1.17.0.201812190825/tools/compiler/bin/../lib/gcc/arm-none-eabi/7.3.1/thumb/v7e-m/fpv4-sp/hard/crti.o
                0x080039dc                _fini
 .fini          0x080039e0        0x8 c:/ac6/systemworkbench/plugins/fr.ac6.mcu.externaltools.arm-none.win32_1.17.0.201812190825/tools/compiler/bin/../lib/gcc/arm-none-eabi/7.3.1/thumb/v7e-m/fpv4-sp/hard/crtn.o
                0x080039e8                . = ALIGN (0x4)
                0x080039e8                _etext = .

.vfp11_veneer   0x080039e8        0x0
 .vfp11_veneer  0x080039e8        0x0 linker stubs

.v4_bx          0x080039e8        0x0
 .v4_bx         0x080039e8        0x0 linker stubs

.iplt           0x080039e8        0x0
 .iplt          0x080039e8        0x0 c:/ac6/systemworkbench/plugins/fr.ac6.mcu.externaltools.arm-none.win32_1.17.0.201812190825/tools/compiler/bin/../lib/gcc/arm-none-eabi/7.3.1/thumb/v7e-m/fpv4-sp/hard/crtbegin.o

.rodata         0x080039e8       0x7c
                0x080039e8                . = ALIGN (0x4)
 *(.rodata)
 .rodata        0x080039e8        0x5 Third-Party/FreeRTOS/org/Source/tasks.o
 *fill*         0x080039ed        0x3 
 .rodata        0x080039f0        0xd Third-Party/FreeRTOS/org/Source/timers.o
 *fill*         0x080039fd        0x3 
 .rodata        0x08003a00       0x5d src/main.o
 *(.rodata*)
 *fill*         0x08003a5d        0x3 
 .rodata._global_impure_ptr
                0x08003a60        0x4 c:/ac6/systemworkbench/plugins/fr.ac6.mcu.externaltools.arm-none.win32_1.17.0.201812190825/tools/compiler/bin/../lib/gcc/arm-none-eabi/7.3.1/../../../../arm-none-eabi/lib/thumb/v7e-m/fpv4-sp/hard\libc.a(lib_a-impure.o)
                0x08003a60                _global_impure_ptr
                0x08003a64                . = ALIGN (0x4)

.rel.dyn        0x08003a64        0x0
 .rel.iplt      0x08003a64        0x0 c:/ac6/systemworkbench/plugins/fr.ac6.mcu.externaltools.arm-none.win32_1.17.0.201812190825/tools/compiler/bin/../lib/gcc/arm-none-eabi/7.3.1/thumb/v7e-m/fpv4-sp/hard/crtbegin.o

.ARM.extab
 *(.ARM.extab* .gnu.linkonce.armextab.*)

.ARM            0x08003a64        0x0
                0x08003a64                __exidx_start = .
 *(.ARM.exidx*)
                0x08003a64                __exidx_end = .

.preinit_array  0x08003a64        0x0
                0x08003a64                PROVIDE (__preinit_array_start = .)
 *(.preinit_array*)
                0x08003a64                PROVIDE (__preinit_array_end = .)

.init_array     0x08003a64        0x8
                0x08003a64                PROVIDE (__init_array_start = .)
 *(SORT_BY_NAME(.init_array.*))
 .init_array.00000
                0x08003a64        0x4 c:/ac6/systemworkbench/plugins/fr.ac6.mcu.externaltools.arm-none.win32_1.17.0.201812190825/tools/compiler/bin/../lib/gcc/arm-none-eabi/7.3.1/../../../../arm-none-eabi/lib/thumb/v7e-m/fpv4-sp/hard\libc.a(lib_a-__call_atexit.o)
 *(.init_array*)
 .init_array    0x08003a68        0x4 c:/ac6/systemworkbench/plugins/fr.ac6.mcu.externaltools.arm-none.win32_1.17.0.201812190825/tools/compiler/bin/../lib/gcc/arm-none-eabi/7.3.1/thumb/v7e-m/fpv4-sp/hard/crtbegin.o
                0x08003a6c                PROVIDE (__init_array_end = .)

.fini_array     0x08003a6c        0x4
                0x08003a6c                PROVIDE (__fini_array_start = .)
 *(SORT_BY_NAME(.fini_array.*))
 *(.fini_array*)
 .fini_array    0x08003a6c        0x4 c:/ac6/systemworkbench/plugins/fr.ac6.mcu.externaltools.arm-none.win32_1.17.0.201812190825/tools/compiler/bin/../lib/gcc/arm-none-eabi/7.3.1/thumb/v7e-m/fpv4-sp/hard/crtbegin.o
                0x08003a70                PROVIDE (__fini_array_end = .)
                0x08003a70                _sidata = LOADADDR (.data)

.data           0x20000000      0x47c load address 0x08003a70
                0x20000000                . = ALIGN (0x4)
                0x20000000                _sdata = .
 *(.data)
 .data          0x20000000       0x30 StdPeriph_Driver/src/stm32f30x_rcc.o
 .data          0x20000030        0x4 Third-Party/FreeRTOS/org/Source/portable/GCC/ARM_CM4F/port.o
 .data          0x20000034        0x1 src/main.o
                0x20000034                UART_ACCESS_KEY
 *fill*         0x20000035        0x3 
 .data          0x20000038       0x14 src/system_stm32f30x.o
                0x20000038                SystemCoreClock
                0x2000003c                AHBPrescTable
 *(.data*)
 *fill*         0x2000004c        0x4 
 .data.impure_data
                0x20000050      0x428 c:/ac6/systemworkbench/plugins/fr.ac6.mcu.externaltools.arm-none.win32_1.17.0.201812190825/tools/compiler/bin/../lib/gcc/arm-none-eabi/7.3.1/../../../../arm-none-eabi/lib/thumb/v7e-m/fpv4-sp/hard\libc.a(lib_a-impure.o)
 .data.__atexit_recursive_mutex
                0x20000478        0x4 c:/ac6/systemworkbench/plugins/fr.ac6.mcu.externaltools.arm-none.win32_1.17.0.201812190825/tools/compiler/bin/../lib/gcc/arm-none-eabi/7.3.1/../../../../arm-none-eabi/lib/thumb/v7e-m/fpv4-sp/hard\libc.a(lib_a-__call_atexit.o)
                0x20000478                __atexit_recursive_mutex
                0x2000047c                . = ALIGN (0x4)
                0x2000047c                _edata = .

.igot.plt       0x2000047c        0x0 load address 0x08003eec
 .igot.plt      0x2000047c        0x0 c:/ac6/systemworkbench/plugins/fr.ac6.mcu.externaltools.arm-none.win32_1.17.0.201812190825/tools/compiler/bin/../lib/gcc/arm-none-eabi/7.3.1/thumb/v7e-m/fpv4-sp/hard/crtbegin.o
                0x2000047c                . = ALIGN (0x4)

.bss            0x2000047c     0x29e8 load address 0x08003eec
                0x2000047c                _sbss = .
                0x2000047c                __bss_start__ = _sbss
 *(.bss)
 .bss           0x2000047c       0x1c c:/ac6/systemworkbench/plugins/fr.ac6.mcu.externaltools.arm-none.win32_1.17.0.201812190825/tools/compiler/bin/../lib/gcc/arm-none-eabi/7.3.1/thumb/v7e-m/fpv4-sp/hard/crtbegin.o
 .bss           0x20000498      0x104 Third-Party/FreeRTOS/org/Source/tasks.o
                0x20000498                pxCurrentTCB
 .bss           0x2000059c       0x3c Third-Party/FreeRTOS/org/Source/timers.o
 .bss           0x200005d8        0x8 Third-Party/FreeRTOS/org/Source/portable/GCC/ARM_CM4F/port.o
 .bss           0x200005e0     0x2818 Third-Party/FreeRTOS/org/Source/portable/MemMang/heap_4.o
 .bss           0x20002df8        0x8 src/main.o
                0x20002df8                xTaskHandle1
                0x20002dfc                xTaskHandle2
 *(.bss*)
 *(COMMON)
 COMMON         0x20002e00       0x21 c:/ac6/systemworkbench/plugins/fr.ac6.mcu.externaltools.arm-none.win32_1.17.0.201812190825/tools/compiler/bin/../lib/gcc/arm-none-eabi/7.3.1/../../../../arm-none-eabi/lib/thumb/v7e-m/fpv4-sp/hard\libc.a(lib_a-lock.o)
                0x20002e00                __lock___atexit_recursive_mutex
                0x20002e04                __lock___arc4random_mutex
                0x20002e08                __lock___env_recursive_mutex
                0x20002e0c                __lock___sinit_recursive_mutex
                0x20002e10                __lock___malloc_recursive_mutex
                0x20002e14                __lock___at_quick_exit_mutex
                0x20002e18                __lock___dd_hash_mutex
                0x20002e1c                __lock___tz_mutex
                0x20002e20                __lock___sfp_recursive_mutex
 *fill*         0x20002e21        0x3 
 COMMON         0x20002e24       0x40 Third-Party/FreeRTOS/org/Source/queue.o
                0x20002e24                xQueueRegistry
                0x20002e64                . = ALIGN (0x4)
                0x20002e64                _ebss = .
                0x20002e64                __bss_end__ = _ebss

._user_heap_stack
                0x20002e64      0x604 load address 0x08003eec
                0x20002e68                . = ALIGN (0x8)
 *fill*         0x20002e64        0x4 
                0x20002e68                PROVIDE (end = .)
                [!provide]                PROVIDE (_end = .)
                0x20003068                . = (. + _Min_Heap_Size)
 *fill*         0x20002e68      0x200 
                0x20003468                . = (. + _Min_Stack_Size)
 *fill*         0x20003068      0x400 
                0x20003468                . = ALIGN (0x8)

.memory_b1_text
 *(.mb1text)
 *(.mb1text*)
 *(.mb1rodata)
 *(.mb1rodata*)

/DISCARD/
 libc.a(*)
 libm.a(*)
 libgcc.a(*)

.ARM.attributes
                0x00000000       0x30
 *(.ARM.attributes)
 .ARM.attributes
                0x00000000       0x22 c:/ac6/systemworkbench/plugins/fr.ac6.mcu.externaltools.arm-none.win32_1.17.0.201812190825/tools/compiler/bin/../lib/gcc/arm-none-eabi/7.3.1/thumb/v7e-m/fpv4-sp/hard/crti.o
 .ARM.attributes
                0x00000022       0x34 c:/ac6/systemworkbench/plugins/fr.ac6.mcu.externaltools.arm-none.win32_1.17.0.201812190825/tools/compiler/bin/../lib/gcc/arm-none-eabi/7.3.1/thumb/v7e-m/fpv4-sp/hard/crtbegin.o
 .ARM.attributes
                0x00000056       0x34 c:/ac6/systemworkbench/plugins/fr.ac6.mcu.externaltools.arm-none.win32_1.17.0.201812190825/tools/compiler/bin/../lib/gcc/arm-none-eabi/7.3.1/../../../../arm-none-eabi/lib/thumb/v7e-m/fpv4-sp/hard\libc.a(lib_a-impure.o)
 .ARM.attributes
                0x0000008a       0x34 c:/ac6/systemworkbench/plugins/fr.ac6.mcu.externaltools.arm-none.win32_1.17.0.201812190825/tools/compiler/bin/../lib/gcc/arm-none-eabi/7.3.1/../../../../arm-none-eabi/lib/thumb/v7e-m/fpv4-sp/hard\libc.a(lib_a-init.o)
 .ARM.attributes
                0x000000be       0x34 c:/ac6/systemworkbench/plugins/fr.ac6.mcu.externaltools.arm-none.win32_1.17.0.201812190825/tools/compiler/bin/../lib/gcc/arm-none-eabi/7.3.1/../../../../arm-none-eabi/lib/thumb/v7e-m/fpv4-sp/hard\libc.a(lib_a-memset.o)
 .ARM.attributes
                0x000000f2       0x34 c:/ac6/systemworkbench/plugins/fr.ac6.mcu.externaltools.arm-none.win32_1.17.0.201812190825/tools/compiler/bin/../lib/gcc/arm-none-eabi/7.3.1/../../../../arm-none-eabi/lib/thumb/v7e-m/fpv4-sp/hard\libc.a(lib_a-__call_atexit.o)
 .ARM.attributes
                0x00000126       0x34 c:/ac6/systemworkbench/plugins/fr.ac6.mcu.externaltools.arm-none.win32_1.17.0.201812190825/tools/compiler/bin/../lib/gcc/arm-none-eabi/7.3.1/../../../../arm-none-eabi/lib/thumb/v7e-m/fpv4-sp/hard\libc.a(lib_a-atexit.o)
 .ARM.attributes
                0x0000015a       0x34 c:/ac6/systemworkbench/plugins/fr.ac6.mcu.externaltools.arm-none.win32_1.17.0.201812190825/tools/compiler/bin/../lib/gcc/arm-none-eabi/7.3.1/../../../../arm-none-eabi/lib/thumb/v7e-m/fpv4-sp/hard\libc.a(lib_a-fini.o)
 .ARM.attributes
                0x0000018e       0x34 c:/ac6/systemworkbench/plugins/fr.ac6.mcu.externaltools.arm-none.win32_1.17.0.201812190825/tools/compiler/bin/../lib/gcc/arm-none-eabi/7.3.1/../../../../arm-none-eabi/lib/thumb/v7e-m/fpv4-sp/hard\libc.a(lib_a-lock.o)
 .ARM.attributes
                0x000001c2       0x34 c:/ac6/systemworkbench/plugins/fr.ac6.mcu.externaltools.arm-none.win32_1.17.0.201812190825/tools/compiler/bin/../lib/gcc/arm-none-eabi/7.3.1/../../../../arm-none-eabi/lib/thumb/v7e-m/fpv4-sp/hard\libc.a(lib_a-__atexit.o)
 .ARM.attributes
                0x000001f6       0x39 StdPeriph_Driver/src/stm32f30x_gpio.o
 .ARM.attributes
                0x0000022f       0x39 StdPeriph_Driver/src/stm32f30x_rcc.o
 .ARM.attributes
                0x00000268       0x39 StdPeriph_Driver/src/stm32f30x_usart.o
 .ARM.attributes
                0x000002a1       0x39 Third-Party/FreeRTOS/org/Source/list.o
 .ARM.attributes
                0x000002da       0x39 Third-Party/FreeRTOS/org/Source/queue.o
 .ARM.attributes
                0x00000313       0x39 Third-Party/FreeRTOS/org/Source/tasks.o
 .ARM.attributes
                0x0000034c       0x39 Third-Party/FreeRTOS/org/Source/timers.o
 .ARM.attributes
                0x00000385       0x39 Third-Party/FreeRTOS/org/Source/portable/GCC/ARM_CM4F/port.o
 .ARM.attributes
                0x000003be       0x39 Third-Party/FreeRTOS/org/Source/portable/MemMang/heap_4.o
 .ARM.attributes
                0x000003f7       0x39 src/main.o
 .ARM.attributes
                0x00000430       0x39 src/system_stm32f30x.o
 .ARM.attributes
                0x00000469       0x21 startup/startup_stm32f302x8.o
 .ARM.attributes
                0x0000048a       0x20 c:/ac6/systemworkbench/plugins/fr.ac6.mcu.externaltools.arm-none.win32_1.17.0.201812190825/tools/compiler/bin/../lib/gcc/arm-none-eabi/7.3.1/../../../../arm-none-eabi/lib/thumb/v7e-m/fpv4-sp/hard\libc.a(lib_a-memcpy.o)
 .ARM.attributes
                0x000004aa       0x20 c:/ac6/systemworkbench/plugins/fr.ac6.mcu.externaltools.arm-none.win32_1.17.0.201812190825/tools/compiler/bin/../lib/gcc/arm-none-eabi/7.3.1/../../../../arm-none-eabi/lib/thumb/v7e-m/fpv4-sp/hard\libc.a(lib_a-strlen.o)
 .ARM.attributes
                0x000004ca       0x22 c:/ac6/systemworkbench/plugins/fr.ac6.mcu.externaltools.arm-none.win32_1.17.0.201812190825/tools/compiler/bin/../lib/gcc/arm-none-eabi/7.3.1/thumb/v7e-m/fpv4-sp/hard/crtn.o
OUTPUT(STM32_HelloWorld.elf elf32-littlearm)

.debug_frame    0x00000000     0x27b4
 .debug_frame   0x00000000       0x2c c:/ac6/systemworkbench/plugins/fr.ac6.mcu.externaltools.arm-none.win32_1.17.0.201812190825/tools/compiler/bin/../lib/gcc/arm-none-eabi/7.3.1/../../../../arm-none-eabi/lib/thumb/v7e-m/fpv4-sp/hard\libc.a(lib_a-init.o)
 .debug_frame   0x0000002c       0x38 c:/ac6/systemworkbench/plugins/fr.ac6.mcu.externaltools.arm-none.win32_1.17.0.201812190825/tools/compiler/bin/../lib/gcc/arm-none-eabi/7.3.1/../../../../arm-none-eabi/lib/thumb/v7e-m/fpv4-sp/hard\libc.a(lib_a-memset.o)
 .debug_frame   0x00000064       0x5c c:/ac6/systemworkbench/plugins/fr.ac6.mcu.externaltools.arm-none.win32_1.17.0.201812190825/tools/compiler/bin/../lib/gcc/arm-none-eabi/7.3.1/../../../../arm-none-eabi/lib/thumb/v7e-m/fpv4-sp/hard\libc.a(lib_a-__call_atexit.o)
 .debug_frame   0x000000c0       0x20 c:/ac6/systemworkbench/plugins/fr.ac6.mcu.externaltools.arm-none.win32_1.17.0.201812190825/tools/compiler/bin/../lib/gcc/arm-none-eabi/7.3.1/../../../../arm-none-eabi/lib/thumb/v7e-m/fpv4-sp/hard\libc.a(lib_a-atexit.o)
 .debug_frame   0x000000e0       0x34 c:/ac6/systemworkbench/plugins/fr.ac6.mcu.externaltools.arm-none.win32_1.17.0.201812190825/tools/compiler/bin/../lib/gcc/arm-none-eabi/7.3.1/../../../../arm-none-eabi/lib/thumb/v7e-m/fpv4-sp/hard\libc.a(lib_a-fini.o)
 .debug_frame   0x00000114       0xb0 c:/ac6/systemworkbench/plugins/fr.ac6.mcu.externaltools.arm-none.win32_1.17.0.201812190825/tools/compiler/bin/../lib/gcc/arm-none-eabi/7.3.1/../../../../arm-none-eabi/lib/thumb/v7e-m/fpv4-sp/hard\libc.a(lib_a-lock.o)
 .debug_frame   0x000001c4       0x34 c:/ac6/systemworkbench/plugins/fr.ac6.mcu.externaltools.arm-none.win32_1.17.0.201812190825/tools/compiler/bin/../lib/gcc/arm-none-eabi/7.3.1/../../../../arm-none-eabi/lib/thumb/v7e-m/fpv4-sp/hard\libc.a(lib_a-__atexit.o)
 .debug_frame   0x000001f8      0x214 StdPeriph_Driver/src/stm32f30x_gpio.o
 .debug_frame   0x0000040c      0x634 StdPeriph_Driver/src/stm32f30x_rcc.o
 .debug_frame   0x00000a40      0x7b0 StdPeriph_Driver/src/stm32f30x_usart.o
 .debug_frame   0x000011f0       0xd8 Third-Party/FreeRTOS/org/Source/list.o
 .debug_frame   0x000012c8      0x530 Third-Party/FreeRTOS/org/Source/queue.o
 .debug_frame   0x000017f8      0x854 Third-Party/FreeRTOS/org/Source/tasks.o
 .debug_frame   0x0000204c      0x368 Third-Party/FreeRTOS/org/Source/timers.o
 .debug_frame   0x000023b4      0x1a8 Third-Party/FreeRTOS/org/Source/portable/GCC/ARM_CM4F/port.o
 .debug_frame   0x0000255c      0x108 Third-Party/FreeRTOS/org/Source/portable/MemMang/heap_4.o
 .debug_frame   0x00002664       0xd4 src/main.o
 .debug_frame   0x00002738       0x7c src/system_stm32f30x.o

.debug_info     0x00000000     0xaaa7
 .debug_info    0x00000000      0x62f StdPeriph_Driver/src/stm32f30x_gpio.o
 .debug_info    0x0000062f      0xb5b StdPeriph_Driver/src/stm32f30x_rcc.o
 .debug_info    0x0000118a      0xf0a StdPeriph_Driver/src/stm32f30x_usart.o
 .debug_info    0x00002094      0xb02 Third-Party/FreeRTOS/org/Source/list.o
 .debug_info    0x00002b96     0x1f5d Third-Party/FreeRTOS/org/Source/queue.o
 .debug_info    0x00004af3     0x2739 Third-Party/FreeRTOS/org/Source/tasks.o
 .debug_info    0x0000722c     0x1495 Third-Party/FreeRTOS/org/Source/timers.o
 .debug_info    0x000086c1      0x581 Third-Party/FreeRTOS/org/Source/portable/GCC/ARM_CM4F/port.o
 .debug_info    0x00008c42      0xc21 Third-Party/FreeRTOS/org/Source/portable/MemMang/heap_4.o
 .debug_info    0x00009863      0xd8f src/main.o
 .debug_info    0x0000a5f2      0x493 src/system_stm32f30x.o
 .debug_info    0x0000aa85       0x22 startup/startup_stm32f302x8.o

.debug_abbrev   0x00000000     0x1a0b
 .debug_abbrev  0x00000000      0x1bf StdPeriph_Driver/src/stm32f30x_gpio.o
 .debug_abbrev  0x000001bf      0x1fd StdPeriph_Driver/src/stm32f30x_rcc.o
 .debug_abbrev  0x000003bc      0x187 StdPeriph_Driver/src/stm32f30x_usart.o
 .debug_abbrev  0x00000543      0x205 Third-Party/FreeRTOS/org/Source/list.o
 .debug_abbrev  0x00000748      0x352 Third-Party/FreeRTOS/org/Source/queue.o
 .debug_abbrev  0x00000a9a      0x388 Third-Party/FreeRTOS/org/Source/tasks.o
 .debug_abbrev  0x00000e22      0x2fe Third-Party/FreeRTOS/org/Source/timers.o
 .debug_abbrev  0x00001120      0x221 Third-Party/FreeRTOS/org/Source/portable/GCC/ARM_CM4F/port.o
 .debug_abbrev  0x00001341      0x2db Third-Party/FreeRTOS/org/Source/portable/MemMang/heap_4.o
 .debug_abbrev  0x0000161c      0x294 src/main.o
 .debug_abbrev  0x000018b0      0x149 src/system_stm32f30x.o
 .debug_abbrev  0x000019f9       0x12 startup/startup_stm32f302x8.o

.debug_aranges  0x00000000      0x910
 .debug_aranges
                0x00000000       0x80 StdPeriph_Driver/src/stm32f30x_gpio.o
 .debug_aranges
                0x00000080      0x158 StdPeriph_Driver/src/stm32f30x_rcc.o
 .debug_aranges
                0x000001d8      0x1a0 StdPeriph_Driver/src/stm32f30x_usart.o
 .debug_aranges
                0x00000378       0x40 Third-Party/FreeRTOS/org/Source/list.o
 .debug_aranges
                0x000003b8      0x130 Third-Party/FreeRTOS/org/Source/queue.o
 .debug_aranges
                0x000004e8      0x1e8 Third-Party/FreeRTOS/org/Source/tasks.o
 .debug_aranges
                0x000006d0       0xd0 Third-Party/FreeRTOS/org/Source/timers.o
 .debug_aranges
                0x000007a0       0x80 Third-Party/FreeRTOS/org/Source/portable/GCC/ARM_CM4F/port.o
 .debug_aranges
                0x00000820       0x50 Third-Party/FreeRTOS/org/Source/portable/MemMang/heap_4.o
 .debug_aranges
                0x00000870       0x48 src/main.o
 .debug_aranges
                0x000008b8       0x30 src/system_stm32f30x.o
 .debug_aranges
                0x000008e8       0x28 startup/startup_stm32f302x8.o

.debug_ranges   0x00000000      0x858
 .debug_ranges  0x00000000       0x70 StdPeriph_Driver/src/stm32f30x_gpio.o
 .debug_ranges  0x00000070      0x148 StdPeriph_Driver/src/stm32f30x_rcc.o
 .debug_ranges  0x000001b8      0x190 StdPeriph_Driver/src/stm32f30x_usart.o
 .debug_ranges  0x00000348       0x30 Third-Party/FreeRTOS/org/Source/list.o
 .debug_ranges  0x00000378      0x120 Third-Party/FreeRTOS/org/Source/queue.o
 .debug_ranges  0x00000498      0x1d8 Third-Party/FreeRTOS/org/Source/tasks.o
 .debug_ranges  0x00000670       0xc0 Third-Party/FreeRTOS/org/Source/timers.o
 .debug_ranges  0x00000730       0x70 Third-Party/FreeRTOS/org/Source/portable/GCC/ARM_CM4F/port.o
 .debug_ranges  0x000007a0       0x40 Third-Party/FreeRTOS/org/Source/portable/MemMang/heap_4.o
 .debug_ranges  0x000007e0       0x38 src/main.o
 .debug_ranges  0x00000818       0x20 src/system_stm32f30x.o
 .debug_ranges  0x00000838       0x20 startup/startup_stm32f302x8.o

.debug_macro    0x00000000     0x310d
 .debug_macro   0x00000000      0x1a8 StdPeriph_Driver/src/stm32f30x_gpio.o
 .debug_macro   0x000001a8      0x1b7 StdPeriph_Driver/src/stm32f30x_gpio.o
 .debug_macro   0x0000035f      0x241 StdPeriph_Driver/src/stm32f30x_rcc.o
 .debug_macro   0x000005a0      0x668 StdPeriph_Driver/src/stm32f30x_rcc.o
 .debug_macro   0x00000c08      0x1c0 StdPeriph_Driver/src/stm32f30x_usart.o
 .debug_macro   0x00000dc8      0x35e StdPeriph_Driver/src/stm32f30x_usart.o
 .debug_macro   0x00001126      0x2b6 Third-Party/FreeRTOS/org/Source/list.o
 .debug_macro   0x000013dc      0x340 Third-Party/FreeRTOS/org/Source/queue.o
 .debug_macro   0x0000171c       0x16 Third-Party/FreeRTOS/org/Source/queue.o
 .debug_macro   0x00001732       0x35 Third-Party/FreeRTOS/org/Source/queue.o
 .debug_macro   0x00001767       0x80 Third-Party/FreeRTOS/org/Source/queue.o
 .debug_macro   0x000017e7      0x3a3 Third-Party/FreeRTOS/org/Source/tasks.o
 .debug_macro   0x00001b8a       0x10 Third-Party/FreeRTOS/org/Source/tasks.o
 .debug_macro   0x00001b9a      0x30b Third-Party/FreeRTOS/org/Source/timers.o
 .debug_macro   0x00001ea5       0x97 Third-Party/FreeRTOS/org/Source/timers.o
 .debug_macro   0x00001f3c      0x2d2 Third-Party/FreeRTOS/org/Source/portable/GCC/ARM_CM4F/port.o
 .debug_macro   0x0000220e      0x2dd Third-Party/FreeRTOS/org/Source/portable/MemMang/heap_4.o
 .debug_macro   0x000024eb      0x3a8 src/main.o
 .debug_macro   0x00002893       0x16 src/main.o
 .debug_macro   0x000028a9       0x97 src/main.o
 .debug_macro   0x00002940       0xfd src/main.o
 .debug_macro   0x00002a3d       0x10 src/main.o
 .debug_macro   0x00002a4d       0x10 src/main.o
 .debug_macro   0x00002a5d       0x1c src/main.o
 .debug_macro   0x00002a79       0x52 src/main.o
 .debug_macro   0x00002acb       0x40 src/main.o
 .debug_macro   0x00002b0b       0x10 src/main.o
 .debug_macro   0x00002b1b       0x40 src/main.o
 .debug_macro   0x00002b5b       0xd7 src/main.o
 .debug_macro   0x00002c32       0x1c src/main.o
 .debug_macro   0x00002c4e       0x3d src/main.o
 .debug_macro   0x00002c8b       0x16 src/main.o
 .debug_macro   0x00002ca1      0x16f src/main.o
 .debug_macro   0x00002e10      0x157 src/main.o
 .debug_macro   0x00002f67      0x1a6 src/system_stm32f30x.o

.debug_line     0x00000000     0x7892
 .debug_line    0x00000000      0x721 StdPeriph_Driver/src/stm32f30x_gpio.o
 .debug_line    0x00000721      0x9ec StdPeriph_Driver/src/stm32f30x_rcc.o
 .debug_line    0x0000110d      0xa0c StdPeriph_Driver/src/stm32f30x_usart.o
 .debug_line    0x00001b19      0x859 Third-Party/FreeRTOS/org/Source/list.o
 .debug_line    0x00002372     0x11a7 Third-Party/FreeRTOS/org/Source/queue.o
 .debug_line    0x00003519     0x1497 Third-Party/FreeRTOS/org/Source/tasks.o
 .debug_line    0x000049b0      0xbca Third-Party/FreeRTOS/org/Source/timers.o
 .debug_line    0x0000557a      0x9a3 Third-Party/FreeRTOS/org/Source/portable/GCC/ARM_CM4F/port.o
 .debug_line    0x00005f1d      0x93f Third-Party/FreeRTOS/org/Source/portable/MemMang/heap_4.o
 .debug_line    0x0000685c      0x991 src/main.o
 .debug_line    0x000071ed      0x626 src/system_stm32f30x.o
 .debug_line    0x00007813       0x7f startup/startup_stm32f302x8.o

.debug_str      0x00000000    0x7d837
 .debug_str     0x00000000    0x70293 StdPeriph_Driver/src/stm32f30x_gpio.o
                              0x70454 (size before relaxing)
 .debug_str     0x00070293      0xafe StdPeriph_Driver/src/stm32f30x_rcc.o
                              0x70c92 (size before relaxing)
 .debug_str     0x00070d91      0x810 StdPeriph_Driver/src/stm32f30x_usart.o
                              0x70b34 (size before relaxing)
 .debug_str     0x000715a1     0x672c Third-Party/FreeRTOS/org/Source/list.o
                              0x7691d (size before relaxing)
 .debug_str     0x00077ccd     0x16bf Third-Party/FreeRTOS/org/Source/queue.o
                              0x77fcf (size before relaxing)
 .debug_str     0x0007938c     0x1b2b Third-Party/FreeRTOS/org/Source/tasks.o
                              0x78c6a (size before relaxing)
 .debug_str     0x0007aeb7      0x514 Third-Party/FreeRTOS/org/Source/timers.o
                              0x78420 (size before relaxing)
 .debug_str     0x0007b3cb      0x7fb Third-Party/FreeRTOS/org/Source/portable/GCC/ARM_CM4F/port.o
                              0x74ab7 (size before relaxing)
 .debug_str     0x0007bbc6      0x249 Third-Party/FreeRTOS/org/Source/portable/MemMang/heap_4.o
                              0x77110 (size before relaxing)
 .debug_str     0x0007be0f     0x1916 src/main.o
                              0x78917 (size before relaxing)
 .debug_str     0x0007d725       0xe3 src/system_stm32f30x.o
                              0x7029f (size before relaxing)
 .debug_str     0x0007d808       0x2f startup/startup_stm32f302x8.o
                                 0x63 (size before relaxing)

.comment        0x00000000       0x7f
 .comment       0x00000000       0x7f StdPeriph_Driver/src/stm32f30x_gpio.o
                                 0x80 (size before relaxing)
 .comment       0x0000007f       0x80 StdPeriph_Driver/src/stm32f30x_rcc.o
 .comment       0x0000007f       0x80 StdPeriph_Driver/src/stm32f30x_usart.o
 .comment       0x0000007f       0x80 Third-Party/FreeRTOS/org/Source/list.o
 .comment       0x0000007f       0x80 Third-Party/FreeRTOS/org/Source/queue.o
 .comment       0x0000007f       0x80 Third-Party/FreeRTOS/org/Source/tasks.o
 .comment       0x0000007f       0x80 Third-Party/FreeRTOS/org/Source/timers.o
 .comment       0x0000007f       0x80 Third-Party/FreeRTOS/org/Source/portable/GCC/ARM_CM4F/port.o
 .comment       0x0000007f       0x80 Third-Party/FreeRTOS/org/Source/portable/MemMang/heap_4.o
 .comment       0x0000007f       0x80 src/main.o
 .comment       0x0000007f       0x80 src/system_stm32f30x.o
