22:12:04 **** Build of configuration Debug for project STM32_LedButton_IdleHookFn ****
make -j8 all 
Building file: ../startup/startup_stm32f302x8.s
Building file: ../src/main.c
Building file: ../src/syscalls.c
Building file: ../src/system_stm32f30x.c
Building file: ../Utilities/STM32F3xx_Nucleo/stm32f3xx_nucleo.c
Invoking: MCU GCC Assembler
Invoking: MCU GCC Compiler
Invoking: MCU GCC Compiler
Invoking: MCU GCC Compiler
Invoking: MCU GCC Compiler
D:\Udemy\RTOS\RTOS_Workspace\STM32_LedButton_IdleHookFn\Debug
Building file: ../Third-Party/SEGGER/SEGGER/SEGGER_RTT.c
D:\Udemy\RTOS\RTOS_Workspace\STM32_LedButton_IdleHookFn\Debug
arm-none-eabi-as -mcpu=cortex-m4 -mthumb -mfloat-abi=hard -mfpu=fpv4-sp-d16 -I"D:/Udemy/RTOS/RTOS_Workspace/STM32_LedButton_IdleHookFn/Utilities/STM32F3xx_Nucleo" -I"D:/Udemy/RTOS/RTOS_Workspace/STM32_LedButton_IdleHookFn/StdPeriph_Driver/inc" -I"D:/Udemy/RTOS/RTOS_Workspace/STM32_LedButton_IdleHookFn/inc" -I"D:/Udemy/RTOS/RTOS_Workspace/STM32_LedButton_IdleHookFn/CMSIS/device" -I"D:/Udemy/RTOS/RTOS_Workspace/STM32_LedButton_IdleHookFn/CMSIS/core" -g -o "startup/startup_stm32f302x8.o" "../startup/startup_stm32f302x8.s"
D:\Udemy\RTOS\RTOS_Workspace\STM32_LedButton_IdleHookFn\Debug
Building file: ../Third-Party/SEGGER/SEGGER/SEGGER_SYSVIEW.c
arm-none-eabi-gcc -mcpu=cortex-m4 -mthumb -mfloat-abi=hard -mfpu=fpv4-sp-d16 -DSTM32 -DSTM32F3 -DSTM32F30 -DSTM32F302R8Tx -DNUCLEO_F302R8 -DDEBUG -DSTM32F302x8 -DUSE_STDPERIPH_DRIVER -I"D:/Udemy/RTOS/RTOS_Workspace/STM32_LedButton_IdleHookFn/Utilities/STM32F3xx_Nucleo" -I"D:/Udemy/RTOS/RTOS_Workspace/STM32_LedButton_IdleHookFn/Config" -I"D:/Udemy/RTOS/RTOS_Workspace/STM32_LedButton_IdleHookFn/Third-Party/FreeRTOS/org/Source/include" -I"D:/Udemy/RTOS/RTOS_Workspace/STM32_LedButton_IdleHookFn/Third-Party/FreeRTOS/org/Source/portable/GCC/ARM_CM4F" -I"D:/Udemy/RTOS/RTOS_Workspace/STM32_LedButton_IdleHookFn/Third-Party/SEGGER/Config" -I"D:/Udemy/RTOS/RTOS_Workspace/STM32_LedButton_IdleHookFn/Third-Party/SEGGER/OS" -I"D:/Udemy/RTOS/RTOS_Workspace/STM32_LedButton_IdleHookFn/Third-Party/SEGGER/SEGGER" -I"D:/Udemy/RTOS/RTOS_Workspace/STM32_LedButton_IdleHookFn/StdPeriph_Driver/inc" -I"D:/Udemy/RTOS/RTOS_Workspace/STM32_LedButton_IdleHookFn/inc" -I"D:/Udemy/RTOS/RTOS_Workspace/STM32_LedButton_IdleHookFn/CMSIS/device" -I"D:/Udemy/RTOS/RTOS_Workspace/STM32_LedButton_IdleHookFn/CMSIS/core" -O0 -g3 -Wall -fmessage-length=0 -ffunction-sections -c -MMD -MP -MF"src/main.d" -MT"src/main.o" -o "src/main.o" "../src/main.c"
D:\Udemy\RTOS\RTOS_Workspace\STM32_LedButton_IdleHookFn\Debug
arm-none-eabi-gcc -mcpu=cortex-m4 -mthumb -mfloat-abi=hard -mfpu=fpv4-sp-d16 -DSTM32 -DSTM32F3 -DSTM32F30 -DSTM32F302R8Tx -DNUCLEO_F302R8 -DDEBUG -DSTM32F302x8 -DUSE_STDPERIPH_DRIVER -I"D:/Udemy/RTOS/RTOS_Workspace/STM32_LedButton_IdleHookFn/Utilities/STM32F3xx_Nucleo" -I"D:/Udemy/RTOS/RTOS_Workspace/STM32_LedButton_IdleHookFn/Config" -I"D:/Udemy/RTOS/RTOS_Workspace/STM32_LedButton_IdleHookFn/Third-Party/FreeRTOS/org/Source/include" -I"D:/Udemy/RTOS/RTOS_Workspace/STM32_LedButton_IdleHookFn/Third-Party/FreeRTOS/org/Source/portable/GCC/ARM_CM4F" -I"D:/Udemy/RTOS/RTOS_Workspace/STM32_LedButton_IdleHookFn/Third-Party/SEGGER/Config" -I"D:/Udemy/RTOS/RTOS_Workspace/STM32_LedButton_IdleHookFn/Third-Party/SEGGER/OS" -I"D:/Udemy/RTOS/RTOS_Workspace/STM32_LedButton_IdleHookFn/Third-Party/SEGGER/SEGGER" -I"D:/Udemy/RTOS/RTOS_Workspace/STM32_LedButton_IdleHookFn/StdPeriph_Driver/inc" -I"D:/Udemy/RTOS/RTOS_Workspace/STM32_LedButton_IdleHookFn/inc" -I"D:/Udemy/RTOS/RTOS_Workspace/STM32_LedButton_IdleHookFn/CMSIS/device" -I"D:/Udemy/RTOS/RTOS_Workspace/STM32_LedButton_IdleHookFn/CMSIS/core" -O0 -g3 -Wall -fmessage-length=0 -ffunction-sections -c -MMD -MP -MF"src/syscalls.d" -MT"src/syscalls.o" -o "src/syscalls.o" "../src/syscalls.c"
D:\Udemy\RTOS\RTOS_Workspace\STM32_LedButton_IdleHookFn\Debug
arm-none-eabi-gcc -mcpu=cortex-m4 -mthumb -mfloat-abi=hard -mfpu=fpv4-sp-d16 -DSTM32 -DSTM32F3 -DSTM32F30 -DSTM32F302R8Tx -DNUCLEO_F302R8 -DDEBUG -DSTM32F302x8 -DUSE_STDPERIPH_DRIVER -I"D:/Udemy/RTOS/RTOS_Workspace/STM32_LedButton_IdleHookFn/Utilities/STM32F3xx_Nucleo" -I"D:/Udemy/RTOS/RTOS_Workspace/STM32_LedButton_IdleHookFn/Config" -I"D:/Udemy/RTOS/RTOS_Workspace/STM32_LedButton_IdleHookFn/Third-Party/FreeRTOS/org/Source/include" -I"D:/Udemy/RTOS/RTOS_Workspace/STM32_LedButton_IdleHookFn/Third-Party/FreeRTOS/org/Source/portable/GCC/ARM_CM4F" -I"D:/Udemy/RTOS/RTOS_Workspace/STM32_LedButton_IdleHookFn/Third-Party/SEGGER/Config" -I"D:/Udemy/RTOS/RTOS_Workspace/STM32_LedButton_IdleHookFn/Third-Party/SEGGER/OS" -I"D:/Udemy/RTOS/RTOS_Workspace/STM32_LedButton_IdleHookFn/Third-Party/SEGGER/SEGGER" -I"D:/Udemy/RTOS/RTOS_Workspace/STM32_LedButton_IdleHookFn/StdPeriph_Driver/inc" -I"D:/Udemy/RTOS/RTOS_Workspace/STM32_LedButton_IdleHookFn/inc" -I"D:/Udemy/RTOS/RTOS_Workspace/STM32_LedButton_IdleHookFn/CMSIS/device" -I"D:/Udemy/RTOS/RTOS_Workspace/STM32_LedButton_IdleHookFn/CMSIS/core" -O0 -g3 -Wall -fmessage-length=0 -ffunction-sections -c -MMD -MP -MF"src/system_stm32f30x.d" -MT"src/system_stm32f30x.o" -o "src/system_stm32f30x.o" "../src/system_stm32f30x.c"
Invoking: MCU GCC Compiler
arm-none-eabi-gcc -mcpu=cortex-m4 -mthumb -mfloat-abi=hard -mfpu=fpv4-sp-d16 -DSTM32 -DSTM32F3 -DSTM32F30 -DSTM32F302R8Tx -DNUCLEO_F302R8 -DDEBUG -DSTM32F302x8 -DUSE_STDPERIPH_DRIVER -I"D:/Udemy/RTOS/RTOS_Workspace/STM32_LedButton_IdleHookFn/Utilities/STM32F3xx_Nucleo" -I"D:/Udemy/RTOS/RTOS_Workspace/STM32_LedButton_IdleHookFn/Config" -I"D:/Udemy/RTOS/RTOS_Workspace/STM32_LedButton_IdleHookFn/Third-Party/FreeRTOS/org/Source/include" -I"D:/Udemy/RTOS/RTOS_Workspace/STM32_LedButton_IdleHookFn/Third-Party/FreeRTOS/org/Source/portable/GCC/ARM_CM4F" -I"D:/Udemy/RTOS/RTOS_Workspace/STM32_LedButton_IdleHookFn/Third-Party/SEGGER/Config" -I"D:/Udemy/RTOS/RTOS_Workspace/STM32_LedButton_IdleHookFn/Third-Party/SEGGER/OS" -I"D:/Udemy/RTOS/RTOS_Workspace/STM32_LedButton_IdleHookFn/Third-Party/SEGGER/SEGGER" -I"D:/Udemy/RTOS/RTOS_Workspace/STM32_LedButton_IdleHookFn/StdPeriph_Driver/inc" -I"D:/Udemy/RTOS/RTOS_Workspace/STM32_LedButton_IdleHookFn/inc" -I"D:/Udemy/RTOS/RTOS_Workspace/STM32_LedButton_IdleHookFn/CMSIS/device" -I"D:/Udemy/RTOS/RTOS_Workspace/STM32_LedButton_IdleHookFn/CMSIS/core" -O0 -g3 -Wall -fmessage-length=0 -ffunction-sections -c -MMD -MP -MF"Utilities/STM32F3xx_Nucleo/stm32f3xx_nucleo.d" -MT"Utilities/STM32F3xx_Nucleo/stm32f3xx_nucleo.o" -o "Utilities/STM32F3xx_Nucleo/stm32f3xx_nucleo.o" "../Utilities/STM32F3xx_Nucleo/stm32f3xx_nucleo.c"
Invoking: MCU GCC Compiler
Building file: ../Third-Party/SEGGER/OS/SEGGER_SYSVIEW_FreeRTOS.c
D:\Udemy\RTOS\RTOS_Workspace\STM32_LedButton_IdleHookFn\Debug
arm-none-eabi-gcc -mcpu=cortex-m4 -mthumb -mfloat-abi=hard -mfpu=fpv4-sp-d16 -DSTM32 -DSTM32F3 -DSTM32F30 -DSTM32F302R8Tx -DNUCLEO_F302R8 -DDEBUG -DSTM32F302x8 -DUSE_STDPERIPH_DRIVER -I"D:/Udemy/RTOS/RTOS_Workspace/STM32_LedButton_IdleHookFn/Utilities/STM32F3xx_Nucleo" -I"D:/Udemy/RTOS/RTOS_Workspace/STM32_LedButton_IdleHookFn/Config" -I"D:/Udemy/RTOS/RTOS_Workspace/STM32_LedButton_IdleHookFn/Third-Party/FreeRTOS/org/Source/include" -I"D:/Udemy/RTOS/RTOS_Workspace/STM32_LedButton_IdleHookFn/Third-Party/FreeRTOS/org/Source/portable/GCC/ARM_CM4F" -I"D:/Udemy/RTOS/RTOS_Workspace/STM32_LedButton_IdleHookFn/Third-Party/SEGGER/Config" -I"D:/Udemy/RTOS/RTOS_Workspace/STM32_LedButton_IdleHookFn/Third-Party/SEGGER/OS" -I"D:/Udemy/RTOS/RTOS_Workspace/STM32_LedButton_IdleHookFn/Third-Party/SEGGER/SEGGER" -I"D:/Udemy/RTOS/RTOS_Workspace/STM32_LedButton_IdleHookFn/StdPeriph_Driver/inc" -I"D:/Udemy/RTOS/RTOS_Workspace/STM32_LedButton_IdleHookFn/inc" -I"D:/Udemy/RTOS/RTOS_Workspace/STM32_LedButton_IdleHookFn/CMSIS/device" -I"D:/Udemy/RTOS/RTOS_Workspace/STM32_LedButton_IdleHookFn/CMSIS/core" -O0 -g3 -Wall -fmessage-length=0 -ffunction-sections -c -MMD -MP -MF"Third-Party/SEGGER/SEGGER/SEGGER_RTT.d" -MT"Third-Party/SEGGER/SEGGER/SEGGER_RTT.o" -o "Third-Party/SEGGER/SEGGER/SEGGER_RTT.o" "../Third-Party/SEGGER/SEGGER/SEGGER_RTT.c"
D:\Udemy\RTOS\RTOS_Workspace\STM32_LedButton_IdleHookFn\Debug
arm-none-eabi-gcc -mcpu=cortex-m4 -mthumb -mfloat-abi=hard -mfpu=fpv4-sp-d16 -DSTM32 -DSTM32F3 -DSTM32F30 -DSTM32F302R8Tx -DNUCLEO_F302R8 -DDEBUG -DSTM32F302x8 -DUSE_STDPERIPH_DRIVER -I"D:/Udemy/RTOS/RTOS_Workspace/STM32_LedButton_IdleHookFn/Utilities/STM32F3xx_Nucleo" -I"D:/Udemy/RTOS/RTOS_Workspace/STM32_LedButton_IdleHookFn/Config" -I"D:/Udemy/RTOS/RTOS_Workspace/STM32_LedButton_IdleHookFn/Third-Party/FreeRTOS/org/Source/include" -I"D:/Udemy/RTOS/RTOS_Workspace/STM32_LedButton_IdleHookFn/Third-Party/FreeRTOS/org/Source/portable/GCC/ARM_CM4F" -I"D:/Udemy/RTOS/RTOS_Workspace/STM32_LedButton_IdleHookFn/Third-Party/SEGGER/Config" -I"D:/Udemy/RTOS/RTOS_Workspace/STM32_LedButton_IdleHookFn/Third-Party/SEGGER/OS" -I"D:/Udemy/RTOS/RTOS_Workspace/STM32_LedButton_IdleHookFn/Third-Party/SEGGER/SEGGER" -I"D:/Udemy/RTOS/RTOS_Workspace/STM32_LedButton_IdleHookFn/StdPeriph_Driver/inc" -I"D:/Udemy/RTOS/RTOS_Workspace/STM32_LedButton_IdleHookFn/inc" -I"D:/Udemy/RTOS/RTOS_Workspace/STM32_LedButton_IdleHookFn/CMSIS/device" -I"D:/Udemy/RTOS/RTOS_Workspace/STM32_LedButton_IdleHookFn/CMSIS/core" -O0 -g3 -Wall -fmessage-length=0 -ffunction-sections -c -MMD -MP -MF"Third-Party/SEGGER/SEGGER/SEGGER_SYSVIEW.d" -MT"Third-Party/SEGGER/SEGGER/SEGGER_SYSVIEW.o" -o "Third-Party/SEGGER/SEGGER/SEGGER_SYSVIEW.o" "../Third-Party/SEGGER/SEGGER/SEGGER_SYSVIEW.c"
Invoking: MCU GCC Compiler
D:\Udemy\RTOS\RTOS_Workspace\STM32_LedButton_IdleHookFn\Debug
arm-none-eabi-gcc -mcpu=cortex-m4 -mthumb -mfloat-abi=hard -mfpu=fpv4-sp-d16 -DSTM32 -DSTM32F3 -DSTM32F30 -DSTM32F302R8Tx -DNUCLEO_F302R8 -DDEBUG -DSTM32F302x8 -DUSE_STDPERIPH_DRIVER -I"D:/Udemy/RTOS/RTOS_Workspace/STM32_LedButton_IdleHookFn/Utilities/STM32F3xx_Nucleo" -I"D:/Udemy/RTOS/RTOS_Workspace/STM32_LedButton_IdleHookFn/Config" -I"D:/Udemy/RTOS/RTOS_Workspace/STM32_LedButton_IdleHookFn/Third-Party/FreeRTOS/org/Source/include" -I"D:/Udemy/RTOS/RTOS_Workspace/STM32_LedButton_IdleHookFn/Third-Party/FreeRTOS/org/Source/portable/GCC/ARM_CM4F" -I"D:/Udemy/RTOS/RTOS_Workspace/STM32_LedButton_IdleHookFn/Third-Party/SEGGER/Config" -I"D:/Udemy/RTOS/RTOS_Workspace/STM32_LedButton_IdleHookFn/Third-Party/SEGGER/OS" -I"D:/Udemy/RTOS/RTOS_Workspace/STM32_LedButton_IdleHookFn/Third-Party/SEGGER/SEGGER" -I"D:/Udemy/RTOS/RTOS_Workspace/STM32_LedButton_IdleHookFn/StdPeriph_Driver/inc" -I"D:/Udemy/RTOS/RTOS_Workspace/STM32_LedButton_IdleHookFn/inc" -I"D:/Udemy/RTOS/RTOS_Workspace/STM32_LedButton_IdleHookFn/CMSIS/device" -I"D:/Udemy/RTOS/RTOS_Workspace/STM32_LedButton_IdleHookFn/CMSIS/core" -O0 -g3 -Wall -fmessage-length=0 -ffunction-sections -c -MMD -MP -MF"Third-Party/SEGGER/OS/SEGGER_SYSVIEW_FreeRTOS.d" -MT"Third-Party/SEGGER/OS/SEGGER_SYSVIEW_FreeRTOS.o" -o "Third-Party/SEGGER/OS/SEGGER_SYSVIEW_FreeRTOS.o" "../Third-Party/SEGGER/OS/SEGGER_SYSVIEW_FreeRTOS.c"
Finished building: ../startup/startup_stm32f302x8.s
../src/system_stm32f30x.c: In function 'SetSysClock':
../src/system_stm32f30x.c:287:37: warning: unused variable 'HSEStatus' [-Wunused-variable]
   __IO uint32_t StartUpCounter = 0, HSEStatus = 0;
                                     ^~~~~~~~~
../src/system_stm32f30x.c:287:17: warning: unused variable 'StartUpCounter' [-Wunused-variable]
   __IO uint32_t StartUpCounter = 0, HSEStatus = 0;
                 ^~~~~~~~~~~~~~
 
../src/main.c: In function 'vTask1_handler':
../src/main.c:58:39: warning: format '%ld' expects argument of type 'long int', but argument 3 has type 'int' [-Wformat=]
   sprintf(usr_msg,"Status of LED is %ld \r \n", GPIO_ReadOutputDataBit(GPIOB, GPIO_Pin_13));
                                     ~~^         ~~~~~~~~~~~~~~~~~~~~~~~~~~~~~~~~~~~~~~~~~~
                                     %d
../src/main.c: In function 'vTask2_handler':
../src/main.c:68:4: warning: implicit declaration of function 'GPIO_ToggleBits'; did you mean 'GPIO_WriteBit'? [-Wimplicit-function-declaration]
    GPIO_ToggleBits(GPIOB, GPIO_Pin_13);
    ^~~~~~~~~~~~~~~
    GPIO_WriteBit
Building file: ../Third-Party/SEGGER/Config/SEGGER_SYSVIEW_Config_FreeRTOS.c
Invoking: MCU GCC Compiler
D:\Udemy\RTOS\RTOS_Workspace\STM32_LedButton_IdleHookFn\Debug
arm-none-eabi-gcc -mcpu=cortex-m4 -mthumb -mfloat-abi=hard -mfpu=fpv4-sp-d16 -DSTM32 -DSTM32F3 -DSTM32F30 -DSTM32F302R8Tx -DNUCLEO_F302R8 -DDEBUG -DSTM32F302x8 -DUSE_STDPERIPH_DRIVER -I"D:/Udemy/RTOS/RTOS_Workspace/STM32_LedButton_IdleHookFn/Utilities/STM32F3xx_Nucleo" -I"D:/Udemy/RTOS/RTOS_Workspace/STM32_LedButton_IdleHookFn/Config" -I"D:/Udemy/RTOS/RTOS_Workspace/STM32_LedButton_IdleHookFn/Third-Party/FreeRTOS/org/Source/include" -I"D:/Udemy/RTOS/RTOS_Workspace/STM32_LedButton_IdleHookFn/Third-Party/FreeRTOS/org/Source/portable/GCC/ARM_CM4F" -I"D:/Udemy/RTOS/RTOS_Workspace/STM32_LedButton_IdleHookFn/Third-Party/SEGGER/Config" -I"D:/Udemy/RTOS/RTOS_Workspace/STM32_LedButton_IdleHookFn/Third-Party/SEGGER/OS" -I"D:/Udemy/RTOS/RTOS_Workspace/STM32_LedButton_IdleHookFn/Third-Party/SEGGER/SEGGER" -I"D:/Udemy/RTOS/RTOS_Workspace/STM32_LedButton_IdleHookFn/StdPeriph_Driver/inc" -I"D:/Udemy/RTOS/RTOS_Workspace/STM32_LedButton_IdleHookFn/inc" -I"D:/Udemy/RTOS/RTOS_Workspace/STM32_LedButton_IdleHookFn/CMSIS/device" -I"D:/Udemy/RTOS/RTOS_Workspace/STM32_LedButton_IdleHookFn/CMSIS/core" -O0 -g3 -Wall -fmessage-length=0 -ffunction-sections -c -MMD -MP -MF"Third-Party/SEGGER/Config/SEGGER_SYSVIEW_Config_FreeRTOS.d" -MT"Third-Party/SEGGER/Config/SEGGER_SYSVIEW_Config_FreeRTOS.o" -o "Third-Party/SEGGER/Config/SEGGER_SYSVIEW_Config_FreeRTOS.o" "../Third-Party/SEGGER/Config/SEGGER_SYSVIEW_Config_FreeRTOS.c"
Finished building: ../src/syscalls.c
 
Finished building: ../Third-Party/SEGGER/SEGGER/SEGGER_RTT.c
Building file: ../Third-Party/FreeRTOS/org/Source/portable/MemMang/heap_4.c
 
Finished building: ../src/system_stm32f30x.c
Invoking: MCU GCC Compiler
Building file: ../Third-Party/FreeRTOS/org/Source/portable/GCC/ARM_CM4F/port.c
 
D:\Udemy\RTOS\RTOS_Workspace\STM32_LedButton_IdleHookFn\Debug
arm-none-eabi-gcc -mcpu=cortex-m4 -mthumb -mfloat-abi=hard -mfpu=fpv4-sp-d16 -DSTM32 -DSTM32F3 -DSTM32F30 -DSTM32F302R8Tx -DNUCLEO_F302R8 -DDEBUG -DSTM32F302x8 -DUSE_STDPERIPH_DRIVER -I"D:/Udemy/RTOS/RTOS_Workspace/STM32_LedButton_IdleHookFn/Utilities/STM32F3xx_Nucleo" -I"D:/Udemy/RTOS/RTOS_Workspace/STM32_LedButton_IdleHookFn/Config" -I"D:/Udemy/RTOS/RTOS_Workspace/STM32_LedButton_IdleHookFn/Third-Party/FreeRTOS/org/Source/include" -I"D:/Udemy/RTOS/RTOS_Workspace/STM32_LedButton_IdleHookFn/Third-Party/FreeRTOS/org/Source/portable/GCC/ARM_CM4F" -I"D:/Udemy/RTOS/RTOS_Workspace/STM32_LedButton_IdleHookFn/Third-Party/SEGGER/Config" -I"D:/Udemy/RTOS/RTOS_Workspace/STM32_LedButton_IdleHookFn/Third-Party/SEGGER/OS" -I"D:/Udemy/RTOS/RTOS_Workspace/STM32_LedButton_IdleHookFn/Third-Party/SEGGER/SEGGER" -I"D:/Udemy/RTOS/RTOS_Workspace/STM32_LedButton_IdleHookFn/StdPeriph_Driver/inc" -I"D:/Udemy/RTOS/RTOS_Workspace/STM32_LedButton_IdleHookFn/inc" -I"D:/Udemy/RTOS/RTOS_Workspace/STM32_LedButton_IdleHookFn/CMSIS/device" -I"D:/Udemy/RTOS/RTOS_Workspace/STM32_LedButton_IdleHookFn/CMSIS/core" -O0 -g3 -Wall -fmessage-length=0 -ffunction-sections -c -MMD -MP -MF"Third-Party/FreeRTOS/org/Source/portable/MemMang/heap_4.d" -MT"Third-Party/FreeRTOS/org/Source/portable/MemMang/heap_4.o" -o "Third-Party/FreeRTOS/org/Source/portable/MemMang/heap_4.o" "../Third-Party/FreeRTOS/org/Source/portable/MemMang/heap_4.c"
Invoking: MCU GCC Compiler
Building file: ../Third-Party/FreeRTOS/org/Source/croutine.c
Finished building: ../Utilities/STM32F3xx_Nucleo/stm32f3xx_nucleo.c
D:\Udemy\RTOS\RTOS_Workspace\STM32_LedButton_IdleHookFn\Debug
Invoking: MCU GCC Compiler
arm-none-eabi-gcc -mcpu=cortex-m4 -mthumb -mfloat-abi=hard -mfpu=fpv4-sp-d16 -DSTM32 -DSTM32F3 -DSTM32F30 -DSTM32F302R8Tx -DNUCLEO_F302R8 -DDEBUG -DSTM32F302x8 -DUSE_STDPERIPH_DRIVER -I"D:/Udemy/RTOS/RTOS_Workspace/STM32_LedButton_IdleHookFn/Utilities/STM32F3xx_Nucleo" -I"D:/Udemy/RTOS/RTOS_Workspace/STM32_LedButton_IdleHookFn/Config" -I"D:/Udemy/RTOS/RTOS_Workspace/STM32_LedButton_IdleHookFn/Third-Party/FreeRTOS/org/Source/include" -I"D:/Udemy/RTOS/RTOS_Workspace/STM32_LedButton_IdleHookFn/Third-Party/FreeRTOS/org/Source/portable/GCC/ARM_CM4F" -I"D:/Udemy/RTOS/RTOS_Workspace/STM32_LedButton_IdleHookFn/Third-Party/SEGGER/Config" -I"D:/Udemy/RTOS/RTOS_Workspace/STM32_LedButton_IdleHookFn/Third-Party/SEGGER/OS" -I"D:/Udemy/RTOS/RTOS_Workspace/STM32_LedButton_IdleHookFn/Third-Party/SEGGER/SEGGER" -I"D:/Udemy/RTOS/RTOS_Workspace/STM32_LedButton_IdleHookFn/StdPeriph_Driver/inc" -I"D:/Udemy/RTOS/RTOS_Workspace/STM32_LedButton_IdleHookFn/inc" -I"D:/Udemy/RTOS/RTOS_Workspace/STM32_LedButton_IdleHookFn/CMSIS/device" -I"D:/Udemy/RTOS/RTOS_Workspace/STM32_LedButton_IdleHookFn/CMSIS/core" -O0 -g3 -Wall -fmessage-length=0 -ffunction-sections -c -MMD -MP -MF"Third-Party/FreeRTOS/org/Source/portable/GCC/ARM_CM4F/port.d" -MT"Third-Party/FreeRTOS/org/Source/portable/GCC/ARM_CM4F/port.o" -o "Third-Party/FreeRTOS/org/Source/portable/GCC/ARM_CM4F/port.o" "../Third-Party/FreeRTOS/org/Source/portable/GCC/ARM_CM4F/port.c"
 
D:\Udemy\RTOS\RTOS_Workspace\STM32_LedButton_IdleHookFn\Debug
arm-none-eabi-gcc -mcpu=cortex-m4 -mthumb -mfloat-abi=hard -mfpu=fpv4-sp-d16 -DSTM32 -DSTM32F3 -DSTM32F30 -DSTM32F302R8Tx -DNUCLEO_F302R8 -DDEBUG -DSTM32F302x8 -DUSE_STDPERIPH_DRIVER -I"D:/Udemy/RTOS/RTOS_Workspace/STM32_LedButton_IdleHookFn/Utilities/STM32F3xx_Nucleo" -I"D:/Udemy/RTOS/RTOS_Workspace/STM32_LedButton_IdleHookFn/Config" -I"D:/Udemy/RTOS/RTOS_Workspace/STM32_LedButton_IdleHookFn/Third-Party/FreeRTOS/org/Source/include" -I"D:/Udemy/RTOS/RTOS_Workspace/STM32_LedButton_IdleHookFn/Third-Party/FreeRTOS/org/Source/portable/GCC/ARM_CM4F" -I"D:/Udemy/RTOS/RTOS_Workspace/STM32_LedButton_IdleHookFn/Third-Party/SEGGER/Config" -I"D:/Udemy/RTOS/RTOS_Workspace/STM32_LedButton_IdleHookFn/Third-Party/SEGGER/OS" -I"D:/Udemy/RTOS/RTOS_Workspace/STM32_LedButton_IdleHookFn/Third-Party/SEGGER/SEGGER" -I"D:/Udemy/RTOS/RTOS_Workspace/STM32_LedButton_IdleHookFn/StdPeriph_Driver/inc" -I"D:/Udemy/RTOS/RTOS_Workspace/STM32_LedButton_IdleHookFn/inc" -I"D:/Udemy/RTOS/RTOS_Workspace/STM32_LedButton_IdleHookFn/CMSIS/device" -I"D:/Udemy/RTOS/RTOS_Workspace/STM32_LedButton_IdleHookFn/CMSIS/core" -O0 -g3 -Wall -fmessage-length=0 -ffunction-sections -c -MMD -MP -MF"Third-Party/FreeRTOS/org/Source/croutine.d" -MT"Third-Party/FreeRTOS/org/Source/croutine.o" -o "Third-Party/FreeRTOS/org/Source/croutine.o" "../Third-Party/FreeRTOS/org/Source/croutine.c"
Building file: ../Third-Party/FreeRTOS/org/Source/event_groups.c
Finished building: ../Third-Party/SEGGER/SEGGER/SEGGER_SYSVIEW.c
Finished building: ../src/main.c
 
Invoking: MCU GCC Compiler
 
D:\Udemy\RTOS\RTOS_Workspace\STM32_LedButton_IdleHookFn\Debug
arm-none-eabi-gcc -mcpu=cortex-m4 -mthumb -mfloat-abi=hard -mfpu=fpv4-sp-d16 -DSTM32 -DSTM32F3 -DSTM32F30 -DSTM32F302R8Tx -DNUCLEO_F302R8 -DDEBUG -DSTM32F302x8 -DUSE_STDPERIPH_DRIVER -I"D:/Udemy/RTOS/RTOS_Workspace/STM32_LedButton_IdleHookFn/Utilities/STM32F3xx_Nucleo" -I"D:/Udemy/RTOS/RTOS_Workspace/STM32_LedButton_IdleHookFn/Config" -I"D:/Udemy/RTOS/RTOS_Workspace/STM32_LedButton_IdleHookFn/Third-Party/FreeRTOS/org/Source/include" -I"D:/Udemy/RTOS/RTOS_Workspace/STM32_LedButton_IdleHookFn/Third-Party/FreeRTOS/org/Source/portable/GCC/ARM_CM4F" -I"D:/Udemy/RTOS/RTOS_Workspace/STM32_LedButton_IdleHookFn/Third-Party/SEGGER/Config" -I"D:/Udemy/RTOS/RTOS_Workspace/STM32_LedButton_IdleHookFn/Third-Party/SEGGER/OS" -I"D:/Udemy/RTOS/RTOS_Workspace/STM32_LedButton_IdleHookFn/Third-Party/SEGGER/SEGGER" -I"D:/Udemy/RTOS/RTOS_Workspace/STM32_LedButton_IdleHookFn/StdPeriph_Driver/inc" -I"D:/Udemy/RTOS/RTOS_Workspace/STM32_LedButton_IdleHookFn/inc" -I"D:/Udemy/RTOS/RTOS_Workspace/STM32_LedButton_IdleHookFn/CMSIS/device" -I"D:/Udemy/RTOS/RTOS_Workspace/STM32_LedButton_IdleHookFn/CMSIS/core" -O0 -g3 -Wall -fmessage-length=0 -ffunction-sections -c -MMD -MP -MF"Third-Party/FreeRTOS/org/Source/event_groups.d" -MT"Third-Party/FreeRTOS/org/Source/event_groups.o" -o "Third-Party/FreeRTOS/org/Source/event_groups.o" "../Third-Party/FreeRTOS/org/Source/event_groups.c"
Building file: ../Third-Party/FreeRTOS/org/Source/list.c
Finished building: ../Third-Party/SEGGER/OS/SEGGER_SYSVIEW_FreeRTOS.c
Building file: ../Third-Party/FreeRTOS/org/Source/queue.c
Invoking: MCU GCC Compiler
 
Invoking: MCU GCC Compiler
D:\Udemy\RTOS\RTOS_Workspace\STM32_LedButton_IdleHookFn\Debug
Building file: ../Third-Party/FreeRTOS/org/Source/stream_buffer.c
arm-none-eabi-gcc -mcpu=cortex-m4 -mthumb -mfloat-abi=hard -mfpu=fpv4-sp-d16 -DSTM32 -DSTM32F3 -DSTM32F30 -DSTM32F302R8Tx -DNUCLEO_F302R8 -DDEBUG -DSTM32F302x8 -DUSE_STDPERIPH_DRIVER -I"D:/Udemy/RTOS/RTOS_Workspace/STM32_LedButton_IdleHookFn/Utilities/STM32F3xx_Nucleo" -I"D:/Udemy/RTOS/RTOS_Workspace/STM32_LedButton_IdleHookFn/Config" -I"D:/Udemy/RTOS/RTOS_Workspace/STM32_LedButton_IdleHookFn/Third-Party/FreeRTOS/org/Source/include" -I"D:/Udemy/RTOS/RTOS_Workspace/STM32_LedButton_IdleHookFn/Third-Party/FreeRTOS/org/Source/portable/GCC/ARM_CM4F" -I"D:/Udemy/RTOS/RTOS_Workspace/STM32_LedButton_IdleHookFn/Third-Party/SEGGER/Config" -I"D:/Udemy/RTOS/RTOS_Workspace/STM32_LedButton_IdleHookFn/Third-Party/SEGGER/OS" -I"D:/Udemy/RTOS/RTOS_Workspace/STM32_LedButton_IdleHookFn/Third-Party/SEGGER/SEGGER" -I"D:/Udemy/RTOS/RTOS_Workspace/STM32_LedButton_IdleHookFn/StdPeriph_Driver/inc" -I"D:/Udemy/RTOS/RTOS_Workspace/STM32_LedButton_IdleHookFn/inc" -I"D:/Udemy/RTOS/RTOS_Workspace/STM32_LedButton_IdleHookFn/CMSIS/device" -I"D:/Udemy/RTOS/RTOS_Workspace/STM32_LedButton_IdleHookFn/CMSIS/core" -O0 -g3 -Wall -fmessage-length=0 -ffunction-sections -c -MMD -MP -MF"Third-Party/FreeRTOS/org/Source/list.d" -MT"Third-Party/FreeRTOS/org/Source/list.o" -o "Third-Party/FreeRTOS/org/Source/list.o" "../Third-Party/FreeRTOS/org/Source/list.c"
D:\Udemy\RTOS\RTOS_Workspace\STM32_LedButton_IdleHookFn\Debug
arm-none-eabi-gcc -mcpu=cortex-m4 -mthumb -mfloat-abi=hard -mfpu=fpv4-sp-d16 -DSTM32 -DSTM32F3 -DSTM32F30 -DSTM32F302R8Tx -DNUCLEO_F302R8 -DDEBUG -DSTM32F302x8 -DUSE_STDPERIPH_DRIVER -I"D:/Udemy/RTOS/RTOS_Workspace/STM32_LedButton_IdleHookFn/Utilities/STM32F3xx_Nucleo" -I"D:/Udemy/RTOS/RTOS_Workspace/STM32_LedButton_IdleHookFn/Config" -I"D:/Udemy/RTOS/RTOS_Workspace/STM32_LedButton_IdleHookFn/Third-Party/FreeRTOS/org/Source/include" -I"D:/Udemy/RTOS/RTOS_Workspace/STM32_LedButton_IdleHookFn/Third-Party/FreeRTOS/org/Source/portable/GCC/ARM_CM4F" -I"D:/Udemy/RTOS/RTOS_Workspace/STM32_LedButton_IdleHookFn/Third-Party/SEGGER/Config" -I"D:/Udemy/RTOS/RTOS_Workspace/STM32_LedButton_IdleHookFn/Third-Party/SEGGER/OS" -I"D:/Udemy/RTOS/RTOS_Workspace/STM32_LedButton_IdleHookFn/Third-Party/SEGGER/SEGGER" -I"D:/Udemy/RTOS/RTOS_Workspace/STM32_LedButton_IdleHookFn/StdPeriph_Driver/inc" -I"D:/Udemy/RTOS/RTOS_Workspace/STM32_LedButton_IdleHookFn/inc" -I"D:/Udemy/RTOS/RTOS_Workspace/STM32_LedButton_IdleHookFn/CMSIS/device" -I"D:/Udemy/RTOS/RTOS_Workspace/STM32_LedButton_IdleHookFn/CMSIS/core" -O0 -g3 -Wall -fmessage-length=0 -ffunction-sections -c -MMD -MP -MF"Third-Party/FreeRTOS/org/Source/queue.d" -MT"Third-Party/FreeRTOS/org/Source/queue.o" -o "Third-Party/FreeRTOS/org/Source/queue.o" "../Third-Party/FreeRTOS/org/Source/queue.c"
Invoking: MCU GCC Compiler
D:\Udemy\RTOS\RTOS_Workspace\STM32_LedButton_IdleHookFn\Debug
arm-none-eabi-gcc -mcpu=cortex-m4 -mthumb -mfloat-abi=hard -mfpu=fpv4-sp-d16 -DSTM32 -DSTM32F3 -DSTM32F30 -DSTM32F302R8Tx -DNUCLEO_F302R8 -DDEBUG -DSTM32F302x8 -DUSE_STDPERIPH_DRIVER -I"D:/Udemy/RTOS/RTOS_Workspace/STM32_LedButton_IdleHookFn/Utilities/STM32F3xx_Nucleo" -I"D:/Udemy/RTOS/RTOS_Workspace/STM32_LedButton_IdleHookFn/Config" -I"D:/Udemy/RTOS/RTOS_Workspace/STM32_LedButton_IdleHookFn/Third-Party/FreeRTOS/org/Source/include" -I"D:/Udemy/RTOS/RTOS_Workspace/STM32_LedButton_IdleHookFn/Third-Party/FreeRTOS/org/Source/portable/GCC/ARM_CM4F" -I"D:/Udemy/RTOS/RTOS_Workspace/STM32_LedButton_IdleHookFn/Third-Party/SEGGER/Config" -I"D:/Udemy/RTOS/RTOS_Workspace/STM32_LedButton_IdleHookFn/Third-Party/SEGGER/OS" -I"D:/Udemy/RTOS/RTOS_Workspace/STM32_LedButton_IdleHookFn/Third-Party/SEGGER/SEGGER" -I"D:/Udemy/RTOS/RTOS_Workspace/STM32_LedButton_IdleHookFn/StdPeriph_Driver/inc" -I"D:/Udemy/RTOS/RTOS_Workspace/STM32_LedButton_IdleHookFn/inc" -I"D:/Udemy/RTOS/RTOS_Workspace/STM32_LedButton_IdleHookFn/CMSIS/device" -I"D:/Udemy/RTOS/RTOS_Workspace/STM32_LedButton_IdleHookFn/CMSIS/core" -O0 -g3 -Wall -fmessage-length=0 -ffunction-sections -c -MMD -MP -MF"Third-Party/FreeRTOS/org/Source/stream_buffer.d" -MT"Third-Party/FreeRTOS/org/Source/stream_buffer.o" -o "Third-Party/FreeRTOS/org/Source/stream_buffer.o" "../Third-Party/FreeRTOS/org/Source/stream_buffer.c"
Finished building: ../Third-Party/SEGGER/Config/SEGGER_SYSVIEW_Config_FreeRTOS.c
 
Building file: ../Third-Party/FreeRTOS/org/Source/tasks.c
Invoking: MCU GCC Compiler
D:\Udemy\RTOS\RTOS_Workspace\STM32_LedButton_IdleHookFn\Debug
arm-none-eabi-gcc -mcpu=cortex-m4 -mthumb -mfloat-abi=hard -mfpu=fpv4-sp-d16 -DSTM32 -DSTM32F3 -DSTM32F30 -DSTM32F302R8Tx -DNUCLEO_F302R8 -DDEBUG -DSTM32F302x8 -DUSE_STDPERIPH_DRIVER -I"D:/Udemy/RTOS/RTOS_Workspace/STM32_LedButton_IdleHookFn/Utilities/STM32F3xx_Nucleo" -I"D:/Udemy/RTOS/RTOS_Workspace/STM32_LedButton_IdleHookFn/Config" -I"D:/Udemy/RTOS/RTOS_Workspace/STM32_LedButton_IdleHookFn/Third-Party/FreeRTOS/org/Source/include" -I"D:/Udemy/RTOS/RTOS_Workspace/STM32_LedButton_IdleHookFn/Third-Party/FreeRTOS/org/Source/portable/GCC/ARM_CM4F" -I"D:/Udemy/RTOS/RTOS_Workspace/STM32_LedButton_IdleHookFn/Third-Party/SEGGER/Config" -I"D:/Udemy/RTOS/RTOS_Workspace/STM32_LedButton_IdleHookFn/Third-Party/SEGGER/OS" -I"D:/Udemy/RTOS/RTOS_Workspace/STM32_LedButton_IdleHookFn/Third-Party/SEGGER/SEGGER" -I"D:/Udemy/RTOS/RTOS_Workspace/STM32_LedButton_IdleHookFn/StdPeriph_Driver/inc" -I"D:/Udemy/RTOS/RTOS_Workspace/STM32_LedButton_IdleHookFn/inc" -I"D:/Udemy/RTOS/RTOS_Workspace/STM32_LedButton_IdleHookFn/CMSIS/device" -I"D:/Udemy/RTOS/RTOS_Workspace/STM32_LedButton_IdleHookFn/CMSIS/core" -O0 -g3 -Wall -fmessage-length=0 -ffunction-sections -c -MMD -MP -MF"Third-Party/FreeRTOS/org/Source/tasks.d" -MT"Third-Party/FreeRTOS/org/Source/tasks.o" -o "Third-Party/FreeRTOS/org/Source/tasks.o" "../Third-Party/FreeRTOS/org/Source/tasks.c"
Finished building: ../Third-Party/FreeRTOS/org/Source/portable/MemMang/heap_4.c
Finished building: ../Third-Party/FreeRTOS/org/Source/portable/GCC/ARM_CM4F/port.c
 
 
Finished building: ../Third-Party/FreeRTOS/org/Source/croutine.c
 
Building file: ../Third-Party/FreeRTOS/org/Source/timers.c
Building file: ../StdPeriph_Driver/src/stm32f30x_adc.c
Invoking: MCU GCC Compiler
Building file: ../StdPeriph_Driver/src/stm32f30x_can.c
Invoking: MCU GCC Compiler
D:\Udemy\RTOS\RTOS_Workspace\STM32_LedButton_IdleHookFn\Debug
Invoking: MCU GCC Compiler
D:\Udemy\RTOS\RTOS_Workspace\STM32_LedButton_IdleHookFn\Debug
arm-none-eabi-gcc -mcpu=cortex-m4 -mthumb -mfloat-abi=hard -mfpu=fpv4-sp-d16 -DSTM32 -DSTM32F3 -DSTM32F30 -DSTM32F302R8Tx -DNUCLEO_F302R8 -DDEBUG -DSTM32F302x8 -DUSE_STDPERIPH_DRIVER -I"D:/Udemy/RTOS/RTOS_Workspace/STM32_LedButton_IdleHookFn/Utilities/STM32F3xx_Nucleo" -I"D:/Udemy/RTOS/RTOS_Workspace/STM32_LedButton_IdleHookFn/Config" -I"D:/Udemy/RTOS/RTOS_Workspace/STM32_LedButton_IdleHookFn/Third-Party/FreeRTOS/org/Source/include" -I"D:/Udemy/RTOS/RTOS_Workspace/STM32_LedButton_IdleHookFn/Third-Party/FreeRTOS/org/Source/portable/GCC/ARM_CM4F" -I"D:/Udemy/RTOS/RTOS_Workspace/STM32_LedButton_IdleHookFn/Third-Party/SEGGER/Config" -I"D:/Udemy/RTOS/RTOS_Workspace/STM32_LedButton_IdleHookFn/Third-Party/SEGGER/OS" -I"D:/Udemy/RTOS/RTOS_Workspace/STM32_LedButton_IdleHookFn/Third-Party/SEGGER/SEGGER" -I"D:/Udemy/RTOS/RTOS_Workspace/STM32_LedButton_IdleHookFn/StdPeriph_Driver/inc" -I"D:/Udemy/RTOS/RTOS_Workspace/STM32_LedButton_IdleHookFn/inc" -I"D:/Udemy/RTOS/RTOS_Workspace/STM32_LedButton_IdleHookFn/CMSIS/device" -I"D:/Udemy/RTOS/RTOS_Workspace/STM32_LedButton_IdleHookFn/CMSIS/core" -O0 -g3 -Wall -fmessage-length=0 -ffunction-sections -c -MMD -MP -MF"Third-Party/FreeRTOS/org/Source/timers.d" -MT"Third-Party/FreeRTOS/org/Source/timers.o" -o "Third-Party/FreeRTOS/org/Source/timers.o" "../Third-Party/FreeRTOS/org/Source/timers.c"
arm-none-eabi-gcc -mcpu=cortex-m4 -mthumb -mfloat-abi=hard -mfpu=fpv4-sp-d16 -DSTM32 -DSTM32F3 -DSTM32F30 -DSTM32F302R8Tx -DNUCLEO_F302R8 -DDEBUG -DSTM32F302x8 -DUSE_STDPERIPH_DRIVER -I"D:/Udemy/RTOS/RTOS_Workspace/STM32_LedButton_IdleHookFn/Utilities/STM32F3xx_Nucleo" -I"D:/Udemy/RTOS/RTOS_Workspace/STM32_LedButton_IdleHookFn/Config" -I"D:/Udemy/RTOS/RTOS_Workspace/STM32_LedButton_IdleHookFn/Third-Party/FreeRTOS/org/Source/include" -I"D:/Udemy/RTOS/RTOS_Workspace/STM32_LedButton_IdleHookFn/Third-Party/FreeRTOS/org/Source/portable/GCC/ARM_CM4F" -I"D:/Udemy/RTOS/RTOS_Workspace/STM32_LedButton_IdleHookFn/Third-Party/SEGGER/Config" -I"D:/Udemy/RTOS/RTOS_Workspace/STM32_LedButton_IdleHookFn/Third-Party/SEGGER/OS" -I"D:/Udemy/RTOS/RTOS_Workspace/STM32_LedButton_IdleHookFn/Third-Party/SEGGER/SEGGER" -I"D:/Udemy/RTOS/RTOS_Workspace/STM32_LedButton_IdleHookFn/StdPeriph_Driver/inc" -I"D:/Udemy/RTOS/RTOS_Workspace/STM32_LedButton_IdleHookFn/inc" -I"D:/Udemy/RTOS/RTOS_Workspace/STM32_LedButton_IdleHookFn/CMSIS/device" -I"D:/Udemy/RTOS/RTOS_Workspace/STM32_LedButton_IdleHookFn/CMSIS/core" -O0 -g3 -Wall -fmessage-length=0 -ffunction-sections -c -MMD -MP -MF"StdPeriph_Driver/src/stm32f30x_adc.d" -MT"StdPeriph_Driver/src/stm32f30x_adc.o" -o "StdPeriph_Driver/src/stm32f30x_adc.o" "../StdPeriph_Driver/src/stm32f30x_adc.c"
D:\Udemy\RTOS\RTOS_Workspace\STM32_LedButton_IdleHookFn\Debug
arm-none-eabi-gcc -mcpu=cortex-m4 -mthumb -mfloat-abi=hard -mfpu=fpv4-sp-d16 -DSTM32 -DSTM32F3 -DSTM32F30 -DSTM32F302R8Tx -DNUCLEO_F302R8 -DDEBUG -DSTM32F302x8 -DUSE_STDPERIPH_DRIVER -I"D:/Udemy/RTOS/RTOS_Workspace/STM32_LedButton_IdleHookFn/Utilities/STM32F3xx_Nucleo" -I"D:/Udemy/RTOS/RTOS_Workspace/STM32_LedButton_IdleHookFn/Config" -I"D:/Udemy/RTOS/RTOS_Workspace/STM32_LedButton_IdleHookFn/Third-Party/FreeRTOS/org/Source/include" -I"D:/Udemy/RTOS/RTOS_Workspace/STM32_LedButton_IdleHookFn/Third-Party/FreeRTOS/org/Source/portable/GCC/ARM_CM4F" -I"D:/Udemy/RTOS/RTOS_Workspace/STM32_LedButton_IdleHookFn/Third-Party/SEGGER/Config" -I"D:/Udemy/RTOS/RTOS_Workspace/STM32_LedButton_IdleHookFn/Third-Party/SEGGER/OS" -I"D:/Udemy/RTOS/RTOS_Workspace/STM32_LedButton_IdleHookFn/Third-Party/SEGGER/SEGGER" -I"D:/Udemy/RTOS/RTOS_Workspace/STM32_LedButton_IdleHookFn/StdPeriph_Driver/inc" -I"D:/Udemy/RTOS/RTOS_Workspace/STM32_LedButton_IdleHookFn/inc" -I"D:/Udemy/RTOS/RTOS_Workspace/STM32_LedButton_IdleHookFn/CMSIS/device" -I"D:/Udemy/RTOS/RTOS_Workspace/STM32_LedButton_IdleHookFn/CMSIS/core" -O0 -g3 -Wall -fmessage-length=0 -ffunction-sections -c -MMD -MP -MF"StdPeriph_Driver/src/stm32f30x_can.d" -MT"StdPeriph_Driver/src/stm32f30x_can.o" -o "StdPeriph_Driver/src/stm32f30x_can.o" "../StdPeriph_Driver/src/stm32f30x_can.c"
Finished building: ../Third-Party/FreeRTOS/org/Source/event_groups.c
Finished building: ../Third-Party/FreeRTOS/org/Source/list.c
 
 
Building file: ../StdPeriph_Driver/src/stm32f30x_comp.c
Building file: ../StdPeriph_Driver/src/stm32f30x_crc.c
Invoking: MCU GCC Compiler
Invoking: MCU GCC Compiler
D:\Udemy\RTOS\RTOS_Workspace\STM32_LedButton_IdleHookFn\Debug
D:\Udemy\RTOS\RTOS_Workspace\STM32_LedButton_IdleHookFn\Debug
arm-none-eabi-gcc -mcpu=cortex-m4 -mthumb -mfloat-abi=hard -mfpu=fpv4-sp-d16 -DSTM32 -DSTM32F3 -DSTM32F30 -DSTM32F302R8Tx -DNUCLEO_F302R8 -DDEBUG -DSTM32F302x8 -DUSE_STDPERIPH_DRIVER -I"D:/Udemy/RTOS/RTOS_Workspace/STM32_LedButton_IdleHookFn/Utilities/STM32F3xx_Nucleo" -I"D:/Udemy/RTOS/RTOS_Workspace/STM32_LedButton_IdleHookFn/Config" -I"D:/Udemy/RTOS/RTOS_Workspace/STM32_LedButton_IdleHookFn/Third-Party/FreeRTOS/org/Source/include" -I"D:/Udemy/RTOS/RTOS_Workspace/STM32_LedButton_IdleHookFn/Third-Party/FreeRTOS/org/Source/portable/GCC/ARM_CM4F" -I"D:/Udemy/RTOS/RTOS_Workspace/STM32_LedButton_IdleHookFn/Third-Party/SEGGER/Config" -I"D:/Udemy/RTOS/RTOS_Workspace/STM32_LedButton_IdleHookFn/Third-Party/SEGGER/OS" -I"D:/Udemy/RTOS/RTOS_Workspace/STM32_LedButton_IdleHookFn/Third-Party/SEGGER/SEGGER" -I"D:/Udemy/RTOS/RTOS_Workspace/STM32_LedButton_IdleHookFn/StdPeriph_Driver/inc" -I"D:/Udemy/RTOS/RTOS_Workspace/STM32_LedButton_IdleHookFn/inc" -I"D:/Udemy/RTOS/RTOS_Workspace/STM32_LedButton_IdleHookFn/CMSIS/device" -I"D:/Udemy/RTOS/RTOS_Workspace/STM32_LedButton_IdleHookFn/CMSIS/core" -O0 -g3 -Wall -fmessage-length=0 -ffunction-sections -c -MMD -MP -MF"StdPeriph_Driver/src/stm32f30x_comp.d" -MT"StdPeriph_Driver/src/stm32f30x_comp.o" -o "StdPeriph_Driver/src/stm32f30x_comp.o" "../StdPeriph_Driver/src/stm32f30x_comp.c"
Finished building: ../Third-Party/FreeRTOS/org/Source/queue.c
arm-none-eabi-gcc -mcpu=cortex-m4 -mthumb -mfloat-abi=hard -mfpu=fpv4-sp-d16 -DSTM32 -DSTM32F3 -DSTM32F30 -DSTM32F302R8Tx -DNUCLEO_F302R8 -DDEBUG -DSTM32F302x8 -DUSE_STDPERIPH_DRIVER -I"D:/Udemy/RTOS/RTOS_Workspace/STM32_LedButton_IdleHookFn/Utilities/STM32F3xx_Nucleo" -I"D:/Udemy/RTOS/RTOS_Workspace/STM32_LedButton_IdleHookFn/Config" -I"D:/Udemy/RTOS/RTOS_Workspace/STM32_LedButton_IdleHookFn/Third-Party/FreeRTOS/org/Source/include" -I"D:/Udemy/RTOS/RTOS_Workspace/STM32_LedButton_IdleHookFn/Third-Party/FreeRTOS/org/Source/portable/GCC/ARM_CM4F" -I"D:/Udemy/RTOS/RTOS_Workspace/STM32_LedButton_IdleHookFn/Third-Party/SEGGER/Config" -I"D:/Udemy/RTOS/RTOS_Workspace/STM32_LedButton_IdleHookFn/Third-Party/SEGGER/OS" -I"D:/Udemy/RTOS/RTOS_Workspace/STM32_LedButton_IdleHookFn/Third-Party/SEGGER/SEGGER" -I"D:/Udemy/RTOS/RTOS_Workspace/STM32_LedButton_IdleHookFn/StdPeriph_Driver/inc" -I"D:/Udemy/RTOS/RTOS_Workspace/STM32_LedButton_IdleHookFn/inc" -I"D:/Udemy/RTOS/RTOS_Workspace/STM32_LedButton_IdleHookFn/CMSIS/device" -I"D:/Udemy/RTOS/RTOS_Workspace/STM32_LedButton_IdleHookFn/CMSIS/core" -O0 -g3 -Wall -fmessage-length=0 -ffunction-sections -c -MMD -MP -MF"StdPeriph_Driver/src/stm32f30x_crc.d" -MT"StdPeriph_Driver/src/stm32f30x_crc.o" -o "StdPeriph_Driver/src/stm32f30x_crc.o" "../StdPeriph_Driver/src/stm32f30x_crc.c"
 
Finished building: ../Third-Party/FreeRTOS/org/Source/stream_buffer.c
Building file: ../StdPeriph_Driver/src/stm32f30x_dac.c
 
Building file: ../StdPeriph_Driver/src/stm32f30x_dbgmcu.c
Invoking: MCU GCC Compiler
Invoking: MCU GCC Compiler
D:\Udemy\RTOS\RTOS_Workspace\STM32_LedButton_IdleHookFn\Debug
arm-none-eabi-gcc -mcpu=cortex-m4 -mthumb -mfloat-abi=hard -mfpu=fpv4-sp-d16 -DSTM32 -DSTM32F3 -DSTM32F30 -DSTM32F302R8Tx -DNUCLEO_F302R8 -DDEBUG -DSTM32F302x8 -DUSE_STDPERIPH_DRIVER -I"D:/Udemy/RTOS/RTOS_Workspace/STM32_LedButton_IdleHookFn/Utilities/STM32F3xx_Nucleo" -I"D:/Udemy/RTOS/RTOS_Workspace/STM32_LedButton_IdleHookFn/Config" -I"D:/Udemy/RTOS/RTOS_Workspace/STM32_LedButton_IdleHookFn/Third-Party/FreeRTOS/org/Source/include" -I"D:/Udemy/RTOS/RTOS_Workspace/STM32_LedButton_IdleHookFn/Third-Party/FreeRTOS/org/Source/portable/GCC/ARM_CM4F" -I"D:/Udemy/RTOS/RTOS_Workspace/STM32_LedButton_IdleHookFn/Third-Party/SEGGER/Config" -I"D:/Udemy/RTOS/RTOS_Workspace/STM32_LedButton_IdleHookFn/Third-Party/SEGGER/OS" -I"D:/Udemy/RTOS/RTOS_Workspace/STM32_LedButton_IdleHookFn/Third-Party/SEGGER/SEGGER" -I"D:/Udemy/RTOS/RTOS_Workspace/STM32_LedButton_IdleHookFn/StdPeriph_Driver/inc" -I"D:/Udemy/RTOS/RTOS_Workspace/STM32_LedButton_IdleHookFn/inc" -I"D:/Udemy/RTOS/RTOS_Workspace/STM32_LedButton_IdleHookFn/CMSIS/device" -I"D:/Udemy/RTOS/RTOS_Workspace/STM32_LedButton_IdleHookFn/CMSIS/core" -O0 -g3 -Wall -fmessage-length=0 -ffunction-sections -c -MMD -MP -MF"StdPeriph_Driver/src/stm32f30x_dac.d" -MT"StdPeriph_Driver/src/stm32f30x_dac.o" -o "StdPeriph_Driver/src/stm32f30x_dac.o" "../StdPeriph_Driver/src/stm32f30x_dac.c"
D:\Udemy\RTOS\RTOS_Workspace\STM32_LedButton_IdleHookFn\Debug
arm-none-eabi-gcc -mcpu=cortex-m4 -mthumb -mfloat-abi=hard -mfpu=fpv4-sp-d16 -DSTM32 -DSTM32F3 -DSTM32F30 -DSTM32F302R8Tx -DNUCLEO_F302R8 -DDEBUG -DSTM32F302x8 -DUSE_STDPERIPH_DRIVER -I"D:/Udemy/RTOS/RTOS_Workspace/STM32_LedButton_IdleHookFn/Utilities/STM32F3xx_Nucleo" -I"D:/Udemy/RTOS/RTOS_Workspace/STM32_LedButton_IdleHookFn/Config" -I"D:/Udemy/RTOS/RTOS_Workspace/STM32_LedButton_IdleHookFn/Third-Party/FreeRTOS/org/Source/include" -I"D:/Udemy/RTOS/RTOS_Workspace/STM32_LedButton_IdleHookFn/Third-Party/FreeRTOS/org/Source/portable/GCC/ARM_CM4F" -I"D:/Udemy/RTOS/RTOS_Workspace/STM32_LedButton_IdleHookFn/Third-Party/SEGGER/Config" -I"D:/Udemy/RTOS/RTOS_Workspace/STM32_LedButton_IdleHookFn/Third-Party/SEGGER/OS" -I"D:/Udemy/RTOS/RTOS_Workspace/STM32_LedButton_IdleHookFn/Third-Party/SEGGER/SEGGER" -I"D:/Udemy/RTOS/RTOS_Workspace/STM32_LedButton_IdleHookFn/StdPeriph_Driver/inc" -I"D:/Udemy/RTOS/RTOS_Workspace/STM32_LedButton_IdleHookFn/inc" -I"D:/Udemy/RTOS/RTOS_Workspace/STM32_LedButton_IdleHookFn/CMSIS/device" -I"D:/Udemy/RTOS/RTOS_Workspace/STM32_LedButton_IdleHookFn/CMSIS/core" -O0 -g3 -Wall -fmessage-length=0 -ffunction-sections -c -MMD -MP -MF"StdPeriph_Driver/src/stm32f30x_dbgmcu.d" -MT"StdPeriph_Driver/src/stm32f30x_dbgmcu.o" -o "StdPeriph_Driver/src/stm32f30x_dbgmcu.o" "../StdPeriph_Driver/src/stm32f30x_dbgmcu.c"
Finished building: ../Third-Party/FreeRTOS/org/Source/tasks.c
Finished building: ../Third-Party/FreeRTOS/org/Source/timers.c
 
 
Building file: ../StdPeriph_Driver/src/stm32f30x_dma.c
Building file: ../StdPeriph_Driver/src/stm32f30x_exti.c
Finished building: ../StdPeriph_Driver/src/stm32f30x_adc.c
Finished building: ../StdPeriph_Driver/src/stm32f30x_can.c
Invoking: MCU GCC Compiler
Invoking: MCU GCC Compiler
 
 
D:\Udemy\RTOS\RTOS_Workspace\STM32_LedButton_IdleHookFn\Debug
D:\Udemy\RTOS\RTOS_Workspace\STM32_LedButton_IdleHookFn\Debug
arm-none-eabi-gcc -mcpu=cortex-m4 -mthumb -mfloat-abi=hard -mfpu=fpv4-sp-d16 -DSTM32 -DSTM32F3 -DSTM32F30 -DSTM32F302R8Tx -DNUCLEO_F302R8 -DDEBUG -DSTM32F302x8 -DUSE_STDPERIPH_DRIVER -I"D:/Udemy/RTOS/RTOS_Workspace/STM32_LedButton_IdleHookFn/Utilities/STM32F3xx_Nucleo" -I"D:/Udemy/RTOS/RTOS_Workspace/STM32_LedButton_IdleHookFn/Config" -I"D:/Udemy/RTOS/RTOS_Workspace/STM32_LedButton_IdleHookFn/Third-Party/FreeRTOS/org/Source/include" -I"D:/Udemy/RTOS/RTOS_Workspace/STM32_LedButton_IdleHookFn/Third-Party/FreeRTOS/org/Source/portable/GCC/ARM_CM4F" -I"D:/Udemy/RTOS/RTOS_Workspace/STM32_LedButton_IdleHookFn/Third-Party/SEGGER/Config" -I"D:/Udemy/RTOS/RTOS_Workspace/STM32_LedButton_IdleHookFn/Third-Party/SEGGER/OS" -I"D:/Udemy/RTOS/RTOS_Workspace/STM32_LedButton_IdleHookFn/Third-Party/SEGGER/SEGGER" -I"D:/Udemy/RTOS/RTOS_Workspace/STM32_LedButton_IdleHookFn/StdPeriph_Driver/inc" -I"D:/Udemy/RTOS/RTOS_Workspace/STM32_LedButton_IdleHookFn/inc" -I"D:/Udemy/RTOS/RTOS_Workspace/STM32_LedButton_IdleHookFn/CMSIS/device" -I"D:/Udemy/RTOS/RTOS_Workspace/STM32_LedButton_IdleHookFn/CMSIS/core" -O0 -g3 -Wall -fmessage-length=0 -ffunction-sections -c -MMD -MP -MF"StdPeriph_Driver/src/stm32f30x_exti.d" -MT"StdPeriph_Driver/src/stm32f30x_exti.o" -o "StdPeriph_Driver/src/stm32f30x_exti.o" "../StdPeriph_Driver/src/stm32f30x_exti.c"
arm-none-eabi-gcc -mcpu=cortex-m4 -mthumb -mfloat-abi=hard -mfpu=fpv4-sp-d16 -DSTM32 -DSTM32F3 -DSTM32F30 -DSTM32F302R8Tx -DNUCLEO_F302R8 -DDEBUG -DSTM32F302x8 -DUSE_STDPERIPH_DRIVER -I"D:/Udemy/RTOS/RTOS_Workspace/STM32_LedButton_IdleHookFn/Utilities/STM32F3xx_Nucleo" -I"D:/Udemy/RTOS/RTOS_Workspace/STM32_LedButton_IdleHookFn/Config" -I"D:/Udemy/RTOS/RTOS_Workspace/STM32_LedButton_IdleHookFn/Third-Party/FreeRTOS/org/Source/include" -I"D:/Udemy/RTOS/RTOS_Workspace/STM32_LedButton_IdleHookFn/Third-Party/FreeRTOS/org/Source/portable/GCC/ARM_CM4F" -I"D:/Udemy/RTOS/RTOS_Workspace/STM32_LedButton_IdleHookFn/Third-Party/SEGGER/Config" -I"D:/Udemy/RTOS/RTOS_Workspace/STM32_LedButton_IdleHookFn/Third-Party/SEGGER/OS" -I"D:/Udemy/RTOS/RTOS_Workspace/STM32_LedButton_IdleHookFn/Third-Party/SEGGER/SEGGER" -I"D:/Udemy/RTOS/RTOS_Workspace/STM32_LedButton_IdleHookFn/StdPeriph_Driver/inc" -I"D:/Udemy/RTOS/RTOS_Workspace/STM32_LedButton_IdleHookFn/inc" -I"D:/Udemy/RTOS/RTOS_Workspace/STM32_LedButton_IdleHookFn/CMSIS/device" -I"D:/Udemy/RTOS/RTOS_Workspace/STM32_LedButton_IdleHookFn/CMSIS/core" -O0 -g3 -Wall -fmessage-length=0 -ffunction-sections -c -MMD -MP -MF"StdPeriph_Driver/src/stm32f30x_dma.d" -MT"StdPeriph_Driver/src/stm32f30x_dma.o" -o "StdPeriph_Driver/src/stm32f30x_dma.o" "../StdPeriph_Driver/src/stm32f30x_dma.c"
Building file: ../StdPeriph_Driver/src/stm32f30x_flash.c
Building file: ../StdPeriph_Driver/src/stm32f30x_gpio.c
Invoking: MCU GCC Compiler
Finished building: ../StdPeriph_Driver/src/stm32f30x_comp.c
Invoking: MCU GCC Compiler
D:\Udemy\RTOS\RTOS_Workspace\STM32_LedButton_IdleHookFn\Debug
Finished building: ../StdPeriph_Driver/src/stm32f30x_crc.c
arm-none-eabi-gcc -mcpu=cortex-m4 -mthumb -mfloat-abi=hard -mfpu=fpv4-sp-d16 -DSTM32 -DSTM32F3 -DSTM32F30 -DSTM32F302R8Tx -DNUCLEO_F302R8 -DDEBUG -DSTM32F302x8 -DUSE_STDPERIPH_DRIVER -I"D:/Udemy/RTOS/RTOS_Workspace/STM32_LedButton_IdleHookFn/Utilities/STM32F3xx_Nucleo" -I"D:/Udemy/RTOS/RTOS_Workspace/STM32_LedButton_IdleHookFn/Config" -I"D:/Udemy/RTOS/RTOS_Workspace/STM32_LedButton_IdleHookFn/Third-Party/FreeRTOS/org/Source/include" -I"D:/Udemy/RTOS/RTOS_Workspace/STM32_LedButton_IdleHookFn/Third-Party/FreeRTOS/org/Source/portable/GCC/ARM_CM4F" -I"D:/Udemy/RTOS/RTOS_Workspace/STM32_LedButton_IdleHookFn/Third-Party/SEGGER/Config" -I"D:/Udemy/RTOS/RTOS_Workspace/STM32_LedButton_IdleHookFn/Third-Party/SEGGER/OS" -I"D:/Udemy/RTOS/RTOS_Workspace/STM32_LedButton_IdleHookFn/Third-Party/SEGGER/SEGGER" -I"D:/Udemy/RTOS/RTOS_Workspace/STM32_LedButton_IdleHookFn/StdPeriph_Driver/inc" -I"D:/Udemy/RTOS/RTOS_Workspace/STM32_LedButton_IdleHookFn/inc" -I"D:/Udemy/RTOS/RTOS_Workspace/STM32_LedButton_IdleHookFn/CMSIS/device" -I"D:/Udemy/RTOS/RTOS_Workspace/STM32_LedButton_IdleHookFn/CMSIS/core" -O0 -g3 -Wall -fmessage-length=0 -ffunction-sections -c -MMD -MP -MF"StdPeriph_Driver/src/stm32f30x_flash.d" -MT"StdPeriph_Driver/src/stm32f30x_flash.o" -o "StdPeriph_Driver/src/stm32f30x_flash.o" "../StdPeriph_Driver/src/stm32f30x_flash.c"
 
D:\Udemy\RTOS\RTOS_Workspace\STM32_LedButton_IdleHookFn\Debug
arm-none-eabi-gcc -mcpu=cortex-m4 -mthumb -mfloat-abi=hard -mfpu=fpv4-sp-d16 -DSTM32 -DSTM32F3 -DSTM32F30 -DSTM32F302R8Tx -DNUCLEO_F302R8 -DDEBUG -DSTM32F302x8 -DUSE_STDPERIPH_DRIVER -I"D:/Udemy/RTOS/RTOS_Workspace/STM32_LedButton_IdleHookFn/Utilities/STM32F3xx_Nucleo" -I"D:/Udemy/RTOS/RTOS_Workspace/STM32_LedButton_IdleHookFn/Config" -I"D:/Udemy/RTOS/RTOS_Workspace/STM32_LedButton_IdleHookFn/Third-Party/FreeRTOS/org/Source/include" -I"D:/Udemy/RTOS/RTOS_Workspace/STM32_LedButton_IdleHookFn/Third-Party/FreeRTOS/org/Source/portable/GCC/ARM_CM4F" -I"D:/Udemy/RTOS/RTOS_Workspace/STM32_LedButton_IdleHookFn/Third-Party/SEGGER/Config" -I"D:/Udemy/RTOS/RTOS_Workspace/STM32_LedButton_IdleHookFn/Third-Party/SEGGER/OS" -I"D:/Udemy/RTOS/RTOS_Workspace/STM32_LedButton_IdleHookFn/Third-Party/SEGGER/SEGGER" -I"D:/Udemy/RTOS/RTOS_Workspace/STM32_LedButton_IdleHookFn/StdPeriph_Driver/inc" -I"D:/Udemy/RTOS/RTOS_Workspace/STM32_LedButton_IdleHookFn/inc" -I"D:/Udemy/RTOS/RTOS_Workspace/STM32_LedButton_IdleHookFn/CMSIS/device" -I"D:/Udemy/RTOS/RTOS_Workspace/STM32_LedButton_IdleHookFn/CMSIS/core" -O0 -g3 -Wall -fmessage-length=0 -ffunction-sections -c -MMD -MP -MF"StdPeriph_Driver/src/stm32f30x_gpio.d" -MT"StdPeriph_Driver/src/stm32f30x_gpio.o" -o "StdPeriph_Driver/src/stm32f30x_gpio.o" "../StdPeriph_Driver/src/stm32f30x_gpio.c"
 
Building file: ../StdPeriph_Driver/src/stm32f30x_hrtim.c
Building file: ../StdPeriph_Driver/src/stm32f30x_i2c.c
Invoking: MCU GCC Compiler
Invoking: MCU GCC Compiler
D:\Udemy\RTOS\RTOS_Workspace\STM32_LedButton_IdleHookFn\Debug
arm-none-eabi-gcc -mcpu=cortex-m4 -mthumb -mfloat-abi=hard -mfpu=fpv4-sp-d16 -DSTM32 -DSTM32F3 -DSTM32F30 -DSTM32F302R8Tx -DNUCLEO_F302R8 -DDEBUG -DSTM32F302x8 -DUSE_STDPERIPH_DRIVER -I"D:/Udemy/RTOS/RTOS_Workspace/STM32_LedButton_IdleHookFn/Utilities/STM32F3xx_Nucleo" -I"D:/Udemy/RTOS/RTOS_Workspace/STM32_LedButton_IdleHookFn/Config" -I"D:/Udemy/RTOS/RTOS_Workspace/STM32_LedButton_IdleHookFn/Third-Party/FreeRTOS/org/Source/include" -I"D:/Udemy/RTOS/RTOS_Workspace/STM32_LedButton_IdleHookFn/Third-Party/FreeRTOS/org/Source/portable/GCC/ARM_CM4F" -I"D:/Udemy/RTOS/RTOS_Workspace/STM32_LedButton_IdleHookFn/Third-Party/SEGGER/Config" -I"D:/Udemy/RTOS/RTOS_Workspace/STM32_LedButton_IdleHookFn/Third-Party/SEGGER/OS" -I"D:/Udemy/RTOS/RTOS_Workspace/STM32_LedButton_IdleHookFn/Third-Party/SEGGER/SEGGER" -I"D:/Udemy/RTOS/RTOS_Workspace/STM32_LedButton_IdleHookFn/StdPeriph_Driver/inc" -I"D:/Udemy/RTOS/RTOS_Workspace/STM32_LedButton_IdleHookFn/inc" -I"D:/Udemy/RTOS/RTOS_Workspace/STM32_LedButton_IdleHookFn/CMSIS/device" -I"D:/Udemy/RTOS/RTOS_Workspace/STM32_LedButton_IdleHookFn/CMSIS/core" -O0 -g3 -Wall -fmessage-length=0 -ffunction-sections -c -MMD -MP -MF"StdPeriph_Driver/src/stm32f30x_hrtim.d" -MT"StdPeriph_Driver/src/stm32f30x_hrtim.o" -o "StdPeriph_Driver/src/stm32f30x_hrtim.o" "../StdPeriph_Driver/src/stm32f30x_hrtim.c"
D:\Udemy\RTOS\RTOS_Workspace\STM32_LedButton_IdleHookFn\Debug
arm-none-eabi-gcc -mcpu=cortex-m4 -mthumb -mfloat-abi=hard -mfpu=fpv4-sp-d16 -DSTM32 -DSTM32F3 -DSTM32F30 -DSTM32F302R8Tx -DNUCLEO_F302R8 -DDEBUG -DSTM32F302x8 -DUSE_STDPERIPH_DRIVER -I"D:/Udemy/RTOS/RTOS_Workspace/STM32_LedButton_IdleHookFn/Utilities/STM32F3xx_Nucleo" -I"D:/Udemy/RTOS/RTOS_Workspace/STM32_LedButton_IdleHookFn/Config" -I"D:/Udemy/RTOS/RTOS_Workspace/STM32_LedButton_IdleHookFn/Third-Party/FreeRTOS/org/Source/include" -I"D:/Udemy/RTOS/RTOS_Workspace/STM32_LedButton_IdleHookFn/Third-Party/FreeRTOS/org/Source/portable/GCC/ARM_CM4F" -I"D:/Udemy/RTOS/RTOS_Workspace/STM32_LedButton_IdleHookFn/Third-Party/SEGGER/Config" -I"D:/Udemy/RTOS/RTOS_Workspace/STM32_LedButton_IdleHookFn/Third-Party/SEGGER/OS" -I"D:/Udemy/RTOS/RTOS_Workspace/STM32_LedButton_IdleHookFn/Third-Party/SEGGER/SEGGER" -I"D:/Udemy/RTOS/RTOS_Workspace/STM32_LedButton_IdleHookFn/StdPeriph_Driver/inc" -I"D:/Udemy/RTOS/RTOS_Workspace/STM32_LedButton_IdleHookFn/inc" -I"D:/Udemy/RTOS/RTOS_Workspace/STM32_LedButton_IdleHookFn/CMSIS/device" -I"D:/Udemy/RTOS/RTOS_Workspace/STM32_LedButton_IdleHookFn/CMSIS/core" -O0 -g3 -Wall -fmessage-length=0 -ffunction-sections -c -MMD -MP -MF"StdPeriph_Driver/src/stm32f30x_i2c.d" -MT"StdPeriph_Driver/src/stm32f30x_i2c.o" -o "StdPeriph_Driver/src/stm32f30x_i2c.o" "../StdPeriph_Driver/src/stm32f30x_i2c.c"
Finished building: ../StdPeriph_Driver/src/stm32f30x_dac.c
 
Finished building: ../StdPeriph_Driver/src/stm32f30x_dbgmcu.c
Building file: ../StdPeriph_Driver/src/stm32f30x_iwdg.c
 
Invoking: MCU GCC Compiler
Building file: ../StdPeriph_Driver/src/stm32f30x_misc.c
D:\Udemy\RTOS\RTOS_Workspace\STM32_LedButton_IdleHookFn\Debug
Invoking: MCU GCC Compiler
arm-none-eabi-gcc -mcpu=cortex-m4 -mthumb -mfloat-abi=hard -mfpu=fpv4-sp-d16 -DSTM32 -DSTM32F3 -DSTM32F30 -DSTM32F302R8Tx -DNUCLEO_F302R8 -DDEBUG -DSTM32F302x8 -DUSE_STDPERIPH_DRIVER -I"D:/Udemy/RTOS/RTOS_Workspace/STM32_LedButton_IdleHookFn/Utilities/STM32F3xx_Nucleo" -I"D:/Udemy/RTOS/RTOS_Workspace/STM32_LedButton_IdleHookFn/Config" -I"D:/Udemy/RTOS/RTOS_Workspace/STM32_LedButton_IdleHookFn/Third-Party/FreeRTOS/org/Source/include" -I"D:/Udemy/RTOS/RTOS_Workspace/STM32_LedButton_IdleHookFn/Third-Party/FreeRTOS/org/Source/portable/GCC/ARM_CM4F" -I"D:/Udemy/RTOS/RTOS_Workspace/STM32_LedButton_IdleHookFn/Third-Party/SEGGER/Config" -I"D:/Udemy/RTOS/RTOS_Workspace/STM32_LedButton_IdleHookFn/Third-Party/SEGGER/OS" -I"D:/Udemy/RTOS/RTOS_Workspace/STM32_LedButton_IdleHookFn/Third-Party/SEGGER/SEGGER" -I"D:/Udemy/RTOS/RTOS_Workspace/STM32_LedButton_IdleHookFn/StdPeriph_Driver/inc" -I"D:/Udemy/RTOS/RTOS_Workspace/STM32_LedButton_IdleHookFn/inc" -I"D:/Udemy/RTOS/RTOS_Workspace/STM32_LedButton_IdleHookFn/CMSIS/device" -I"D:/Udemy/RTOS/RTOS_Workspace/STM32_LedButton_IdleHookFn/CMSIS/core" -O0 -g3 -Wall -fmessage-length=0 -ffunction-sections -c -MMD -MP -MF"StdPeriph_Driver/src/stm32f30x_iwdg.d" -MT"StdPeriph_Driver/src/stm32f30x_iwdg.o" -o "StdPeriph_Driver/src/stm32f30x_iwdg.o" "../StdPeriph_Driver/src/stm32f30x_iwdg.c"
D:\Udemy\RTOS\RTOS_Workspace\STM32_LedButton_IdleHookFn\Debug
arm-none-eabi-gcc -mcpu=cortex-m4 -mthumb -mfloat-abi=hard -mfpu=fpv4-sp-d16 -DSTM32 -DSTM32F3 -DSTM32F30 -DSTM32F302R8Tx -DNUCLEO_F302R8 -DDEBUG -DSTM32F302x8 -DUSE_STDPERIPH_DRIVER -I"D:/Udemy/RTOS/RTOS_Workspace/STM32_LedButton_IdleHookFn/Utilities/STM32F3xx_Nucleo" -I"D:/Udemy/RTOS/RTOS_Workspace/STM32_LedButton_IdleHookFn/Config" -I"D:/Udemy/RTOS/RTOS_Workspace/STM32_LedButton_IdleHookFn/Third-Party/FreeRTOS/org/Source/include" -I"D:/Udemy/RTOS/RTOS_Workspace/STM32_LedButton_IdleHookFn/Third-Party/FreeRTOS/org/Source/portable/GCC/ARM_CM4F" -I"D:/Udemy/RTOS/RTOS_Workspace/STM32_LedButton_IdleHookFn/Third-Party/SEGGER/Config" -I"D:/Udemy/RTOS/RTOS_Workspace/STM32_LedButton_IdleHookFn/Third-Party/SEGGER/OS" -I"D:/Udemy/RTOS/RTOS_Workspace/STM32_LedButton_IdleHookFn/Third-Party/SEGGER/SEGGER" -I"D:/Udemy/RTOS/RTOS_Workspace/STM32_LedButton_IdleHookFn/StdPeriph_Driver/inc" -I"D:/Udemy/RTOS/RTOS_Workspace/STM32_LedButton_IdleHookFn/inc" -I"D:/Udemy/RTOS/RTOS_Workspace/STM32_LedButton_IdleHookFn/CMSIS/device" -I"D:/Udemy/RTOS/RTOS_Workspace/STM32_LedButton_IdleHookFn/CMSIS/core" -O0 -g3 -Wall -fmessage-length=0 -ffunction-sections -c -MMD -MP -MF"StdPeriph_Driver/src/stm32f30x_misc.d" -MT"StdPeriph_Driver/src/stm32f30x_misc.o" -o "StdPeriph_Driver/src/stm32f30x_misc.o" "../StdPeriph_Driver/src/stm32f30x_misc.c"
Finished building: ../StdPeriph_Driver/src/stm32f30x_exti.c
Finished building: ../StdPeriph_Driver/src/stm32f30x_dma.c
 
 
Building file: ../StdPeriph_Driver/src/stm32f30x_opamp.c
Building file: ../StdPeriph_Driver/src/stm32f30x_pwr.c
Finished building: ../StdPeriph_Driver/src/stm32f30x_gpio.c
Finished building: ../StdPeriph_Driver/src/stm32f30x_flash.c
Invoking: MCU GCC Compiler
Invoking: MCU GCC Compiler
 
 
D:\Udemy\RTOS\RTOS_Workspace\STM32_LedButton_IdleHookFn\Debug
D:\Udemy\RTOS\RTOS_Workspace\STM32_LedButton_IdleHookFn\Debug
arm-none-eabi-gcc -mcpu=cortex-m4 -mthumb -mfloat-abi=hard -mfpu=fpv4-sp-d16 -DSTM32 -DSTM32F3 -DSTM32F30 -DSTM32F302R8Tx -DNUCLEO_F302R8 -DDEBUG -DSTM32F302x8 -DUSE_STDPERIPH_DRIVER -I"D:/Udemy/RTOS/RTOS_Workspace/STM32_LedButton_IdleHookFn/Utilities/STM32F3xx_Nucleo" -I"D:/Udemy/RTOS/RTOS_Workspace/STM32_LedButton_IdleHookFn/Config" -I"D:/Udemy/RTOS/RTOS_Workspace/STM32_LedButton_IdleHookFn/Third-Party/FreeRTOS/org/Source/include" -I"D:/Udemy/RTOS/RTOS_Workspace/STM32_LedButton_IdleHookFn/Third-Party/FreeRTOS/org/Source/portable/GCC/ARM_CM4F" -I"D:/Udemy/RTOS/RTOS_Workspace/STM32_LedButton_IdleHookFn/Third-Party/SEGGER/Config" -I"D:/Udemy/RTOS/RTOS_Workspace/STM32_LedButton_IdleHookFn/Third-Party/SEGGER/OS" -I"D:/Udemy/RTOS/RTOS_Workspace/STM32_LedButton_IdleHookFn/Third-Party/SEGGER/SEGGER" -I"D:/Udemy/RTOS/RTOS_Workspace/STM32_LedButton_IdleHookFn/StdPeriph_Driver/inc" -I"D:/Udemy/RTOS/RTOS_Workspace/STM32_LedButton_IdleHookFn/inc" -I"D:/Udemy/RTOS/RTOS_Workspace/STM32_LedButton_IdleHookFn/CMSIS/device" -I"D:/Udemy/RTOS/RTOS_Workspace/STM32_LedButton_IdleHookFn/CMSIS/core" -O0 -g3 -Wall -fmessage-length=0 -ffunction-sections -c -MMD -MP -MF"StdPeriph_Driver/src/stm32f30x_opamp.d" -MT"StdPeriph_Driver/src/stm32f30x_opamp.o" -o "StdPeriph_Driver/src/stm32f30x_opamp.o" "../StdPeriph_Driver/src/stm32f30x_opamp.c"
Building file: ../StdPeriph_Driver/src/stm32f30x_rcc.c
arm-none-eabi-gcc -mcpu=cortex-m4 -mthumb -mfloat-abi=hard -mfpu=fpv4-sp-d16 -DSTM32 -DSTM32F3 -DSTM32F30 -DSTM32F302R8Tx -DNUCLEO_F302R8 -DDEBUG -DSTM32F302x8 -DUSE_STDPERIPH_DRIVER -I"D:/Udemy/RTOS/RTOS_Workspace/STM32_LedButton_IdleHookFn/Utilities/STM32F3xx_Nucleo" -I"D:/Udemy/RTOS/RTOS_Workspace/STM32_LedButton_IdleHookFn/Config" -I"D:/Udemy/RTOS/RTOS_Workspace/STM32_LedButton_IdleHookFn/Third-Party/FreeRTOS/org/Source/include" -I"D:/Udemy/RTOS/RTOS_Workspace/STM32_LedButton_IdleHookFn/Third-Party/FreeRTOS/org/Source/portable/GCC/ARM_CM4F" -I"D:/Udemy/RTOS/RTOS_Workspace/STM32_LedButton_IdleHookFn/Third-Party/SEGGER/Config" -I"D:/Udemy/RTOS/RTOS_Workspace/STM32_LedButton_IdleHookFn/Third-Party/SEGGER/OS" -I"D:/Udemy/RTOS/RTOS_Workspace/STM32_LedButton_IdleHookFn/Third-Party/SEGGER/SEGGER" -I"D:/Udemy/RTOS/RTOS_Workspace/STM32_LedButton_IdleHookFn/StdPeriph_Driver/inc" -I"D:/Udemy/RTOS/RTOS_Workspace/STM32_LedButton_IdleHookFn/inc" -I"D:/Udemy/RTOS/RTOS_Workspace/STM32_LedButton_IdleHookFn/CMSIS/device" -I"D:/Udemy/RTOS/RTOS_Workspace/STM32_LedButton_IdleHookFn/CMSIS/core" -O0 -g3 -Wall -fmessage-length=0 -ffunction-sections -c -MMD -MP -MF"StdPeriph_Driver/src/stm32f30x_pwr.d" -MT"StdPeriph_Driver/src/stm32f30x_pwr.o" -o "StdPeriph_Driver/src/stm32f30x_pwr.o" "../StdPeriph_Driver/src/stm32f30x_pwr.c"
Invoking: MCU GCC Compiler
Building file: ../StdPeriph_Driver/src/stm32f30x_rtc.c
Invoking: MCU GCC Compiler
D:\Udemy\RTOS\RTOS_Workspace\STM32_LedButton_IdleHookFn\Debug
Finished building: ../StdPeriph_Driver/src/stm32f30x_i2c.c
arm-none-eabi-gcc -mcpu=cortex-m4 -mthumb -mfloat-abi=hard -mfpu=fpv4-sp-d16 -DSTM32 -DSTM32F3 -DSTM32F30 -DSTM32F302R8Tx -DNUCLEO_F302R8 -DDEBUG -DSTM32F302x8 -DUSE_STDPERIPH_DRIVER -I"D:/Udemy/RTOS/RTOS_Workspace/STM32_LedButton_IdleHookFn/Utilities/STM32F3xx_Nucleo" -I"D:/Udemy/RTOS/RTOS_Workspace/STM32_LedButton_IdleHookFn/Config" -I"D:/Udemy/RTOS/RTOS_Workspace/STM32_LedButton_IdleHookFn/Third-Party/FreeRTOS/org/Source/include" -I"D:/Udemy/RTOS/RTOS_Workspace/STM32_LedButton_IdleHookFn/Third-Party/FreeRTOS/org/Source/portable/GCC/ARM_CM4F" -I"D:/Udemy/RTOS/RTOS_Workspace/STM32_LedButton_IdleHookFn/Third-Party/SEGGER/Config" -I"D:/Udemy/RTOS/RTOS_Workspace/STM32_LedButton_IdleHookFn/Third-Party/SEGGER/OS" -I"D:/Udemy/RTOS/RTOS_Workspace/STM32_LedButton_IdleHookFn/Third-Party/SEGGER/SEGGER" -I"D:/Udemy/RTOS/RTOS_Workspace/STM32_LedButton_IdleHookFn/StdPeriph_Driver/inc" -I"D:/Udemy/RTOS/RTOS_Workspace/STM32_LedButton_IdleHookFn/inc" -I"D:/Udemy/RTOS/RTOS_Workspace/STM32_LedButton_IdleHookFn/CMSIS/device" -I"D:/Udemy/RTOS/RTOS_Workspace/STM32_LedButton_IdleHookFn/CMSIS/core" -O0 -g3 -Wall -fmessage-length=0 -ffunction-sections -c -MMD -MP -MF"StdPeriph_Driver/src/stm32f30x_rcc.d" -MT"StdPeriph_Driver/src/stm32f30x_rcc.o" -o "StdPeriph_Driver/src/stm32f30x_rcc.o" "../StdPeriph_Driver/src/stm32f30x_rcc.c"
D:\Udemy\RTOS\RTOS_Workspace\STM32_LedButton_IdleHookFn\Debug
arm-none-eabi-gcc -mcpu=cortex-m4 -mthumb -mfloat-abi=hard -mfpu=fpv4-sp-d16 -DSTM32 -DSTM32F3 -DSTM32F30 -DSTM32F302R8Tx -DNUCLEO_F302R8 -DDEBUG -DSTM32F302x8 -DUSE_STDPERIPH_DRIVER -I"D:/Udemy/RTOS/RTOS_Workspace/STM32_LedButton_IdleHookFn/Utilities/STM32F3xx_Nucleo" -I"D:/Udemy/RTOS/RTOS_Workspace/STM32_LedButton_IdleHookFn/Config" -I"D:/Udemy/RTOS/RTOS_Workspace/STM32_LedButton_IdleHookFn/Third-Party/FreeRTOS/org/Source/include" -I"D:/Udemy/RTOS/RTOS_Workspace/STM32_LedButton_IdleHookFn/Third-Party/FreeRTOS/org/Source/portable/GCC/ARM_CM4F" -I"D:/Udemy/RTOS/RTOS_Workspace/STM32_LedButton_IdleHookFn/Third-Party/SEGGER/Config" -I"D:/Udemy/RTOS/RTOS_Workspace/STM32_LedButton_IdleHookFn/Third-Party/SEGGER/OS" -I"D:/Udemy/RTOS/RTOS_Workspace/STM32_LedButton_IdleHookFn/Third-Party/SEGGER/SEGGER" -I"D:/Udemy/RTOS/RTOS_Workspace/STM32_LedButton_IdleHookFn/StdPeriph_Driver/inc" -I"D:/Udemy/RTOS/RTOS_Workspace/STM32_LedButton_IdleHookFn/inc" -I"D:/Udemy/RTOS/RTOS_Workspace/STM32_LedButton_IdleHookFn/CMSIS/device" -I"D:/Udemy/RTOS/RTOS_Workspace/STM32_LedButton_IdleHookFn/CMSIS/core" -O0 -g3 -Wall -fmessage-length=0 -ffunction-sections -c -MMD -MP -MF"StdPeriph_Driver/src/stm32f30x_rtc.d" -MT"StdPeriph_Driver/src/stm32f30x_rtc.o" -o "StdPeriph_Driver/src/stm32f30x_rtc.o" "../StdPeriph_Driver/src/stm32f30x_rtc.c"
 
Building file: ../StdPeriph_Driver/src/stm32f30x_spi.c
Invoking: MCU GCC Compiler
Finished building: ../StdPeriph_Driver/src/stm32f30x_iwdg.c
 
D:\Udemy\RTOS\RTOS_Workspace\STM32_LedButton_IdleHookFn\Debug
arm-none-eabi-gcc -mcpu=cortex-m4 -mthumb -mfloat-abi=hard -mfpu=fpv4-sp-d16 -DSTM32 -DSTM32F3 -DSTM32F30 -DSTM32F302R8Tx -DNUCLEO_F302R8 -DDEBUG -DSTM32F302x8 -DUSE_STDPERIPH_DRIVER -I"D:/Udemy/RTOS/RTOS_Workspace/STM32_LedButton_IdleHookFn/Utilities/STM32F3xx_Nucleo" -I"D:/Udemy/RTOS/RTOS_Workspace/STM32_LedButton_IdleHookFn/Config" -I"D:/Udemy/RTOS/RTOS_Workspace/STM32_LedButton_IdleHookFn/Third-Party/FreeRTOS/org/Source/include" -I"D:/Udemy/RTOS/RTOS_Workspace/STM32_LedButton_IdleHookFn/Third-Party/FreeRTOS/org/Source/portable/GCC/ARM_CM4F" -I"D:/Udemy/RTOS/RTOS_Workspace/STM32_LedButton_IdleHookFn/Third-Party/SEGGER/Config" -I"D:/Udemy/RTOS/RTOS_Workspace/STM32_LedButton_IdleHookFn/Third-Party/SEGGER/OS" -I"D:/Udemy/RTOS/RTOS_Workspace/STM32_LedButton_IdleHookFn/Third-Party/SEGGER/SEGGER" -I"D:/Udemy/RTOS/RTOS_Workspace/STM32_LedButton_IdleHookFn/StdPeriph_Driver/inc" -I"D:/Udemy/RTOS/RTOS_Workspace/STM32_LedButton_IdleHookFn/inc" -I"D:/Udemy/RTOS/RTOS_Workspace/STM32_LedButton_IdleHookFn/CMSIS/device" -I"D:/Udemy/RTOS/RTOS_Workspace/STM32_LedButton_IdleHookFn/CMSIS/core" -O0 -g3 -Wall -fmessage-length=0 -ffunction-sections -c -MMD -MP -MF"StdPeriph_Driver/src/stm32f30x_spi.d" -MT"StdPeriph_Driver/src/stm32f30x_spi.o" -o "StdPeriph_Driver/src/stm32f30x_spi.o" "../StdPeriph_Driver/src/stm32f30x_spi.c"
Building file: ../StdPeriph_Driver/src/stm32f30x_syscfg.c
Invoking: MCU GCC Compiler
Finished building: ../StdPeriph_Driver/src/stm32f30x_hrtim.c
Finished building: ../StdPeriph_Driver/src/stm32f30x_misc.c
D:\Udemy\RTOS\RTOS_Workspace\STM32_LedButton_IdleHookFn\Debug
 
 
arm-none-eabi-gcc -mcpu=cortex-m4 -mthumb -mfloat-abi=hard -mfpu=fpv4-sp-d16 -DSTM32 -DSTM32F3 -DSTM32F30 -DSTM32F302R8Tx -DNUCLEO_F302R8 -DDEBUG -DSTM32F302x8 -DUSE_STDPERIPH_DRIVER -I"D:/Udemy/RTOS/RTOS_Workspace/STM32_LedButton_IdleHookFn/Utilities/STM32F3xx_Nucleo" -I"D:/Udemy/RTOS/RTOS_Workspace/STM32_LedButton_IdleHookFn/Config" -I"D:/Udemy/RTOS/RTOS_Workspace/STM32_LedButton_IdleHookFn/Third-Party/FreeRTOS/org/Source/include" -I"D:/Udemy/RTOS/RTOS_Workspace/STM32_LedButton_IdleHookFn/Third-Party/FreeRTOS/org/Source/portable/GCC/ARM_CM4F" -I"D:/Udemy/RTOS/RTOS_Workspace/STM32_LedButton_IdleHookFn/Third-Party/SEGGER/Config" -I"D:/Udemy/RTOS/RTOS_Workspace/STM32_LedButton_IdleHookFn/Third-Party/SEGGER/OS" -I"D:/Udemy/RTOS/RTOS_Workspace/STM32_LedButton_IdleHookFn/Third-Party/SEGGER/SEGGER" -I"D:/Udemy/RTOS/RTOS_Workspace/STM32_LedButton_IdleHookFn/StdPeriph_Driver/inc" -I"D:/Udemy/RTOS/RTOS_Workspace/STM32_LedButton_IdleHookFn/inc" -I"D:/Udemy/RTOS/RTOS_Workspace/STM32_LedButton_IdleHookFn/CMSIS/device" -I"D:/Udemy/RTOS/RTOS_Workspace/STM32_LedButton_IdleHookFn/CMSIS/core" -O0 -g3 -Wall -fmessage-length=0 -ffunction-sections -c -MMD -MP -MF"StdPeriph_Driver/src/stm32f30x_syscfg.d" -MT"StdPeriph_Driver/src/stm32f30x_syscfg.o" -o "StdPeriph_Driver/src/stm32f30x_syscfg.o" "../StdPeriph_Driver/src/stm32f30x_syscfg.c"
Building file: ../StdPeriph_Driver/src/stm32f30x_tim.c
Building file: ../StdPeriph_Driver/src/stm32f30x_usart.c
Invoking: MCU GCC Compiler
Invoking: MCU GCC Compiler
D:\Udemy\RTOS\RTOS_Workspace\STM32_LedButton_IdleHookFn\Debug
arm-none-eabi-gcc -mcpu=cortex-m4 -mthumb -mfloat-abi=hard -mfpu=fpv4-sp-d16 -DSTM32 -DSTM32F3 -DSTM32F30 -DSTM32F302R8Tx -DNUCLEO_F302R8 -DDEBUG -DSTM32F302x8 -DUSE_STDPERIPH_DRIVER -I"D:/Udemy/RTOS/RTOS_Workspace/STM32_LedButton_IdleHookFn/Utilities/STM32F3xx_Nucleo" -I"D:/Udemy/RTOS/RTOS_Workspace/STM32_LedButton_IdleHookFn/Config" -I"D:/Udemy/RTOS/RTOS_Workspace/STM32_LedButton_IdleHookFn/Third-Party/FreeRTOS/org/Source/include" -I"D:/Udemy/RTOS/RTOS_Workspace/STM32_LedButton_IdleHookFn/Third-Party/FreeRTOS/org/Source/portable/GCC/ARM_CM4F" -I"D:/Udemy/RTOS/RTOS_Workspace/STM32_LedButton_IdleHookFn/Third-Party/SEGGER/Config" -I"D:/Udemy/RTOS/RTOS_Workspace/STM32_LedButton_IdleHookFn/Third-Party/SEGGER/OS" -I"D:/Udemy/RTOS/RTOS_Workspace/STM32_LedButton_IdleHookFn/Third-Party/SEGGER/SEGGER" -I"D:/Udemy/RTOS/RTOS_Workspace/STM32_LedButton_IdleHookFn/StdPeriph_Driver/inc" -I"D:/Udemy/RTOS/RTOS_Workspace/STM32_LedButton_IdleHookFn/inc" -I"D:/Udemy/RTOS/RTOS_Workspace/STM32_LedButton_IdleHookFn/CMSIS/device" -I"D:/Udemy/RTOS/RTOS_Workspace/STM32_LedButton_IdleHookFn/CMSIS/core" -O0 -g3 -Wall -fmessage-length=0 -ffunction-sections -c -MMD -MP -MF"StdPeriph_Driver/src/stm32f30x_tim.d" -MT"StdPeriph_Driver/src/stm32f30x_tim.o" -o "StdPeriph_Driver/src/stm32f30x_tim.o" "../StdPeriph_Driver/src/stm32f30x_tim.c"
D:\Udemy\RTOS\RTOS_Workspace\STM32_LedButton_IdleHookFn\Debug
arm-none-eabi-gcc -mcpu=cortex-m4 -mthumb -mfloat-abi=hard -mfpu=fpv4-sp-d16 -DSTM32 -DSTM32F3 -DSTM32F30 -DSTM32F302R8Tx -DNUCLEO_F302R8 -DDEBUG -DSTM32F302x8 -DUSE_STDPERIPH_DRIVER -I"D:/Udemy/RTOS/RTOS_Workspace/STM32_LedButton_IdleHookFn/Utilities/STM32F3xx_Nucleo" -I"D:/Udemy/RTOS/RTOS_Workspace/STM32_LedButton_IdleHookFn/Config" -I"D:/Udemy/RTOS/RTOS_Workspace/STM32_LedButton_IdleHookFn/Third-Party/FreeRTOS/org/Source/include" -I"D:/Udemy/RTOS/RTOS_Workspace/STM32_LedButton_IdleHookFn/Third-Party/FreeRTOS/org/Source/portable/GCC/ARM_CM4F" -I"D:/Udemy/RTOS/RTOS_Workspace/STM32_LedButton_IdleHookFn/Third-Party/SEGGER/Config" -I"D:/Udemy/RTOS/RTOS_Workspace/STM32_LedButton_IdleHookFn/Third-Party/SEGGER/OS" -I"D:/Udemy/RTOS/RTOS_Workspace/STM32_LedButton_IdleHookFn/Third-Party/SEGGER/SEGGER" -I"D:/Udemy/RTOS/RTOS_Workspace/STM32_LedButton_IdleHookFn/StdPeriph_Driver/inc" -I"D:/Udemy/RTOS/RTOS_Workspace/STM32_LedButton_IdleHookFn/inc" -I"D:/Udemy/RTOS/RTOS_Workspace/STM32_LedButton_IdleHookFn/CMSIS/device" -I"D:/Udemy/RTOS/RTOS_Workspace/STM32_LedButton_IdleHookFn/CMSIS/core" -O0 -g3 -Wall -fmessage-length=0 -ffunction-sections -c -MMD -MP -MF"StdPeriph_Driver/src/stm32f30x_usart.d" -MT"StdPeriph_Driver/src/stm32f30x_usart.o" -o "StdPeriph_Driver/src/stm32f30x_usart.o" "../StdPeriph_Driver/src/stm32f30x_usart.c"
Finished building: ../StdPeriph_Driver/src/stm32f30x_pwr.c
 
Finished building: ../StdPeriph_Driver/src/stm32f30x_opamp.c
Building file: ../StdPeriph_Driver/src/stm32f30x_wwdg.c
 
Invoking: MCU GCC Compiler
Finished building: ../StdPeriph_Driver/src/stm32f30x_rcc.c
D:\Udemy\RTOS\RTOS_Workspace\STM32_LedButton_IdleHookFn\Debug
 
arm-none-eabi-gcc -mcpu=cortex-m4 -mthumb -mfloat-abi=hard -mfpu=fpv4-sp-d16 -DSTM32 -DSTM32F3 -DSTM32F30 -DSTM32F302R8Tx -DNUCLEO_F302R8 -DDEBUG -DSTM32F302x8 -DUSE_STDPERIPH_DRIVER -I"D:/Udemy/RTOS/RTOS_Workspace/STM32_LedButton_IdleHookFn/Utilities/STM32F3xx_Nucleo" -I"D:/Udemy/RTOS/RTOS_Workspace/STM32_LedButton_IdleHookFn/Config" -I"D:/Udemy/RTOS/RTOS_Workspace/STM32_LedButton_IdleHookFn/Third-Party/FreeRTOS/org/Source/include" -I"D:/Udemy/RTOS/RTOS_Workspace/STM32_LedButton_IdleHookFn/Third-Party/FreeRTOS/org/Source/portable/GCC/ARM_CM4F" -I"D:/Udemy/RTOS/RTOS_Workspace/STM32_LedButton_IdleHookFn/Third-Party/SEGGER/Config" -I"D:/Udemy/RTOS/RTOS_Workspace/STM32_LedButton_IdleHookFn/Third-Party/SEGGER/OS" -I"D:/Udemy/RTOS/RTOS_Workspace/STM32_LedButton_IdleHookFn/Third-Party/SEGGER/SEGGER" -I"D:/Udemy/RTOS/RTOS_Workspace/STM32_LedButton_IdleHookFn/StdPeriph_Driver/inc" -I"D:/Udemy/RTOS/RTOS_Workspace/STM32_LedButton_IdleHookFn/inc" -I"D:/Udemy/RTOS/RTOS_Workspace/STM32_LedButton_IdleHookFn/CMSIS/device" -I"D:/Udemy/RTOS/RTOS_Workspace/STM32_LedButton_IdleHookFn/CMSIS/core" -O0 -g3 -Wall -fmessage-length=0 -ffunction-sections -c -MMD -MP -MF"StdPeriph_Driver/src/stm32f30x_wwdg.d" -MT"StdPeriph_Driver/src/stm32f30x_wwdg.o" -o "StdPeriph_Driver/src/stm32f30x_wwdg.o" "../StdPeriph_Driver/src/stm32f30x_wwdg.c"
Finished building: ../StdPeriph_Driver/src/stm32f30x_rtc.c
 
Finished building: ../StdPeriph_Driver/src/stm32f30x_spi.c
 
Finished building: ../StdPeriph_Driver/src/stm32f30x_syscfg.c
 
Finished building: ../StdPeriph_Driver/src/stm32f30x_usart.c
 
Finished building: ../StdPeriph_Driver/src/stm32f30x_wwdg.c
Finished building: ../StdPeriph_Driver/src/stm32f30x_tim.c
 
 
Building target: STM32_LedButton_IdleHookFn.elf
Invoking: MCU GCC Linker
arm-none-eabi-gcc -mcpu=cortex-m4 -mthumb -mfloat-abi=hard -mfpu=fpv4-sp-d16 -T"D:/Udemy/RTOS/RTOS_Workspace/STM32_LedButton_IdleHookFn/LinkerScript.ld" -Wl,-Map=output.map -Wl,--gc-sections -o "STM32_LedButton_IdleHookFn.elf" @"objects.list"   -lm
Finished building target: STM32_LedButton_IdleHookFn.elf
 
make --no-print-directory post-build
Generating binary and Printing size information:
arm-none-eabi-objcopy -O binary "STM32_LedButton_IdleHookFn.elf" "STM32_LedButton_IdleHookFn.bin"
arm-none-eabi-size "STM32_LedButton_IdleHookFn.elf"
   text	   data	    bss	    dec	    hex	filename
  37044	   2564	  13832	  53440	   d0c0	STM32_LedButton_IdleHookFn.elf
 
